{
  "schema": "umi_mast3r_stereo_imu_fusion_v2",
  "result": "PASS",
  "failures": [],
  "slam_supervision": false,
  "external_ground_truth_used": false,
  "algorithm": "MASt3R learned visual trajectory + D405 stereo scale check + 400Hz IMU metric scale/attitude",
  "inputs": {
    "trajectory": "/home/robot/ego_vio_humble/reports/joint_scale_independent_four_20260927/take2/fusion/rescue/mast3r/trajectory_imu_metric.csv",
    "stereo_report": "/home/robot/ego_vio_humble/reports/stereo_spatial_repeatability_20260927/sift_lm_gyro_candidate_ten_v1_measurements/fresh2/stereo/stereo_scale_bidirectional_report.json",
    "additional_stereo_reports": [
      "/home/robot/ego_vio_humble/reports/stereo_spatial_repeatability_20260927/sift_lm_gyro_candidate_ten_v1_measurements/fresh2/stereo/stereo_scale_long_hops_report.json",
      "/home/robot/ego_vio_humble/reports/stereo_spatial_repeatability_20260927/sift_lm_gyro_candidate_ten_v1_measurements/fresh2/stereo/stereo_scale_dense10hz_report.json",
      "/home/robot/ego_vio_humble/reports/stereo_spatial_repeatability_20260927/sift_lm_gyro_candidate_ten_v1_measurements/fresh2/stereo/stereo_scale_multisecond_report.json"
    ],
    "imu_scale_report": "/home/robot/ego_vio_humble/reports/joint_scale_independent_four_20260927/take2/fusion/rescue/mast3r/imu_scale_report.json",
    "session": "/home/robot/umi_ego_vio_data_device2_c48df736/recordings/d405_720p_rgb_stereo_ir_20260927_181501",
    "imu_calibration": "/home/robot/ego_vio_humble/config/imu_runtime_accel_calibrated_raw_gyro_20260816.yaml",
    "vins_spatiotemporal_calibration": "/home/robot/umi_docker2_product_1.0.0-20260829/docker2_release/formal_runtime_calibration/vins_config.yaml",
    "keyframe_dir": "/home/robot/ego_vio_humble/reports/joint_scale_independent_four_20260927/take2/fusion/rescue/mast3r/mast3r_logs/keyframes/dataset",
    "relative_motion_trajectory": "/home/robot/ego_vio_humble/reports/joint_scale_independent_four_20260927/take2/vins_input_retry1/vio_corrected_stream.csv",
    "relative_motion_report": "/home/robot/ego_vio_humble/reports/joint_scale_independent_four_20260927/take2/vins_input_retry1/run_acceptance.json",
    "external_ground_truth_used": false
  },
  "time_alignment": {
    "estimate_td": 0,
    "td_s": -0.009109323,
    "policy": "Docker2 formal fixed td applied exactly once; replay shift is zero"
  },
  "camera_extrinsics": {
    "vins_body_T_left_ir": [
      [
        0.999978007689,
        -0.006162851996,
        0.002450182166,
        -0.013558924583
      ],
      [
        0.002275800784,
        -0.028145157096,
        -0.999601255932,
        -0.023797818217
      ],
      [
        0.006229355357,
        0.999584848518,
        -0.028130512695,
        -0.00960802493
      ],
      [
        0.0,
        0.0,
        0.0,
        1.0
      ]
    ],
    "effective_body_T_trajectory_camera": [
      [
        0.999978007689,
        -0.006162851996,
        0.002450182166,
        -0.013558924583
      ],
      [
        0.002275800784,
        -0.028145157096,
        -0.999601255932,
        -0.023797818217
      ],
      [
        0.006229355357,
        0.999584848518,
        -0.028130512695,
        -0.00960802493
      ],
      [
        0.0,
        0.0,
        0.0,
        1.0
      ]
    ],
    "trajectory_observation_frame": "infrared_left_camera_i",
    "policy": "trajectory camera is the calibrated left IR camera"
  },
  "imu": {
    "calibration_id": "imu_runtime_accel_calibrated_raw_gyro_20260816",
    "runtime_axis_rotation": [
      [
        0.99980212,
        -0.01423891,
        -0.01389161
      ],
      [
        -0.01423891,
        -0.02458715,
        -0.99959628
      ],
      [
        0.01389161,
        0.99959628,
        -0.02478503
      ]
    ],
    "samples": 16001,
    "median_rate_hz": 400.1785672790082
  },
  "stereo_scale_m_per_mast3r_unit": 0.965053359170337,
  "minimum_stereo_sample_hop": 1,
  "learned_stereo_policy": {
    "minimum_confidence": 0.0,
    "translation_only": false
  },
  "metric_scale_consistency": {
    "imu_scale_m_per_mast3r_unit": 0.9643572105249454,
    "stereo_scale_m_per_mast3r_unit": 0.965053359170337,
    "joint_scale_m_per_mast3r_unit": 0.9647052220534698,
    "relative_difference": 0.0007216179452168399,
    "maximum_relative_difference": 0.15,
    "consistent": true,
    "selected_scale_m_per_mast3r_unit": 0.9647052220534698,
    "selection_policy": "equal_weight_log_mean"
  },
  "orientation_node_stride": 10,
  "position_node_stride": 5,
  "keyframe_only_correction_nodes": false,
  "position_fusion_selection": {
    "requested_mode": "keyframe-graph",
    "selected_mode": "keyframe-graph",
    "policy": "explicit_cli_selection",
    "projected_max_scale_disagreement_ratio": null,
    "visual_position_sigma": {
      "enabled": true,
      "requested_sigma_m": 0.02,
      "selected_sigma_m": 0.02,
      "weak_visual_sigma_m": 0.04,
      "position_disagreement_p95_m": 0.02078962281965919,
      "trigger_disagreement_m": 0.05,
      "relaxed": false,
      "reason": "independent_onboard_trajectories_consistent",
      "external_ground_truth_used": false
    }
  },
  "keyframe_graph": {
    "source": "/home/robot/ego_vio_humble/reports/joint_scale_independent_four_20260927/take2/fusion/rescue/mast3r/mast3r_logs/keyframes/dataset",
    "saved_keyframes": 87,
    "matched_keyframes": 87,
    "skipped_missing_pose_keyframes": 0,
    "max_skipped_timestamp_match_error_s": 0.0,
    "max_missing_pose_gap_s": 0.0,
    "correction_nodes": 305,
    "max_timestamp_match_error_s": 0.007835626602172852,
    "keyframe_nodes": 87,
    "regular_nodes": 241,
    "maximum_gap_frames": 5
  },
  "relative_motion_alignment": {
    "alignment": "robust_SE3_relative_motion_to_visual_body_no_scale",
    "rotation": [
      [
        0.9999905413366263,
        0.002948433045236412,
        0.0031974958730800578
      ],
      [
        0.00403195588172512,
        -0.3527113226067894,
        -0.9357234988161504
      ],
      [
        -0.001631125086689847,
        0.935727540284856,
        -0.3527198743810803
      ]
    ],
    "translation_m": [
      0.010891852360736955,
      0.010138524987181236,
      -0.023631705750714518
    ],
    "position_disagreement_median_m": 0.0049472875201249916,
    "position_disagreement_p95_m": 0.02078962281965919,
    "inlier_position_disagreement_median_m": 0.0033324816811401525,
    "inlier_position_disagreement_p95_m": 0.013570176197747611,
    "alignment_inliers": 957,
    "alignment_outliers": 186,
    "overlap_samples": 1143,
    "overlap_ratio": 0.9532944120100083,
    "source_validation": {
      "source_result": "PASS",
      "source_failures": [],
      "policy": "accepted_passed_relative_odometry"
    }
  },
  "rotation_fusion": {
    "windows": 120,
    "before_median_deg": 0.13657496670076724,
    "before_p95_deg": 1.892213416722437,
    "after_median_deg": 0.13436398643148012,
    "after_p95_deg": 0.8966219714859394,
    "orientation_correction_requested_max_deg": 6.807304216919808,
    "orientation_correction_scale": 0.58760411941894,
    "orientation_correction_median_deg": 0.9974058081018875,
    "orientation_correction_max_deg": 4.0,
    "orientation_correction_limit_deg": 4.0,
    "orientation_correction_limit_policy": "stereo_strongly_supports_imu",
    "stereo_rotation_edges": 1353,
    "visual_downweighted_nodes": 81,
    "stereo_visual_before_median_deg": 0.5628314214519495,
    "stereo_visual_before_p95_deg": 2.6691716873729256,
    "stereo_imu_before_median_deg": 0.23542816012470272,
    "stereo_imu_before_p95_deg": 0.8633956186641333,
    "stereo_rotation_after_median_deg": 0.4129708521747046,
    "stereo_rotation_after_p95_deg": 1.4693857425152452,
    "optimizer_success": true,
    "optimizer_status": 2,
    "optimizer_message": "`ftol` termination condition is satisfied.",
    "optimizer_nfev": 12,
    "optimizer_cost": 525.7681886474065,
    "optimizer_optimality": 0.8563805676116978
  },
  "trajectory_frame_alignment": {
    "method": "robust_stereo_translation_direction_wahba",
    "accepted": true,
    "rejection_reason": null,
    "edges": 1374,
    "inliers": 1178,
    "before_median_deg": 1.3279803916962556,
    "before_p95_deg": 3.8110012958282047,
    "after_median_deg": 1.3181503184047285,
    "after_p95_deg": 3.767420502402044,
    "correction_rotvec_deg": [
      0.01224508975723204,
      0.10664704497187255,
      0.23901335905952903
    ],
    "correction_requested_deg": 0.26201320621929464,
    "correction_applied_deg": 0.26201320621929464,
    "correction_limit_deg": 2.0,
    "correction_limit_scale": 1.0,
    "correction_applied_scale": 1.0,
    "correction_limited": false,
    "requested_after_median_deg": 1.3181503184052816,
    "median_improvement_ratio": 0.007402272919420003,
    "minimum_median_improvement_ratio": 0.005,
    "external_ground_truth_used": false
  },
  "stereo_translation_fusion": {
    "mode": "keyframe_graph_visual_stereo_imu_preintegration",
    "node_policy": "mast3r_keyframes",
    "anchor_policy": "first_node_only",
    "joint_metric_scale": {
      "enabled": true,
      "sufficient_translation": true,
      "estimated_ratio": 1.0225048002778419,
      "scale_domain": "camera_translation_about_first_camera_position",
      "rigid_camera_lever_scaled": false,
      "external_ground_truth_used": false,
      "ratio_is_pre_correction_cap": true
    },
    "stationary_motion_guard": {
      "external_ground_truth_used": false,
      "policy": "visual_vins_imu_consensus_preserve_relative_motion",
      "protected_frames": 423,
      "relative_correction_sigma_m": 0.0005,
      "minimum_duration_s": 1.0,
      "maximum_motion_range_m": 0.001,
      "segments": [
        {
          "first_index": 56,
          "last_index": 101,
          "start_s": 628501.877204418,
          "end_s": 628503.372929573
        },
        {
          "first_index": 103,
          "last_index": 152,
          "start_s": 628503.439613819,
          "end_s": 628505.07294631
        },
        {
          "first_index": 175,
          "last_index": 278,
          "start_s": 628505.839632988,
          "end_s": 628509.27345705
        },
        {
          "first_index": 280,
          "last_index": 329,
          "start_s": 628509.340136766,
          "end_s": 628510.973538637
        },
        {
          "first_index": 331,
          "last_index": 372,
          "start_s": 628511.040204287,
          "end_s": 628512.406846762
        },
        {
          "first_index": 373,
          "last_index": 503,
          "start_s": 628512.440179586,
          "end_s": 628516.774013996
        }
      ]
    },
    "visual_position_sigma_m": 0.02,
    "nodes": 305,
    "node_stride": 10,
    "stereo_edges": 1405,
    "stereo_edge_rmse_before_m": 0.006398879283455565,
    "stereo_edge_rmse_after_m": 0.0030161563463070537,
    "position_correction_requested_max_m": 0.02571749619557525,
    "position_correction_median_m": 0.003283922043532415,
    "position_correction_p95_m": 0.015837441673638153,
    "position_correction_max_m": 0.025,
    "position_correction_limit_m": 0.025,
    "correction_scale": 0.9721008534377193,
    "correction_cap_mode": "per-node",
    "correction_interpolation_mode": "linear",
    "correction_clipped_frames": 9,
    "gravity_prior_mps2": [
      -0.03682246635673628,
      9.153337094187163,
      3.5192965729885146
    ],
    "gravity_solution_mps2": [
      0.1543841745690814,
      9.238628445651988,
      3.4752036739219765
    ],
    "accel_bias_solution_mps2": [
      0.17345827343086942,
      0.049757312954421276,
      0.15368187539933212
    ],
    "static_gravity_samples": 2456,
    "robust_edge_inliers": 1400,
    "stereo_prior_weight_median": 0.511602600971919,
    "stereo_prior_weight_p10": 0.13075212388719565,
    "local_stereo_scale_state": {
      "observations": 1353,
      "global_scale_m_per_mast3r_unit": 0.965053359170337,
      "radius_frames": 45.0,
      "downweighted_queries": 12,
      "visual_prior_weight_min": 0.3201465742130898,
      "visual_prior_weight_median": 1.0,
      "local_scale_log_deviation_p95": 0.1172983386607468,
      "local_scale_relative_span_p95": 0.5324617362577816,
      "edge_reference_scale_log_deviation_p95": 0.11303240833241426
    },
    "robust_imu_position_inliers": 304,
    "robust_imu_velocity_inliers": 304,
    "relative_motion_edges": 292,
    "relative_motion_sigma_m": 0.008,
    "relative_motion_initial_disagreement_p95_m": 0.005760359490782296,
    "initial_robust_relative_motion_inliers": 289,
    "relative_motion_rmse_before_m": 0.003246608527390492,
    "relative_motion_rmse_after_m": 0.0015024648083673297,
    "robust_relative_motion_inliers": 292,
    "linear_system_rows": 9048,
    "linear_system_unknowns": 1837
  },
  "full_rate_imu_position_refinement": {
    "mode": "full_rate_imu_acceleration_robust_position_refinement",
    "stationary_motion_guard": {
      "external_ground_truth_used": false,
      "policy": "visual_vins_imu_consensus_preserve_relative_motion",
      "protected_frames": 423,
      "relative_correction_sigma_m": 0.0005,
      "minimum_duration_s": 1.0,
      "maximum_motion_range_m": 0.001,
      "segments": [
        {
          "first_index": 56,
          "last_index": 101,
          "start_s": 628501.877204418,
          "end_s": 628503.372929573
        },
        {
          "first_index": 103,
          "last_index": 152,
          "start_s": 628503.439613819,
          "end_s": 628505.07294631
        },
        {
          "first_index": 175,
          "last_index": 278,
          "start_s": 628505.839632988,
          "end_s": 628509.27345705
        },
        {
          "first_index": 280,
          "last_index": 329,
          "start_s": 628509.340136766,
          "end_s": 628510.973538637
        },
        {
          "first_index": 331,
          "last_index": 372,
          "start_s": 628511.040204287,
          "end_s": 628512.406846762
        },
        {
          "first_index": 373,
          "last_index": 503,
          "start_s": 628512.440179586,
          "end_s": 628516.774013996
        }
      ]
    },
    "frames": 1199,
    "imu_rate_hz": 400.1785672790082,
    "visual_downweighted_frames": 106,
    "acceleration_residual_before_p95_mps2": 3.017376479797915,
    "acceleration_residual_after_p95_mps2": 0.4858711635694298,
    "acceleration_residual_before_max_mps2": 17.741864721699628,
    "acceleration_residual_after_max_mps2": 1.2056552808276846,
    "correction_requested_max_m": 0.008175855332054092,
    "correction_median_m": 0.00013829372914363392,
    "correction_p95_m": 0.0020278281650479143,
    "correction_max_m": 0.008175855332054092,
    "correction_limit_m": 0.02,
    "correction_scale": 1.0,
    "robust_dynamic_inliers": 1197,
    "visual_sigma_base_m": 0.0015,
    "visual_activation_gain": 5.0,
    "dynamic_sigma_mps2": 0.75
  },
  "accelerometer_consistency_before": {
    "windows": 120,
    "gravity_mps2": [
      0.08566184601427308,
      9.102004919881727,
      3.556039184629328
    ],
    "gravity_norm_mps2": 9.772371574803783,
    "equation_rmse": 0.02586166551790835,
    "rank": 366,
    "unknowns": 366,
    "condition_number": 12.170270580112032
  },
  "accelerometer_consistency_after_position": {
    "windows": 120,
    "gravity_mps2": [
      0.0856628387585416,
      9.10204283724735,
      3.556027067453961
    ],
    "gravity_norm_mps2": 9.772402490559584,
    "equation_rmse": 0.025768015299591156,
    "rank": 366,
    "unknowns": 366,
    "condition_number": 12.170270580112032
  },
  "inertial_position_rmse_regression_ratio": -0.0036211982655310893,
  "maximum_inertial_position_rmse_regression_ratio": 0.01,
  "accelerometer_consistency": {
    "windows": 120,
    "gravity_mps2": [
      0.05431668050499048,
      9.101573063564619,
      3.557842599849879
    ],
    "gravity_norm_mps2": 9.772401265732627,
    "equation_rmse": 0.025765145752609384,
    "rank": 366,
    "unknowns": 366,
    "condition_number": 12.170270580112032
  },
  "failed_output_written_for_diagnostics": false,
  "output": "/home/robot/ego_vio_humble/reports/metric_window_bundle_20260928/seam_graph_full_ten_v1/joint/fresh2/trajectory_graph.csv",
  "scale_disagreement_policy": "diagnose",
  "blocking_failures": [],
  "tolerated_failures": [],
  "full_seam_pair_window_integration": {
    "schema": "mast3r_full_seam_pair_factor_manifest_v1",
    "metric_source": "stereo_window_full_seam_pair_v1",
    "mode": "joint",
    "case": "fresh2",
    "factor_count": 52,
    "pair_level_group_count": 29,
    "accepted_pair_groups": 26,
    "factors_sha256": "01e6ee36e8cbfb4ae4ddeab4ae2e83e608a28adb9f36288b41dfe0ebfe5d93ba",
    "manifest": "/home/robot/ego_vio_humble/reports/metric_window_bundle_20260928/seam_graph_full_ten_v1/joint/fresh2/graph_fusion_report_full_seam_pair_factors.json",
    "fixed_penalty_m": 0.004,
    "fixed_penalty_role": "regularization_not_stochastic_sigma",
    "calibrated_covariance": false,
    "statistical_independence_claimed": false,
    "external_ground_truth_used": false,
    "experiment_status": "research_fixedcost_not_promoted"
  }
}
