单元: ['left_hand']
实时 VIO 单元: ['left_hand']
[ov_left_hand] ROS2 bridge publishing /imu0 + /cam0/image_raw + /cam1/image_raw (async images)
[left_hand] 相机固定曝光 20000 us, gain=48
[left_hand] 相机 OK serial='260322273737'
[left_hand] IMU OK @ /dev/serial/by-id/usb-1a86_USB_Single_Serial_5B7E005674-if00
[runtime] 录制目录: recordings/session_20260816_143935
[runtime] Ctrl-C 停止。
---- stats ----
[left_hand] IMU 403Hz ok=1209 drop=1 reset=0 stall=0 reconn=0 bad=1 jit=0.7ms | CAM 30.0fps jit=6.6ms | ROS pub imu=709 cam=58 drop=30 q=0
---- stats ----
[left_hand] IMU 401Hz ok=2411 drop=1 reset=0 stall=0 reconn=0 bad=1 jit=5.1ms | CAM 30.0fps jit=6.6ms | ROS pub imu=1911 cam=148 drop=30 q=0
---- stats ----
[left_hand] IMU 401Hz ok=3613 drop=1 reset=0 stall=0 reconn=0 bad=1 jit=4.6ms | CAM 30.0fps jit=6.6ms | ROS pub imu=3113 cam=238 drop=30 q=0
---- stats ----
[left_hand] IMU 401Hz ok=4815 drop=1 reset=0 stall=0 reconn=0 bad=1 jit=4.5ms | CAM 30.0fps jit=6.6ms | ROS pub imu=4315 cam=328 drop=30 q=0
---- stats ----
[left_hand] IMU 401Hz ok=6016 drop=1 reset=0 stall=0 reconn=0 bad=1 jit=4.6ms | CAM 30.0fps jit=6.6ms | ROS pub imu=5516 cam=418 drop=30 q=0
---- stats ----
[left_hand] IMU 400Hz ok=7218 drop=1 reset=0 stall=0 reconn=0 bad=1 jit=4.7ms | CAM 30.0fps jit=6.6ms | ROS pub imu=6718 cam=508 drop=30 q=0
---- stats ----
[left_hand] IMU 400Hz ok=8420 drop=1 reset=0 stall=0 reconn=0 bad=1 jit=4.3ms | CAM 30.0fps jit=6.6ms | ROS pub imu=7920 cam=598 drop=30 q=0
---- stats ----
[left_hand] IMU 400Hz ok=9622 drop=1 reset=0 stall=0 reconn=0 bad=1 jit=1.0ms | CAM 30.0fps jit=1.9ms | ROS pub imu=9122 cam=688 drop=30 q=0
---- stats ----
[left_hand] IMU 400Hz ok=10824 drop=1 reset=0 stall=0 reconn=0 bad=1 jit=0.7ms | CAM 30.0fps jit=1.4ms | ROS pub imu=10324 cam=779 drop=30 q=0
---- stats ----
[left_hand] IMU 400Hz ok=12025 drop=1 reset=0 stall=0 reconn=0 bad=1 jit=0.8ms | CAM 30.0fps jit=2.2ms | ROS pub imu=11525 cam=869 drop=30 q=0

[runtime] 停止中...
[ov_left_hand] 共丢弃 30 帧图像, 发布 870
[runtime] 已停止。
