单元: ['left_hand']
实时 VIO 单元: ['left_hand']
[ov_left_hand] ROS2 bridge publishing /imu0 + /cam0/image_raw + /cam1/image_raw (async images)
[left_hand] 相机固定曝光 20000 us, gain=48
[left_hand] 相机 OK serial='260322273737'
[left_hand] IMU OK @ /dev/serial/by-id/usb-1a86_USB_Single_Serial_5B7E005674-if00
[runtime] 录制目录: recordings/session_20260816_144027
[runtime] Ctrl-C 停止。
---- stats ----
[left_hand] IMU 402Hz ok=1207 drop=1 reset=0 stall=0 reconn=0 bad=3 jit=2.1ms | CAM 30.0fps jit=6.2ms | ROS pub imu=707 cam=57 drop=30 q=0
---- stats ----
[left_hand] IMU 401Hz ok=2409 drop=1 reset=0 stall=0 reconn=0 bad=3 jit=5.4ms | CAM 30.0fps jit=6.2ms | ROS pub imu=1909 cam=147 drop=30 q=0
---- stats ----
[left_hand] IMU 401Hz ok=3613 drop=1 reset=0 stall=0 reconn=0 bad=3 jit=6.4ms | CAM 30.0fps jit=6.2ms | ROS pub imu=3113 cam=238 drop=30 q=0
---- stats ----
[left_hand] IMU 401Hz ok=4815 drop=1 reset=0 stall=0 reconn=0 bad=3 jit=5.2ms | CAM 30.0fps jit=9.7ms | ROS pub imu=4315 cam=328 drop=30 q=0
---- stats ----
[left_hand] IMU 400Hz ok=6017 drop=1 reset=0 stall=0 reconn=0 bad=3 jit=5.8ms | CAM 30.0fps jit=9.7ms | ROS pub imu=5517 cam=418 drop=30 q=0
---- stats ----
[left_hand] IMU 400Hz ok=7219 drop=1 reset=0 stall=0 reconn=0 bad=3 jit=5.6ms | CAM 30.0fps jit=9.7ms | ROS pub imu=6719 cam=508 drop=30 q=0
---- stats ----
[left_hand] IMU 400Hz ok=8421 drop=1 reset=0 stall=0 reconn=0 bad=3 jit=5.4ms | CAM 30.0fps jit=9.7ms | ROS pub imu=7921 cam=598 drop=30 q=0
---- stats ----
[left_hand] IMU 400Hz ok=9622 drop=1 reset=0 stall=0 reconn=0 bad=3 jit=1.7ms | CAM 30.0fps jit=9.7ms | ROS pub imu=9122 cam=688 drop=30 q=0
---- stats ----
[left_hand] IMU 400Hz ok=10826 drop=1 reset=0 stall=0 reconn=0 bad=3 jit=2.4ms | CAM 30.0fps jit=9.7ms | ROS pub imu=10326 cam=779 drop=30 q=0
---- stats ----
[left_hand] IMU 400Hz ok=12027 drop=1 reset=0 stall=0 reconn=0 bad=3 jit=3.5ms | CAM 30.0fps jit=9.7ms | ROS pub imu=11527 cam=869 drop=30 q=0

[runtime] 停止中...
[ov_left_hand] 共丢弃 30 帧图像, 发布 870
[runtime] 已停止。
