libsurvive version  (backend Eigen)
Config file is /home/robot/ego_vio_humble/reports/lighthouse_world_repair_20260926.mI7gAT/candidate.json
Available Posers:
	*MPFIT
	 KalmanOnly
	 BaryCentricSVD
	 Dummy
Totals 4 Posers.
Using 'MPFIT' for poser
Available Disambiguators:
	*StateBased
Totals 1 Disambiguators.
Using 'StateBased' for disambiguator
Using playback file 'reports/lighthouse_umi_sessions/20260926_170502_raw_optical_diagnostic_v13/lighthouse_raw.rec' with timefactor of 0.000000 until -1.000000
Loaded drivers: GlobalSceneSolver, Playback
Force calibrate flag set -- clearing position on all lighthouses
Tracker config for [0;31mWM0[0m (16 state count)
Adding tracked object [0;31mWM0[0m from [0;32mreplay[0m
Found WM0 in playback file...
OOTX not set for LH 1; attaching ootx decoder using device WM0
OOTX not set for LH 0; attaching ootx decoder using device WM0
Detected LH gen 2 system.
Adding scene (1) for WM0 at 1.9123 (0.271835)
Scene with pose (WM0) +0.000000e+00   +0.000000e+00   +0.000000e+00	+0.000000e+00   +0.000000e+00   +0.000000e+00   +0.000000e+00 0.0516
4 7 Measurements for 0
9 8 Measurements for 1
Scene with lh (1) +0.000000e+00   +0.000000e+00   +0.000000e+00	+0.000000e+00   +0.000000e+00   +0.000000e+00   +0.000000e+00
Best object for fixing was [0;31mWM0[0m (0)
Locking Obj 0
Initial LH pose from [0;31mWM0[0m (0) +2.244975e-02   +6.269470e-01   +2.885143e-01	-1.998686e-01   -1.737652e-01   +5.762689e-01   +7.731574e-01
Initial LH pose from [0;31mWM0[0m (1) +1.458669e-01   -1.258619e+00   +2.625715e-01	-7.744973e-01   -6.304180e-01   -2.355364e-02   -4.660808e-02
MPFIT success 34316.696975/121.0072655018/0.0002283 (20 measurements, 1, MP_OK_CHI, 5 iters, up err 0.0024019, trace 0.0000163)
Global solve with 1 scenes for 1 with error of 34316.696975/121.0072655018 (acc err 0.0016)
Using LH 1 (6e49384f) as reference lighthouse
Position found for LH 1(ID: 6e49384f, mode:  2, err: 0.001606) -2.775558e-17   +1.199355e+00   +2.476486e-01	+8.179023e-03   -1.662921e-02   -6.288662e-01   -7.772927e-01
Solved scene with pose ([0;31mWM0[0m) +0.000000e+00   +0.000000e+00   +0.000000e+00	+6.259402e-02   -1.583952e-01   +2.789517e-02   +9.849948e-01 0.0000 Var: +0.000000e+00   +0.000000e+00   +0.000000e+00   +0.000000e+00   +3.634265e-06   +3.328318e-06   +9.648401e-08
Solved scene with lh 0 +0.000000e+00   +0.000000e+00   +0.000000e+00	+0.000000e+00   +0.000000e+00   +0.000000e+00   +0.000000e+00
Solved scene with lh 1 -2.775558e-17   +1.199355e+00   +2.476486e-01	+8.179023e-03   -1.662921e-02   -6.288662e-01   -7.772927e-01
Setting min report time for [0;31mWM0[0m to 4.000000 ms
Adding scene (2) for WM0 at 4.7685 (3.126091)
Scene with pose (WM0) +0.000000e+00   +0.000000e+00   +0.000000e+00	+6.259402e-02   -1.583952e-01   +2.789517e-02   +9.849948e-01 0.0000
Scene with pose (WM0) -6.674797e-05   -1.065700e-03   -2.968097e-04	+6.348893e-02   -1.580382e-01   +2.763842e-02   +9.850021e-01 0.0000
10 15 Measurements for 0
Scene with lh (0) +0.000000e+00   +0.000000e+00   +0.000000e+00	+0.000000e+00   +0.000000e+00   +0.000000e+00   +0.000000e+00
18 17 Measurements for 1
Scene with lh (1) -2.775558e-17   +1.199355e+00   +2.476486e-01	+8.179023e-03   -1.662921e-02   -6.288662e-01   -7.772927e-01
Best object for fixing was [0;31mWM0[0m (0)
Locking LH 1
Initial LH pose from [0;31mWM0[0m (0) -1.017900e-01   -6.189914e-01   +2.886095e-01	-7.843829e-01   -5.859981e-01   -1.366797e-01   -1.505601e-01
MPFIT success 191155.196583/549.5197138857/0.0002775 (66 measurements, 3, MP_OK_BOTH, 6 iters, up err 0.0027096, trace 0.0000094)
Global solve with 2 scenes for 0 with error of 191155.196583/549.5197138857 (acc err 0.0025)
Global solve with 2 scenes for 1 with error of 191155.196583/549.5197138857 (acc err 0.0017)
Using LH 1 (6e49384f) as reference lighthouse
Position found for LH 0(ID: 9d67e4bd, mode:  3, err: 0.002507) -7.442448e-02   -5.721117e-01   +2.700788e-01	-7.779812e-01   -5.904409e-01   -1.540962e-01   -1.495971e-01
Solved scene with pose ([0;31mWM0[0m) -3.681395e-04   -1.467063e-03   -3.103068e-03	+6.323565e-02   -1.589112e-01   +2.769485e-02   +9.848764e-01 0.0000 Var: +3.102412e-06   +3.575150e-05   +1.596988e-04   +7.963411e-06   +4.042620e-06   +4.766213e-06   +1.417819e-07
Solved scene with pose ([0;31mWM0[0m) -3.718310e-04   -1.614009e-03   -3.084606e-03	+6.277587e-02   -1.579703e-01   +2.771036e-02   +9.850567e-01 0.0000 Var: +3.101007e-06   +3.591656e-05   +1.597134e-04   +7.961626e-06   +4.040425e-06   +4.770414e-06   +1.398138e-07
Solved scene with lh 0 -7.442448e-02   -5.721117e-01   +2.700788e-01	-7.779812e-01   -5.904409e-01   -1.540962e-01   -1.495971e-01
Solved scene with lh 1 -1.284028e-11   +1.199355e+00   +2.476486e-01	+8.476953e-03   -1.703003e-02   -6.279978e-01   -7.779826e-01
Adding scene (3) for WM0 at 40.7839 (0.271835)
Scene with pose (WM0) -3.681395e-04   -1.467063e-03   -3.103068e-03	+6.323565e-02   -1.589112e-01   +2.769485e-02   +9.848764e-01 0.0000
Scene with pose (WM0) -3.718310e-04   -1.614009e-03   -3.084606e-03	+6.277587e-02   -1.579703e-01   +2.771036e-02   +9.850567e-01 0.0000
Scene with pose (WM0) -5.989752e-03   -2.659230e-02   -1.266908e-03	+3.210070e-02   -1.601517e-01   +2.299845e-02   +9.863022e-01 0.0000
15 23 Measurements for 0
Scene with lh (0) -7.442448e-02   -5.721117e-01   +2.700788e-01	-7.779812e-01   -5.904409e-01   -1.540962e-01   -1.495971e-01
26 24 Measurements for 1
Scene with lh (1) -2.775558e-17   +1.199355e+00   +2.476486e-01	+8.179023e-03   -1.662921e-02   -6.288662e-01   -7.772927e-01
Best object for fixing was [0;31mWM0[0m (0)
Locking LH 1
MPFIT success 6100.121513/731.0156763286/0.0002697 (95 measurements, 1, MP_OK_CHI, 5 iters, up err 0.0021244, trace 0.0000115)
Global solve with 3 scenes for 0 with error of 6100.121513/731.0156763286 (acc err 0.0025)
Global solve with 3 scenes for 1 with error of 6100.121513/731.0156763286 (acc err 0.0017)
Using LH 1 (6e49384f) as reference lighthouse
Solved scene with pose ([0;31mWM0[0m) -2.975120e-04   -2.477529e-04   -2.329313e-03	+6.256312e-02   -1.591223e-01   +2.781002e-02   +9.848820e-01 0.0000 Var: +2.329295e-06   +2.772128e-05   +1.136307e-04   +5.926165e-06   +3.828679e-06   +4.720978e-06   +1.283792e-07
Solved scene with pose ([0;31mWM0[0m) -2.986844e-04   -3.744796e-04   -2.309331e-03	+6.202449e-02   -1.581946e-01   +2.786704e-02   +9.850639e-01 0.0000 Var: +2.328546e-06   +2.785025e-05   +1.136483e-04   +5.678763e-06   +3.704733e-06   +4.686106e-06   +1.220582e-07
Solved scene with pose ([0;31mWM0[0m) -5.851209e-03   -2.211800e-02   -2.380773e-03	+2.977768e-02   -1.581241e-01   +2.280974e-02   +9.867065e-01 0.0000 Var: +2.266994e-06   +2.820972e-05   +1.162954e-04   +6.479993e-06   +3.740542e-06   +4.703191e-06   +1.065689e-07
Solved scene with lh 0 -7.365665e-02   -5.706266e-01   +2.719329e-01	-7.784659e-01   -5.895548e-01   -1.544695e-01   -1.501834e-01
Solved scene with lh 1 -1.283560e-11   +1.199355e+00   +2.476486e-01	+8.446293e-03   -1.698590e-02   -6.281613e-01   -7.778519e-01
Adding scene (4) for WM0 at 43.8141 (0.270401)
Scene with pose (WM0) -2.975120e-04   -2.477529e-04   -2.329313e-03	+6.256312e-02   -1.591223e-01   +2.781002e-02   +9.848820e-01 0.0000
Scene with pose (WM0) -2.986844e-04   -3.744796e-04   -2.309331e-03	+6.202449e-02   -1.581946e-01   +2.786704e-02   +9.850639e-01 0.0000
Scene with pose (WM0) -5.851209e-03   -2.211800e-02   -2.380773e-03	+2.977768e-02   -1.581241e-01   +2.280974e-02   +9.867065e-01 0.0000
Scene with pose (WM0) -6.019211e-03   -2.668761e-02   -1.322123e-03	+3.159853e-02   -1.606573e-01   +2.294321e-02   +9.862375e-01 0.0000
19 31 Measurements for 0
Scene with lh (0) -7.442448e-02   -5.721117e-01   +2.700788e-01	-7.779812e-01   -5.904409e-01   -1.540962e-01   -1.495971e-01
34 32 Measurements for 1
Scene with lh (1) -2.775558e-17   +1.199355e+00   +2.476486e-01	+8.179023e-03   -1.662921e-02   -6.288662e-01   -7.772927e-01
Best object for fixing was [0;31mWM0[0m (0)
Locking LH 1
MPFIT success 10345.696287/892.4643278039/0.0002627 (124 measurements, 1, MP_OK_CHI, 5 iters, up err 0.0017336, trace 0.0000164)
Global solve with 4 scenes for 0 with error of 10345.696287/892.4643278039 (acc err 0.0025)
Global solve with 4 scenes for 1 with error of 10345.696287/892.4643278039 (acc err 0.0017)
Using LH 1 (6e49384f) as reference lighthouse
Solved scene with pose ([0;31mWM0[0m) -1.165750e-04   +2.578349e-05   -1.837465e-03	+6.238379e-02   -1.592875e-01   +2.782324e-02   +9.848663e-01 0.0000 Var: +1.819825e-06   +2.152792e-05   +8.750316e-05   +5.016308e-06   +3.651954e-06   +4.626984e-06   +1.205053e-07
Solved scene with pose ([0;31mWM0[0m) -1.171133e-04   -8.847460e-05   -1.818929e-03	+6.181972e-02   -1.583765e-01   +2.789487e-02   +9.850467e-01 0.0000 Var: +1.819269e-06   +2.161941e-05   +8.751483e-05   +4.689050e-06   +3.469083e-06   +4.567154e-06   +1.124432e-07
Solved scene with pose ([0;31mWM0[0m) -5.662176e-03   -2.183663e-02   -1.885491e-03	+2.958028e-02   -1.582939e-01   +2.283174e-02   +9.866847e-01 0.0000 Var: +1.775322e-06   +2.188679e-05   +8.955686e-05   +5.367331e-06   +3.513382e-06   +4.597240e-06   +9.962457e-08
Solved scene with pose ([0;31mWM0[0m) -5.656186e-03   -2.181256e-02   -1.855435e-03	+2.945168e-02   -1.583612e-01   +2.305204e-02   +9.866727e-01 0.0000 Var: +1.779295e-06   +2.199066e-05   +8.962001e-05   +5.372193e-06   +3.504744e-06   +4.609334e-06   +9.987772e-08
Solved scene with lh 0 -7.335793e-02   -5.701226e-01   +2.724487e-01	-7.785477e-01   -5.893907e-01   -1.544157e-01   -1.504590e-01
Solved scene with lh 1 -1.282512e-11   +1.199355e+00   +2.476486e-01	+8.250010e-03   -1.673793e-02   -6.282999e-01   -7.777474e-01
Playback thread played back  60.00s in   0.58s real-time... (103.75x)
Driver reported -1
Button events processed: 0
Global Scene Solver:
	Scenes:              4
	Coverage 00.00        0   19    0    0    0 
	Coverage 00.01       15   16    0    0    0 
	Coverage 01.00        0    0   34    0    0 
	Coverage 01.01        0    0   32    0    0 
Playback thread played back  71.70s in   0.79s real-time
MPFIT stats for WM0:
	meas failures     0
	total iterations  20496
	avg iterations    3.013231
	total fevals      34206
	avg fevals        5.028815
	total runs        6802
	avg error         1916.0608035803
	avg orig error    2300.9312315870
	noisy meas cnt          0 /   201736 (0.00%)
	dropped lh cnt          0 /    13251 (0.00%)
	Status  MP_OK_CHI 0
	Status  MP_OK_PAR 6609
	Status MP_OK_BOTH 193
	Status  MP_OK_DIR 0
	Status MP_MAXITER 0
	Status    MP_FTOL 0
	Status    MP_XTOL 0
	Status    MP_GTOL 0
	Status MP_OK_NORM 0
MPFIT overall stats:
	meas failures     0
	total iterations  20496
	avg iterations    3.013231
	total fevals      34206
	avg fevals        5.028815
	total runs        6802
	avg error         1916.0608035803
	avg orig error    2300.9312315870
	noisy meas cnt          0 /   201736 (0.00%)
	dropped lh cnt          0 /    13251 (0.00%)
	Status  MP_OK_CHI 0
	Status  MP_OK_PAR 6609
	Status MP_OK_BOTH 193
	Status  MP_OK_DIR 0
	Status MP_MAXITER 0
	Status    MP_FTOL 0
	Status    MP_XTOL 0
	Status    MP_GTOL 0
	Status MP_OK_NORM 0
	seed runs         1 / 6802
	error failures    0
StateBased Disambiguator statistics:
	sync_time_error         0
	confidence_resets       0
	drop_sweeps             0
	sweep_hit_count         0
	sync_count[0]           0
	drop_syncs[0]           0
	sync_count[1]           0
	drop_syncs[1]           0
Disconnecting device [0;31mWM0[0m at 71.6933500
Statistics for WM0 (driver replay)
	Extent hits                    0
	Naive hits                    21
	Extent misses                  0
	Extent min                0.0000
	Extent max                0.0000
	LH  0
		Syncs:                 3450
		Skipped Syncs:          114
		Sync resets:              0
		Bad Syncs:                0
		Hits:                 28222
		Drops:                    0
		Rejected Data:            5 (0.018%)
	LH  1
		Syncs:                 3524
		Skipped Syncs:           27
		Sync resets:              0
		Bad Syncs:                0
		Hits:                 51727
		Drops:                    0
		Rejected Data:            0 (0.000%)
IMU WM0 tracker statistics:
	state_cnt                          16   15
	IMU Correction                   (+9.987659e-01   +1.000255e+00   +9.967376e-01) +1.000000e+00   +0.000000e+00   +0.000000e+00   +0.000000e+00
	Acc Bias                         +3.210693e-03   +5.326762e-04   -3.378362e-03
	Gyro Bias                        -1.209886e-02   +3.024168e-03   +1.546914e-02
	avg hz                           134.111791
	late imu                         0
	late light                       0
	joint model                         -nan avg cnt        0 dropped
	lightcap model                   11.9889187 avg cnt     1055 dropped
	Dropped poses                    20 of 9223 (0.22%)
	Mean reported variance           +9.671199e-08   +3.716357e-06   +2.358747e-07   +1.215768e-05   +9.577525e-06   +1.222487e-05   +1.627735e-05   +2.241370e-05   +1.510725e-05   +2.003485e-05   +2.012437e-05   +2.012701e-05   +1.694391e-02   +1.701640e-02   +1.669116e-02   +0.000000e+00   +0.000000e+00   +0.000000e+00   +0.000000e+00
	Mean dropped variance            +6.487685e-09   +3.965638e-06   +1.576172e-07   +3.845863e-06   +6.077155e-06   +4.210756e-06   +2.344676e-05   +7.778928e-04   +6.136443e-05   +5.706608e-03   +7.226320e-03   +5.596056e-03   +4.220904e-02   +1.311319e-01   +5.039230e-02   +0.000000e+00   +0.000000e+00   +0.000000e+00   +0.000000e+00
	Obs error                        6.448575e+02 (   6802 integrations,  99.123hz) +3.184822e-11   +1.679075e-09   +1.230142e-10   +7.188564e-10   +1.338222e-09   +1.610747e-09   +3.907580e-11
	IMU error                        6.448870e-04 (  17043 integrations, 248.347hz) +4.771032e-08   +4.474411e-08   +1.710428e-08   +1.084098e-08   +5.155898e-08   +1.691593e-08
	IMU acc avg norm                 +9.930065e-01 +1.007043e+00 (  17043)
	Stationary IMU acc avg norm      +9.921716e-01 +1.007890e+00 (  10770)
	No light IMU count                      0
	Lightcap error                   1.714864e-04 (   5595 integrations,  81.534hz) +2.258315e-09
 
	gyro bias                        -1.209886e-02   +3.024168e-03   +1.546914e-02
	Lightcap R                       +1.000000e-02
	Gyro R                           +1.000000e-03   +0.000000e+00   +0.000000e+00   +0.000000e+00   +0.000000e+00   +0.000000e+00
	                                 +0.000000e+00   +1.000000e-03   +0.000000e+00   +0.000000e+00   +0.000000e+00   +0.000000e+00
	                                 +0.000000e+00   +0.000000e+00   +1.000000e-03   +0.000000e+00   +0.000000e+00   +0.000000e+00
	                                 +0.000000e+00   +0.000000e+00   +0.000000e+00   +3.046170e-05   +0.000000e+00   +0.000000e+00
	                                 +0.000000e+00   +0.000000e+00   +0.000000e+00   +0.000000e+00   +3.046170e-05   +0.000000e+00
	                                 +0.000000e+00   +0.000000e+00   +0.000000e+00   +0.000000e+00   +0.000000e+00   +3.046170e-05
	Observation R                    +1.000000e-07   +0.000000e+00   +0.000000e+00   +0.000000e+00   +0.000000e+00   +0.000000e+00   +0.000000e+00
	                                 +0.000000e+00   +1.000000e-07   +0.000000e+00   +0.000000e+00   +0.000000e+00   +0.000000e+00   +0.000000e+00
	                                 +0.000000e+00   +0.000000e+00   +1.000000e-07   +0.000000e+00   +0.000000e+00   +0.000000e+00   +0.000000e+00
	                                 +0.000000e+00   +0.000000e+00   +0.000000e+00   +1.000000e-07   +0.000000e+00   +0.000000e+00   +0.000000e+00
	                                 +0.000000e+00   +0.000000e+00   +0.000000e+00   +0.000000e+00   +1.000000e-06   +0.000000e+00   +0.000000e+00
	                                 +0.000000e+00   +0.000000e+00   +0.000000e+00   +0.000000e+00   +0.000000e+00   +1.000000e-06   +0.000000e+00
	                                 +0.000000e+00   +0.000000e+00   +0.000000e+00   +0.000000e+00   +0.000000e+00   +0.000000e+00   +1.000000e-06
	Observed state variance          +4.110334e-04   +1.405653e-03   +8.831627e-04   +2.664973e-03   +1.991728e-03   +4.516248e-03   +8.523043e-05   +2.249140e-02   +3.425534e-02   +1.842714e-02   +1.693852e+00   +1.729436e+00   +2.101453e+00   +5.075788e+01   +4.218640e+01   +4.466099e+01   +0.000000e+00   +0.000000e+00   +0.000000e+00   +0.000000e+00   +0.000000e+00   +0.000000e+00   +0.000000e+00   +0.000000e+00   +0.000000e+00   +0.000000e+00
	imu Kalman statistics:
		failures                              0   0.000%
		avg bestnorm                     0.0064239 / 0.0000000 / 0.0000000
		avg orignorm                     0.0162914 / 0.0000000
		avg step                            -nan
		iterations                            0 (0.00)
		runs                              17043
		fevals                            17043 /  17043
		exit reasons                    
		    invalid_jac                       0
		    maxerr                            0
		    maxiter                           0
		    xtol                              0
		    step                              0
		    mtol                              0
	lightcap Kalman statistics:
		failures                              0   0.000%
		avg bestnorm                     0.0001715 / 0.0001714 / 0.0000000
		avg orignorm                     0.0001715 / 0.0001715
		avg step                         0.8126273
		iterations                         2946 (0.53)
		runs                               5595
		fevals                             9093 /   7068
		exit reasons                    
		    invalid_jac                       0
		    maxerr                            0
		    maxiter                           0
		    xtol                           1473
		    step                              0
		    mtol                           4122
	obs Kalman statistics:
		failures                              0   0.000%
		avg bestnorm                     0.1928146 / 0.1594798 / 0.0161160
		avg orignorm                     644.8574644 / 644.8574644
		avg step                         0.5702044
		iterations                        20745 (3.05)
		runs                               6802
		fevals                            51902 /  22561
		exit reasons                    
		    invalid_jac                       0
		    maxerr                            0
		    maxiter                           1
		    xtol                           4983
		    step                              2
		    mtol                           1816
	zvu Kalman statistics:
		failures                              0   0.000%
		avg bestnorm                     0.0000193 / 0.0000000 / 0.0000000
		avg orignorm                     0.0013232 / 0.0000000
		avg step                            -nan
		iterations                            0 (0.00)
		runs                              10770
		fevals                            10770 /  10770
		exit reasons                    
		    invalid_jac                       0
		    maxerr                            0
		    maxiter                           0
		    xtol                              0
		    step                              0
		    mtol                              0
 
Callback statistics:
	new_object           cnt:       1 avg time: 0.0040531ms max time: 0.0040531ms cnt over 1ms:     0(0.0000000%)
	disconnect           cnt:       1 avg time: 0.0028610ms max time: 0.0028610ms cnt over 1ms:     0(0.0000000%)
	printf               cnt:       0 avg time: 0.0000000ms max time: 0.0000000ms cnt over 1ms:     0(0.0000000%)
	log                  cnt:     283 avg time: 0.0007153ms max time: 0.0159740ms cnt over 1ms:     0(0.0000000%)
	report_error         cnt:       0 avg time: 0.0000000ms max time: 0.0000000ms cnt over 1ms:     0(0.0000000%)
	config               cnt:       0 avg time: 0.0000000ms max time: 0.0000000ms cnt over 1ms:     0(0.0000000%)
	gen_detected         cnt:       1 avg time: 0.0720017ms max time: 0.0720024ms cnt over 1ms:     0(0.0000000%)
	ootx_received        cnt:       2 avg time: 0.3985147ms max time: 0.4861355ms cnt over 1ms:     0(0.0000000%)
	lightcap             cnt:       2 avg time: 0.0039339ms max time: 0.0069141ms cnt over 1ms:     0(0.0000000%)
	light                cnt:       0 avg time: 0.0000000ms max time: 0.0000000ms cnt over 1ms:     0(0.0000000%)
	light_pulse          cnt:       0 avg time: 0.0000000ms max time: 0.0000000ms cnt over 1ms:     0(0.0000000%)
	angle                cnt:       0 avg time: 0.0000000ms max time: 0.0000000ms cnt over 1ms:     0(0.0000000%)
	sync                 cnt:    6974 avg time: 0.0626565ms max time: 0.7519722ms cnt over 1ms:     0(0.0000000%)
	sweep                cnt:   72975 avg time: 0.0000990ms max time: 0.0839233ms cnt over 1ms:     0(0.0000000%)
	sweep_angle          cnt:   72975 avg time: 0.0000483ms max time: 0.0839233ms cnt over 1ms:     0(0.0000000%)
	raw_imu              cnt:   17616 avg time: 0.0098242ms max time: 1.4050007ms cnt over 1ms:     1(0.0000568%)
	imu                  cnt:   17616 avg time: 0.0097897ms max time: 1.4040470ms cnt over 1ms:     1(0.0000568%)
	button               cnt:       0 avg time: 0.0000000ms max time: 0.0000000ms cnt over 1ms:     0(0.0000000%)
	imupose              cnt:    9203 avg time: 0.0007083ms max time: 0.0269413ms cnt over 1ms:     0(0.0000000%)
	pose                 cnt:    9203 avg time: 0.0006692ms max time: 0.0259876ms cnt over 1ms:     0(0.0000000%)
	velocity             cnt:    9147 avg time: 0.0000175ms max time: 0.0011921ms cnt over 1ms:     0(0.0000000%)
	external_pose        cnt:       0 avg time: 0.0000000ms max time: 0.0000000ms cnt over 1ms:     0(0.0000000%)
	external_velocity    cnt:       0 avg time: 0.0000000ms max time: 0.0000000ms cnt over 1ms:     0(0.0000000%)
	raw_lighthouse_pose  cnt:       2 avg time: 0.0840421ms max time: 0.1060963ms cnt over 1ms:     0(0.0000000%)
	lighthouse_pose      cnt:       2 avg time: 0.0026226ms max time: 0.0030994ms cnt over 1ms:     0(0.0000000%)
	datalog              cnt:       0 avg time: 0.0000000ms max time: 0.0000000ms cnt over 1ms:     0(0.0000000%)
