单元: ['left_hand']
实时 VIO 单元: ['left_hand']
[ov_left_hand] ROS2 bridge publishing /imu0 + /cam0/image_raw + /cam1/image_raw (async images)
[left_hand] 相机固定曝光 20000 us, gain=48
[left_hand] 相机 OK serial='260322273737'
[left_hand] IMU OK @ /dev/serial/by-id/usb-1a86_USB_Single_Serial_5B7E005674-if00
[runtime] 录制目录: recordings/session_20260816_144317
[runtime] Ctrl-C 停止。
---- stats ----
[left_hand] IMU 402Hz ok=1207 drop=1 reset=0 stall=0 reconn=0 bad=3 jit=2.3ms | CAM 30.0fps jit=10.4ms | ROS pub imu=707 cam=57 drop=30 q=0
---- stats ----
[left_hand] IMU 401Hz ok=2409 drop=1 reset=0 stall=0 reconn=0 bad=3 jit=4.2ms | CAM 30.0fps jit=10.4ms | ROS pub imu=1909 cam=147 drop=30 q=0
---- stats ----
[left_hand] IMU 401Hz ok=3612 drop=1 reset=0 stall=0 reconn=0 bad=3 jit=4.7ms | CAM 30.0fps jit=10.4ms | ROS pub imu=3112 cam=238 drop=30 q=0
---- stats ----
[left_hand] IMU 401Hz ok=4813 drop=1 reset=0 stall=0 reconn=0 bad=3 jit=4.9ms | CAM 30.0fps jit=10.4ms | ROS pub imu=4313 cam=328 drop=30 q=0
---- stats ----
[left_hand] IMU 400Hz ok=6015 drop=1 reset=0 stall=0 reconn=0 bad=3 jit=4.7ms | CAM 30.0fps jit=10.4ms | ROS pub imu=5515 cam=418 drop=30 q=0
---- stats ----
[left_hand] IMU 400Hz ok=7216 drop=1 reset=0 stall=0 reconn=0 bad=3 jit=5.0ms | CAM 30.0fps jit=10.4ms | ROS pub imu=6716 cam=508 drop=30 q=0
---- stats ----
[left_hand] IMU 400Hz ok=8418 drop=1 reset=0 stall=0 reconn=0 bad=3 jit=4.8ms | CAM 30.0fps jit=4.7ms | ROS pub imu=7918 cam=598 drop=30 q=0
---- stats ----
[left_hand] IMU 400Hz ok=9620 drop=1 reset=0 stall=0 reconn=0 bad=3 jit=0.9ms | CAM 30.0fps jit=4.7ms | ROS pub imu=9120 cam=688 drop=30 q=0
---- stats ----
[left_hand] IMU 400Hz ok=10822 drop=1 reset=0 stall=0 reconn=0 bad=3 jit=0.5ms | CAM 30.0fps jit=4.7ms | ROS pub imu=10322 cam=778 drop=30 q=0
---- stats ----
[left_hand] IMU 400Hz ok=12023 drop=1 reset=0 stall=0 reconn=0 bad=3 jit=1.3ms | CAM 30.0fps jit=4.7ms | ROS pub imu=11523 cam=868 drop=30 q=0

[runtime] 停止中...
[ov_left_hand] 共丢弃 30 帧图像, 发布 899
[runtime] 已停止。
