index=1 class=3 serial=LHR-A2A59C7D property_error=0
index=2 class=4 serial=LHB-6E49384F property_error=0
index=3 class=4 serial=LHB-9D67E4BD property_error=0
query=6584 output_ms=20.010
query=7186 output_ms=58.620
query=7187 wake_late_ms=50.388
query=7188 wake_late_ms=42.091
query=7189 wake_late_ms=33.764
query=7687 output_ms=27.566
query=7747 output_ms=25.606
query=7782 output_ms=33.098
query=7809 output_ms=36.852
query=7941 output_ms=22.240
query=7979 output_ms=47.817
query=7980 wake_late_ms=39.574
query=7981 wake_late_ms=31.271
query=8139 output_ms=75.160
query=8140 wake_late_ms=66.970
query=8141 wake_late_ms=58.671
query=8142 wake_late_ms=50.346
query=8143 wake_late_ms=42.019
query=8144 wake_late_ms=33.691
query=8189 output_ms=81.853
query=8190 wake_late_ms=73.735
query=8191 wake_late_ms=65.446
query=8192 wake_late_ms=57.130
query=8193 wake_late_ms=48.803
query=8194 wake_late_ms=40.475
query=8195 wake_late_ms=32.147
query=8275 output_ms=32.586
query=8876 output_ms=55.605
query=8877 wake_late_ms=47.390
query=8878 wake_late_ms=39.095
query=8879 wake_late_ms=30.768
query=9480 output_ms=52.234
query=9481 wake_late_ms=44.019
query=9482 wake_late_ms=35.738
query=10087 output_ms=48.248
query=10088 wake_late_ms=40.000
query=10089 wake_late_ms=31.702
query=10176 output_ms=67.631
query=10177 wake_late_ms=59.400
query=10178 wake_late_ms=51.100
query=10179 wake_late_ms=42.774
query=10180 wake_late_ms=34.456
query=10203 output_ms=25.258
query=10235 output_ms=37.032
query=10276 output_ms=25.285
queries=10977 connected_valid_running_ok=10977
