[全流采集] 输出目录: /data/recordings/d405_720p_rgb_stereo_ir_20260927_061546
[全流采集] 原生 recorder + sensor frame_queue（录制与预览解耦）
[全流采集] DB3实时写入内存盘，结束后搬到输出目录；预估占用 1.27GB
[全流采集] 1280x720@30: 彩色YUYV + 左IR + 右IR；IMU 400Hz
[全流采集] 双IR自动曝光上限 8000us，自动增益上限 248
[全流采集] 预热: 相机每路 30 帧，IMU 500 帧；预热数据不写入正式文件
[全流采集] 正式采集 10.0 秒；按 q 可提前结束
[全流采集] ERROR: RuntimeError: Frame did not arrive in time!
[全流采集] 相机已停止，正在搬运DB3到: /data/recordings/d405_720p_rgb_stereo_ir_20260927_061546/d405_720p_rgb_stereo_ir.db3
[全流采集] DB3搬运完成，用时 0.3s
{
  "result": "FAIL",
  "session": "/data/recordings/d405_720p_rgb_stereo_ir_20260927_061546",
  "bag": "/data/recordings/d405_720p_rgb_stereo_ir_20260927_061546/d405_720p_rgb_stereo_ir.db3",
  "capture_error": "RuntimeError: Frame did not arrive in time!",
  "resolution": [
    1280,
    720
  ],
  "fps_requested": 30,
  "capture_mode": "rgb_stereo_ir",
  "color_record_format": "YUYV",
  "depth_record_format": null,
  "preview_color_format": "BGR",
  "capture_backend": "rs.recorder + direct sensor frame_queue (RSUSB)",
  "realsense_python_module": "/home/robot/releases/ego_vio_humble/product_v1_20260824/.deps/librealsense-rsusb-2.58.2/python/pyrealsense2.cpython-310-x86_64-linux-gnu.so",
  "monitor_queue_capacity": 64,
  "camera_storage": {
    "ram_staged": true,
    "staging_path": "/dev/shm/ego_vio_d405/d405_720p_rgb_stereo_ir_20260927_061546_d405_720p_rgb_stereo_ir.db3",
    "staging_required_bytes": 1271808000,
    "move_duration_s": 0.3213083790615201,
    "move_error": null
  },
  "camera_serial": "260322279785",
  "camera_firmware": "5.15.1.55",
  "usb_type": "3.2",
  "warmup_frames": 30,
  "imu_warmup_frames": 500,
  "warmup_recorded": false,
  "complete_framesets_for_csv": 268,
  "monitor_complete_framesets": 268,
  "csv_sync_tolerance_ms": 2.0,
  "duration_s": 11.497470950009301,
  "thresholds": {
    "camera_min_rate_hz": 29.5,
    "camera_max_gap_ratio": 0.001,
    "ir_actual_exposure_max_us": 8000.0,
    "ir_exposure_tolerance_us": 100.0,
    "imu_rate_hz": [
      399.0,
      401.0
    ],
    "encoder_sensor_pair_delta_us": [
      0,
      250
    ],
    "camera_gripper_nearest_max_ms": 2.0,
    "camera_to_imu_td_s": -0.009109323459933042
  },
  "camera": {
    "result": "FAIL",
    "monitor_queue_streams": {
      "color": {
        "received": 268,
        "first_frame_number": 30,
        "last_frame_number": 297,
        "skipped_frames": 0,
        "gap_events": 0,
        "gap_ratio": 0.0,
        "rate_hz": 30.028304,
        "repeated_frames": 0,
        "frame_number_resets": 0,
        "timestamp_regressions": 0
      },
      "infrared_left": {
        "received": 268,
        "first_frame_number": 30,
        "last_frame_number": 297,
        "skipped_frames": 0,
        "gap_events": 0,
        "gap_ratio": 0.0,
        "rate_hz": 30.028301,
        "repeated_frames": 0,
        "frame_number_resets": 0,
        "timestamp_regressions": 0
      },
      "infrared_right": {
        "received": 268,
        "first_frame_number": 30,
        "last_frame_number": 297,
        "skipped_frames": 0,
        "gap_events": 0,
        "gap_ratio": 0.0,
        "rate_hz": 30.028301,
        "repeated_frames": 0,
        "frame_number_resets": 0,
        "timestamp_regressions": 0
      }
    },
    "db3_streams": {
      "color": {
        "received": 268,
        "first_frame_number": 30,
        "last_frame_number": 297,
        "skipped_frames": 0,
        "gap_events": 0,
        "gap_ratio": 0.0,
        "rate_hz": 30.028304,
        "repeated_frames": 0,
        "frame_number_resets": 0,
        "timestamp_regressions": 0
      },
      "infrared_left": {
        "received": 268,
        "first_frame_number": 30,
        "last_frame_number": 297,
        "skipped_frames": 0,
        "gap_events": 0,
        "gap_ratio": 0.0,
        "rate_hz": 30.028301,
        "repeated_frames": 0,
        "frame_number_resets": 0,
        "timestamp_regressions": 0
      },
      "infrared_right": {
        "received": 268,
        "first_frame_number": 30,
        "last_frame_number": 297,
        "skipped_frames": 0,
        "gap_events": 0,
        "gap_ratio": 0.0,
        "rate_hz": 30.028301,
        "repeated_frames": 0,
        "frame_number_resets": 0,
        "timestamp_regressions": 0
      }
    },
    "db3_analysis_error": null,
    "csv_rebuild_error": null,
    "authoritative_stream_stats": "db3_streams",
    "ir_auto_exposure_configuration": {
      "result": "PASS",
      "requested": {
        "auto_exposure_limit_us": 8000.0,
        "auto_gain_limit": 248.0
      },
      "applied": {
        "enable_auto_exposure": 1.0,
        "auto_exposure_limit_toggle": 1.0,
        "auto_exposure_limit_us": 8000.0,
        "auto_gain_limit_toggle": 1.0,
        "auto_gain_limit": 248.0
      },
      "takes_effect": "next_streaming_session"
    },
    "ir_exposure_acceptance": {
      "result": "PASS",
      "requested_limit_us": 8000.0,
      "tolerance_us": 100.0,
      "streams": {
        "infrared_left": {
          "result": "PASS",
          "metadata_complete": true,
          "metadata_frames": 268,
          "exposure_samples": 268,
          "gain_samples": 268,
          "exposure_us": {
            "min": 7954.0,
            "median": 7954.0,
            "p95": 7954.0,
            "max": 7954.0
          },
          "gain": {
            "min": 246.0,
            "median": 246.0,
            "p95": 246.0,
            "max": 246.0
          }
        },
        "infrared_right": {
          "result": "PASS",
          "metadata_complete": true,
          "metadata_frames": 268,
          "exposure_samples": 268,
          "gain_samples": 268,
          "exposure_us": {
            "min": 7954.0,
            "median": 7954.0,
            "p95": 7954.0,
            "max": 7954.0
          },
          "gain": {
            "min": 246.0,
            "median": 246.0,
            "p95": 246.0,
            "max": 246.0
          }
        }
      }
    },
    "db3_size_bytes": 989646848
  },
  "imu": {
    "result": "PASS",
    "protocol": "stm32_combined_v1",
    "warmup_cumulative_stats": {
      "frames_ok": 500,
      "frames_bad": 0,
      "resyncs": 0,
      "dropped_frames": 0,
      "counter_resets": 0,
      "counter_stalls": 0,
      "sequence_gaps": 0,
      "invalid_imu_flags": 0,
      "queue_overflow_flags": 0,
      "serial_errors": 0,
      "serial_reconnects": 0
    },
    "pre_formal_post_warmup_stats": {
      "frames_ok": 321,
      "frames_bad": 0,
      "resyncs": 0,
      "dropped_frames": 0,
      "counter_resets": 0,
      "counter_stalls": 0,
      "sequence_gaps": 0,
      "invalid_imu_flags": 0,
      "queue_overflow_flags": 0,
      "serial_errors": 0,
      "serial_reconnects": 0
    },
    "formal_window_stats": {
      "frames_ok": 4599,
      "frames_bad": 0,
      "resyncs": 0,
      "dropped_frames": 0,
      "counter_resets": 0,
      "counter_stalls": 0,
      "sequence_gaps": 0,
      "invalid_imu_flags": 0,
      "queue_overflow_flags": 0,
      "serial_errors": 0,
      "serial_reconnects": 0
    },
    "samples_written": 4599,
    "rate_hz": 400.0010106567201,
    "recorder_drops": 0
  },
  "gripper_encoder": {
    "required_for_training": false,
    "result": "SKIPPED",
    "stream": {
      "result": "SKIPPED",
      "reason": "excluded from dedicated Lighthouse camera/IMU calibration capture",
      "rows": 0
    },
    "camera_alignment": {
      "result": "SKIPPED",
      "rows": 0
    },
    "samples_written_by_recorder": 0,
    "invalid_samples_seen_by_recorder": 0,
    "timestamp_contract": "encoder_ts_mono uses the same frozen STM32 MCU-to-host monotonic mapping as imu_ts_mono; camera rows use D405 global_time mapped to the same host monotonic domain; camera association queries encoder at camera_ts_mono + calibrated td",
    "training_semantics": "raw_count/angle_deg/closure_ratio are valid under load; estimated_no_load_gap_mm is not loaded object size"
  },
  "live_vins": {
    "enabled": false,
    "result": "PASS",
    "frames_forwarded": 0,
    "imu_calibration": null,
    "transport": {}
  }
}
