config_file: /tmp/pnp_quality_151212/vins_auto_loop_config.yaml
vocabulary_file/tmp/colcon-pnp-quality-install/vins_fusion_ros2/share/vins_fusion_ros2/support_files/brief_k10L6.bin
loop start load vocabulary
BRIEF_PATTERN_FILE/tmp/colcon-pnp-quality-install/vins_fusion_ros2/share/vins_fusion_ros2/support_files/brief_pattern.yml
cam calib path: /tmp/pnp_quality_151212/left.yaml
fixed body_T_cam0 translation: -0.0152838 -0.0279302 -0.0123634
VIO input, perfrom 4 DoF (x, y, z, yaw) pose graph optimization
no previous pose graph
[LOOP_INPUT] atomic_keyframes=50 transport_drops=0 backlog_drops=0 backlog=1
[LOOP_INPUT] atomic_keyframes=100 transport_drops=0 backlog_drops=0 backlog=1
[LOOP_INPUT] atomic_keyframes=150 transport_drops=0 backlog_drops=0 backlog=1
[LOOP_INPUT] atomic_keyframes=200 transport_drops=0 backlog_drops=0 backlog=2
[LOOP_INPUT] atomic_keyframes=250 transport_drops=0 backlog_drops=0 backlog=1
[LOOP_INPUT] atomic_keyframes=300 transport_drops=0 backlog_drops=0 backlog=1
[LOOP_INPUT] atomic_keyframes=350 transport_drops=0 backlog_drops=0 backlog=1
[AUTO_LOOP_PNP_QUALITY] current=372 matched=28 inliers=2 rmse_px=inf p95_px=inf current_hull=0.0000 old_hull=0.0000
[AUTO_LOOP_REJECT] current=372 matched=28 tracked=108 descriptor=2 inliers=2
[AUTO_LOOP_REJECT] current=374 matched=28 tracked=103 descriptor=0 inliers=0
[AUTO_LOOP_PNP_QUALITY] current=375 matched=28 inliers=1 rmse_px=inf p95_px=inf current_hull=0.0000 old_hull=0.0000
[AUTO_LOOP_REJECT] current=375 matched=28 tracked=97 descriptor=1 inliers=1
[AUTO_LOOP_PNP_QUALITY] current=375 matched=8 inliers=2 rmse_px=inf p95_px=inf current_hull=0.0000 old_hull=0.0000
[AUTO_LOOP_REJECT] current=375 matched=8 tracked=97 descriptor=2 inliers=2
[AUTO_LOOP_REJECT] current=375 matched=30 tracked=97 descriptor=0 inliers=0
[AUTO_LOOP_PNP_QUALITY] current=381 matched=284 inliers=5 rmse_px=inf p95_px=inf current_hull=0.1290 old_hull=0.0392
[AUTO_LOOP_REJECT] current=381 matched=284 tracked=108 descriptor=5 inliers=5 ratio=1.000 rel_t_m=0.0000 yaw_deg=174.89
[AUTO_LOOP_PNP_QUALITY] current=386 matched=284 inliers=5 rmse_px=inf p95_px=inf current_hull=0.1328 old_hull=0.0486
[AUTO_LOOP_REJECT] current=386 matched=284 tracked=155 descriptor=5 inliers=5 ratio=1.000 rel_t_m=0.0000 yaw_deg=174.43
[LOOP_INPUT] atomic_keyframes=400 transport_drops=0 backlog_drops=0 backlog=2
[AUTO_LOOP_PNP_QUALITY] current=393 matched=299 inliers=7 rmse_px=inf p95_px=inf current_hull=0.2844 old_hull=0.3017
[AUTO_LOOP_REJECT] current=393 matched=299 tracked=166 descriptor=12 inliers=7 ratio=0.583 rel_t_m=0.0000 yaw_deg=174.97
[AUTO_LOOP_PNP_QUALITY] current=393 matched=298 inliers=7 rmse_px=inf p95_px=inf current_hull=0.2173 old_hull=0.2600
[AUTO_LOOP_REJECT] current=393 matched=298 tracked=166 descriptor=11 inliers=7 ratio=0.636 rel_t_m=0.0000 yaw_deg=174.97
[AUTO_LOOP_PNP_QUALITY] current=393 matched=297 inliers=7 rmse_px=inf p95_px=inf current_hull=0.0341 old_hull=0.0755
[AUTO_LOOP_REJECT] current=393 matched=297 tracked=166 descriptor=8 inliers=7 ratio=0.875 rel_t_m=0.0000 yaw_deg=174.97
[AUTO_LOOP_PNP_QUALITY] current=397 matched=298 inliers=7 rmse_px=inf p95_px=inf current_hull=0.2728 old_hull=0.3039
[AUTO_LOOP_REJECT] current=397 matched=298 tracked=145 descriptor=10 inliers=7 ratio=0.700 rel_t_m=0.0000 yaw_deg=173.42
[AUTO_LOOP_PNP_QUALITY] current=397 matched=297 inliers=7 rmse_px=inf p95_px=inf current_hull=0.1448 old_hull=0.1609
[AUTO_LOOP_REJECT] current=397 matched=297 tracked=145 descriptor=10 inliers=7 ratio=0.700 rel_t_m=0.0000 yaw_deg=173.42
[AUTO_LOOP_PNP_QUALITY] current=398 matched=298 inliers=7 rmse_px=inf p95_px=inf current_hull=0.2308 old_hull=0.1519
[AUTO_LOOP_REJECT] current=398 matched=298 tracked=167 descriptor=12 inliers=7 ratio=0.583 rel_t_m=0.0000 yaw_deg=172.93
[AUTO_LOOP_PNP_QUALITY] current=398 matched=299 inliers=7 rmse_px=inf p95_px=inf current_hull=0.2745 old_hull=0.2392
[AUTO_LOOP_REJECT] current=398 matched=299 tracked=167 descriptor=9 inliers=7 ratio=0.778 rel_t_m=0.0000 yaw_deg=172.93
[AUTO_LOOP_PNP_QUALITY] current=398 matched=304 inliers=7 rmse_px=inf p95_px=inf current_hull=0.1328 old_hull=0.2044
[AUTO_LOOP_REJECT] current=398 matched=304 tracked=167 descriptor=12 inliers=7 ratio=0.583 rel_t_m=0.0000 yaw_deg=172.93
[AUTO_LOOP_PNP_QUALITY] current=399 matched=295 inliers=7 rmse_px=inf p95_px=inf current_hull=0.0335 old_hull=0.0820
[AUTO_LOOP_REJECT] current=399 matched=295 tracked=165 descriptor=7 inliers=7 ratio=1.000 rel_t_m=0.0000 yaw_deg=172.65
[AUTO_LOOP_PNP_QUALITY] current=399 matched=297 inliers=6 rmse_px=inf p95_px=inf current_hull=0.0287 old_hull=0.0241
[AUTO_LOOP_REJECT] current=399 matched=297 tracked=165 descriptor=6 inliers=6 ratio=1.000 rel_t_m=0.0000 yaw_deg=172.65
[AUTO_LOOP_PNP_QUALITY] current=399 matched=299 inliers=7 rmse_px=inf p95_px=inf current_hull=0.2463 old_hull=0.2245
[AUTO_LOOP_REJECT] current=399 matched=299 tracked=165 descriptor=9 inliers=7 ratio=0.778 rel_t_m=0.0000 yaw_deg=172.65
[AUTO_LOOP_PNP_QUALITY] current=400 matched=297 inliers=7 rmse_px=inf p95_px=inf current_hull=0.3011 old_hull=0.2281
[AUTO_LOOP_REJECT] current=400 matched=297 tracked=164 descriptor=9 inliers=7 ratio=0.778 rel_t_m=0.0000 yaw_deg=172.44
[AUTO_LOOP_PNP_QUALITY] current=400 matched=298 inliers=7 rmse_px=inf p95_px=inf current_hull=0.1980 old_hull=0.1714
[AUTO_LOOP_REJECT] current=400 matched=298 tracked=164 descriptor=10 inliers=7 ratio=0.700 rel_t_m=0.0000 yaw_deg=172.44
[AUTO_LOOP_PNP_QUALITY] current=400 matched=302 inliers=7 rmse_px=inf p95_px=inf current_hull=0.2467 old_hull=0.2042
[AUTO_LOOP_REJECT] current=400 matched=302 tracked=164 descriptor=9 inliers=7 ratio=0.778 rel_t_m=0.0000 yaw_deg=172.44
[AUTO_LOOP_PNP_QUALITY] current=401 matched=8 inliers=3 rmse_px=inf p95_px=inf current_hull=0.0097 old_hull=0.0227
[AUTO_LOOP_REJECT] current=401 matched=8 tracked=167 descriptor=3 inliers=3
[AUTO_LOOP_PNP_QUALITY] current=401 matched=3 inliers=6 rmse_px=inf p95_px=inf current_hull=0.0934 old_hull=0.0491
[AUTO_LOOP_REJECT] current=401 matched=3 tracked=167 descriptor=6 inliers=6 ratio=1.000 rel_t_m=0.0000 yaw_deg=172.11
[AUTO_LOOP_PNP_QUALITY] current=401 matched=298 inliers=7 rmse_px=inf p95_px=inf current_hull=0.2857 old_hull=0.2369
[AUTO_LOOP_REJECT] current=401 matched=298 tracked=167 descriptor=12 inliers=7 ratio=0.583 rel_t_m=0.0000 yaw_deg=172.11
[AUTO_LOOP_PNP_QUALITY] current=406 matched=314 inliers=7 rmse_px=inf p95_px=inf current_hull=0.1861 old_hull=0.2819
[AUTO_LOOP_REJECT] current=406 matched=314 tracked=162 descriptor=7 inliers=7 ratio=1.000 rel_t_m=0.0000 yaw_deg=171.54
[AUTO_LOOP_PNP_QUALITY] current=406 matched=296 inliers=6 rmse_px=inf p95_px=inf current_hull=0.0224 old_hull=0.2944
[AUTO_LOOP_REJECT] current=406 matched=296 tracked=162 descriptor=6 inliers=6 ratio=1.000 rel_t_m=0.0000 yaw_deg=171.54
[AUTO_LOOP_PNP_QUALITY] current=406 matched=311 inliers=6 rmse_px=inf p95_px=inf current_hull=0.1826 old_hull=0.1718
[AUTO_LOOP_REJECT] current=406 matched=311 tracked=162 descriptor=6 inliers=6 ratio=1.000 rel_t_m=0.0000 yaw_deg=171.54
[AUTO_LOOP_PNP_QUALITY] current=407 matched=5 inliers=5 rmse_px=inf p95_px=inf current_hull=0.1076 old_hull=0.0079
[AUTO_LOOP_REJECT] current=407 matched=5 tracked=167 descriptor=5 inliers=5 ratio=1.000 rel_t_m=0.0000 yaw_deg=171.24
[AUTO_LOOP_PNP_QUALITY] current=407 matched=298 inliers=7 rmse_px=inf p95_px=inf current_hull=0.2127 old_hull=0.2126
[AUTO_LOOP_REJECT] current=407 matched=298 tracked=167 descriptor=11 inliers=7 ratio=0.636 rel_t_m=0.0000 yaw_deg=171.24
[AUTO_LOOP_PNP_QUALITY] current=407 matched=297 inliers=6 rmse_px=inf p95_px=inf current_hull=0.0373 old_hull=0.1683
[AUTO_LOOP_REJECT] current=407 matched=297 tracked=167 descriptor=6 inliers=6 ratio=1.000 rel_t_m=0.0000 yaw_deg=171.24
[AUTO_LOOP_PNP_QUALITY] current=410 matched=296 inliers=7 rmse_px=inf p95_px=inf current_hull=0.0904 old_hull=0.2213
[AUTO_LOOP_REJECT] current=410 matched=296 tracked=194 descriptor=10 inliers=7 ratio=0.700 rel_t_m=0.0000 yaw_deg=170.77
[AUTO_LOOP_PNP_QUALITY] current=410 matched=0 inliers=7 rmse_px=inf p95_px=inf current_hull=0.1615 old_hull=0.0962
[AUTO_LOOP_REJECT] current=410 matched=0 tracked=194 descriptor=7 inliers=7 ratio=1.000 rel_t_m=0.0000 yaw_deg=170.77
[AUTO_LOOP_PNP_QUALITY] current=410 matched=5 inliers=3 rmse_px=inf p95_px=inf current_hull=0.0249 old_hull=0.0508
[AUTO_LOOP_REJECT] current=410 matched=5 tracked=194 descriptor=3 inliers=3
[AUTO_LOOP_PNP_QUALITY] current=414 matched=323 inliers=6 rmse_px=inf p95_px=inf current_hull=0.1736 old_hull=0.0801
[AUTO_LOOP_REJECT] current=414 matched=323 tracked=180 descriptor=6 inliers=6 ratio=1.000 rel_t_m=0.0000 yaw_deg=170.14
[AUTO_LOOP_PNP_QUALITY] current=420 matched=155 inliers=3 rmse_px=inf p95_px=inf current_hull=0.0029 old_hull=0.0145
[AUTO_LOOP_REJECT] current=420 matched=155 tracked=184 descriptor=3 inliers=3
[AUTO_LOOP_PNP_QUALITY] current=420 matched=156 inliers=3 rmse_px=inf p95_px=inf current_hull=0.0029 old_hull=0.0026
[AUTO_LOOP_REJECT] current=420 matched=156 tracked=184 descriptor=3 inliers=3
[AUTO_LOOP_PNP_QUALITY] current=420 matched=325 inliers=7 rmse_px=inf p95_px=inf current_hull=0.3237 old_hull=0.2691
[AUTO_LOOP_REJECT] current=420 matched=325 tracked=184 descriptor=9 inliers=7 ratio=0.778 rel_t_m=0.0000 yaw_deg=169.57
[AUTO_LOOP_PNP_QUALITY] current=425 matched=315 inliers=7 rmse_px=inf p95_px=inf current_hull=0.2933 old_hull=0.3206
[AUTO_LOOP_REJECT] current=425 matched=315 tracked=186 descriptor=7 inliers=7 ratio=1.000 rel_t_m=0.0000 yaw_deg=174.21
[AUTO_LOOP_PNP_QUALITY] current=425 matched=307 inliers=7 rmse_px=inf p95_px=inf current_hull=0.1827 old_hull=0.1368
[AUTO_LOOP_REJECT] current=425 matched=307 tracked=186 descriptor=7 inliers=7 ratio=1.000 rel_t_m=0.0000 yaw_deg=174.21
[AUTO_LOOP_PNP_QUALITY] current=427 matched=334 inliers=7 rmse_px=inf p95_px=inf current_hull=0.2676 old_hull=0.1358
[AUTO_LOOP_REJECT] current=427 matched=334 tracked=196 descriptor=10 inliers=7 ratio=0.700 rel_t_m=0.0000 yaw_deg=176.39
[AUTO_LOOP_PNP_QUALITY] current=427 matched=300 inliers=7 rmse_px=inf p95_px=inf current_hull=0.1930 old_hull=0.0689
[AUTO_LOOP_REJECT] current=427 matched=300 tracked=196 descriptor=8 inliers=7 ratio=0.875 rel_t_m=0.0000 yaw_deg=176.39
[AUTO_LOOP_PNP_QUALITY] current=427 matched=336 inliers=5 rmse_px=inf p95_px=inf current_hull=0.2528 old_hull=0.0223
[AUTO_LOOP_REJECT] current=427 matched=336 tracked=196 descriptor=5 inliers=5 ratio=1.000 rel_t_m=0.0000 yaw_deg=176.39
[AUTO_LOOP_PNP_QUALITY] current=428 matched=300 inliers=7 rmse_px=inf p95_px=inf current_hull=0.2945 old_hull=0.2880
[AUTO_LOOP_REJECT] current=428 matched=300 tracked=195 descriptor=12 inliers=7 ratio=0.583 rel_t_m=0.0000 yaw_deg=177.29
[AUTO_LOOP_PNP_QUALITY] current=428 matched=315 inliers=7 rmse_px=inf p95_px=inf current_hull=0.1768 old_hull=0.1642
[AUTO_LOOP_REJECT] current=428 matched=315 tracked=195 descriptor=8 inliers=7 ratio=0.875 rel_t_m=0.0000 yaw_deg=177.29
[AUTO_LOOP_PNP_QUALITY] current=428 matched=307 inliers=7 rmse_px=inf p95_px=inf current_hull=0.0982 old_hull=0.1360
[AUTO_LOOP_REJECT] current=428 matched=307 tracked=195 descriptor=8 inliers=7 ratio=0.875 rel_t_m=0.0000 yaw_deg=177.29
[AUTO_LOOP_PNP_QUALITY] current=429 matched=336 inliers=7 rmse_px=inf p95_px=inf current_hull=0.2808 old_hull=0.1834
[AUTO_LOOP_REJECT] current=429 matched=336 tracked=190 descriptor=11 inliers=7 ratio=0.636 rel_t_m=0.0000 yaw_deg=176.28
[AUTO_LOOP_PNP_QUALITY] current=430 matched=336 inliers=7 rmse_px=inf p95_px=inf current_hull=0.2177 old_hull=0.0906
[AUTO_LOOP_REJECT] current=430 matched=336 tracked=189 descriptor=10 inliers=7 ratio=0.700 rel_t_m=0.0000 yaw_deg=175.05
[AUTO_LOOP_PNP_QUALITY] current=431 matched=336 inliers=7 rmse_px=inf p95_px=inf current_hull=0.2084 old_hull=0.0831
[AUTO_LOOP_REJECT] current=431 matched=336 tracked=206 descriptor=9 inliers=7 ratio=0.778 rel_t_m=0.0000 yaw_deg=174.23
[AUTO_LOOP_PNP_QUALITY] current=432 matched=336 inliers=7 rmse_px=inf p95_px=inf current_hull=0.1820 old_hull=0.1135
[AUTO_LOOP_REJECT] current=432 matched=336 tracked=188 descriptor=7 inliers=7 ratio=1.000 rel_t_m=0.0000 yaw_deg=172.86
[AUTO_LOOP_PNP_QUALITY] current=432 matched=304 inliers=7 rmse_px=inf p95_px=inf current_hull=0.2002 old_hull=0.2126
[AUTO_LOOP_REJECT] current=432 matched=304 tracked=188 descriptor=8 inliers=7 ratio=0.875 rel_t_m=0.0000 yaw_deg=172.86
[AUTO_LOOP_PNP_QUALITY] current=432 matched=314 inliers=7 rmse_px=inf p95_px=inf current_hull=0.0343 old_hull=0.1772
[AUTO_LOOP_REJECT] current=432 matched=314 tracked=188 descriptor=10 inliers=7 ratio=0.700 rel_t_m=0.0000 yaw_deg=172.86
[AUTO_LOOP_PNP_QUALITY] current=434 matched=336 inliers=6 rmse_px=inf p95_px=inf current_hull=0.1951 old_hull=0.1009
[AUTO_LOOP_REJECT] current=434 matched=336 tracked=210 descriptor=6 inliers=6 ratio=1.000 rel_t_m=0.0000 yaw_deg=170.91
[AUTO_LOOP_PNP_QUALITY] current=434 matched=337 inliers=5 rmse_px=inf p95_px=inf current_hull=0.0120 old_hull=0.1129
[AUTO_LOOP_REJECT] current=434 matched=337 tracked=210 descriptor=5 inliers=5 ratio=1.000 rel_t_m=0.0000 yaw_deg=170.91
[AUTO_LOOP_PNP_QUALITY] current=435 matched=336 inliers=7 rmse_px=inf p95_px=inf current_hull=0.0843 old_hull=0.0757
[AUTO_LOOP_REJECT] current=435 matched=336 tracked=212 descriptor=8 inliers=7 ratio=0.875 rel_t_m=0.0000 yaw_deg=170.78
[AUTO_LOOP_PNP_QUALITY] current=435 matched=303 inliers=7 rmse_px=inf p95_px=inf current_hull=0.1965 old_hull=0.1642
[AUTO_LOOP_REJECT] current=435 matched=303 tracked=212 descriptor=7 inliers=7 ratio=1.000 rel_t_m=0.0000 yaw_deg=170.78
[AUTO_LOOP_PNP_QUALITY] current=436 matched=336 inliers=7 rmse_px=inf p95_px=inf current_hull=0.1933 old_hull=0.1667
[AUTO_LOOP_REJECT] current=436 matched=336 tracked=184 descriptor=9 inliers=7 ratio=0.778 rel_t_m=0.0000 yaw_deg=171.88
[AUTO_LOOP_PNP_QUALITY] current=436 matched=345 inliers=7 rmse_px=inf p95_px=inf current_hull=0.2196 old_hull=0.1252
[AUTO_LOOP_REJECT] current=436 matched=345 tracked=184 descriptor=8 inliers=7 ratio=0.875 rel_t_m=0.0000 yaw_deg=171.88
[AUTO_LOOP_PNP_QUALITY] current=437 matched=336 inliers=5 rmse_px=inf p95_px=inf current_hull=0.1626 old_hull=0.0134
[AUTO_LOOP_REJECT] current=437 matched=336 tracked=172 descriptor=5 inliers=5 ratio=1.000 rel_t_m=0.0000 yaw_deg=172.96
[AUTO_LOOP_PNP_QUALITY] current=437 matched=346 inliers=7 rmse_px=inf p95_px=inf current_hull=0.0282 old_hull=0.0243
[AUTO_LOOP_REJECT] current=437 matched=346 tracked=172 descriptor=8 inliers=7 ratio=0.875 rel_t_m=0.0000 yaw_deg=172.96
[AUTO_LOOP_PNP_QUALITY] current=437 matched=307 inliers=5 rmse_px=inf p95_px=inf current_hull=0.1693 old_hull=0.1140
[AUTO_LOOP_REJECT] current=437 matched=307 tracked=172 descriptor=5 inliers=5 ratio=1.000 rel_t_m=0.0000 yaw_deg=172.96
[LOOP_INPUT] atomic_keyframes=450 transport_drops=0 backlog_drops=0 backlog=1
[AUTO_LOOP_PNP_QUALITY] current=439 matched=346 inliers=7 rmse_px=inf p95_px=inf current_hull=0.1806 old_hull=0.0613
[AUTO_LOOP_REJECT] current=439 matched=346 tracked=188 descriptor=7 inliers=7 ratio=1.000 rel_t_m=0.0000 yaw_deg=173.12
[AUTO_LOOP_PNP_QUALITY] current=439 matched=296 inliers=7 rmse_px=inf p95_px=inf current_hull=0.2261 old_hull=0.2526
[AUTO_LOOP_REJECT] current=439 matched=296 tracked=188 descriptor=8 inliers=7 ratio=0.875 rel_t_m=0.0000 yaw_deg=173.12
[AUTO_LOOP_PNP_QUALITY] current=440 matched=329 inliers=3 rmse_px=inf p95_px=inf current_hull=0.0230 old_hull=0.0355
[AUTO_LOOP_REJECT] current=440 matched=329 tracked=173 descriptor=3 inliers=3
[AUTO_LOOP_PNP_QUALITY] current=442 matched=325 inliers=7 rmse_px=inf p95_px=inf current_hull=0.1789 old_hull=0.2843
[AUTO_LOOP_REJECT] current=442 matched=325 tracked=167 descriptor=7 inliers=7 ratio=1.000 rel_t_m=0.0000 yaw_deg=174.75
[AUTO_LOOP_PNP_QUALITY] current=442 matched=348 inliers=5 rmse_px=inf p95_px=inf current_hull=0.1662 old_hull=0.1149
[AUTO_LOOP_REJECT] current=442 matched=348 tracked=167 descriptor=5 inliers=5 ratio=1.000 rel_t_m=0.0000 yaw_deg=174.75
[AUTO_LOOP_PNP_QUALITY] current=442 matched=303 inliers=5 rmse_px=inf p95_px=inf current_hull=0.0207 old_hull=0.0670
[AUTO_LOOP_REJECT] current=442 matched=303 tracked=167 descriptor=5 inliers=5 ratio=1.000 rel_t_m=0.0000 yaw_deg=174.75
[AUTO_LOOP_PNP_QUALITY] current=444 matched=325 inliers=6 rmse_px=inf p95_px=inf current_hull=0.1619 old_hull=0.1230
[AUTO_LOOP_REJECT] current=444 matched=325 tracked=185 descriptor=6 inliers=6 ratio=1.000 rel_t_m=0.0000 yaw_deg=177.45
[AUTO_LOOP_PNP_QUALITY] current=444 matched=340 inliers=6 rmse_px=inf p95_px=inf current_hull=0.1256 old_hull=0.0578
[AUTO_LOOP_REJECT] current=444 matched=340 tracked=185 descriptor=6 inliers=6 ratio=1.000 rel_t_m=0.0000 yaw_deg=177.45
[AUTO_LOOP_PNP_QUALITY] current=444 matched=336 inliers=3 rmse_px=inf p95_px=inf current_hull=0.0143 old_hull=0.0110
[AUTO_LOOP_REJECT] current=444 matched=336 tracked=185 descriptor=3 inliers=3
[AUTO_LOOP_PNP_QUALITY] current=445 matched=327 inliers=6 rmse_px=inf p95_px=inf current_hull=0.2202 old_hull=0.2973
[AUTO_LOOP_REJECT] current=445 matched=327 tracked=187 descriptor=6 inliers=6 ratio=1.000 rel_t_m=0.0000 yaw_deg=178.34
[AUTO_LOOP_PNP_QUALITY] current=445 matched=333 inliers=5 rmse_px=inf p95_px=inf current_hull=0.0896 old_hull=0.0746
[AUTO_LOOP_REJECT] current=445 matched=333 tracked=187 descriptor=5 inliers=5 ratio=1.000 rel_t_m=0.0000 yaw_deg=178.34
[AUTO_LOOP_PNP_QUALITY] current=445 matched=318 inliers=7 rmse_px=inf p95_px=inf current_hull=0.0354 old_hull=0.2412
[AUTO_LOOP_REJECT] current=445 matched=318 tracked=187 descriptor=8 inliers=7 ratio=0.875 rel_t_m=0.0000 yaw_deg=178.34
[AUTO_LOOP_PNP_QUALITY] current=446 matched=351 inliers=5 rmse_px=inf p95_px=inf current_hull=0.2224 old_hull=0.1594
[AUTO_LOOP_REJECT] current=446 matched=351 tracked=175 descriptor=5 inliers=5 ratio=1.000 rel_t_m=0.0000 yaw_deg=178.75
[AUTO_LOOP_PNP_QUALITY] current=446 matched=339 inliers=1 rmse_px=inf p95_px=inf current_hull=0.0000 old_hull=0.0000
[AUTO_LOOP_REJECT] current=446 matched=339 tracked=175 descriptor=1 inliers=1
[AUTO_LOOP_PNP_QUALITY] current=448 matched=336 inliers=2 rmse_px=inf p95_px=inf current_hull=0.0000 old_hull=0.0000
[AUTO_LOOP_REJECT] current=448 matched=336 tracked=147 descriptor=2 inliers=2
[AUTO_LOOP_PNP_QUALITY] current=448 matched=340 inliers=3 rmse_px=inf p95_px=inf current_hull=0.1195 old_hull=0.1028
[AUTO_LOOP_REJECT] current=448 matched=340 tracked=147 descriptor=3 inliers=3
[AUTO_LOOP_PNP_QUALITY] current=448 matched=345 inliers=3 rmse_px=inf p95_px=inf current_hull=0.1098 old_hull=0.0590
[AUTO_LOOP_REJECT] current=448 matched=345 tracked=147 descriptor=3 inliers=3
[AUTO_LOOP_PNP_QUALITY] current=448 matched=351 inliers=2 rmse_px=inf p95_px=inf current_hull=0.0000 old_hull=0.0000
[AUTO_LOOP_REJECT] current=448 matched=351 tracked=147 descriptor=2 inliers=2
[AUTO_LOOP_PNP_QUALITY] current=449 matched=341 inliers=2 rmse_px=inf p95_px=inf current_hull=0.0000 old_hull=0.0000
[AUTO_LOOP_REJECT] current=449 matched=341 tracked=132 descriptor=2 inliers=2
[AUTO_LOOP_REJECT] current=451 matched=340 tracked=29 descriptor=0 inliers=0
[AUTO_LOOP_PNP_QUALITY] current=451 matched=342 inliers=1 rmse_px=inf p95_px=inf current_hull=0.0000 old_hull=0.0000
[AUTO_LOOP_REJECT] current=451 matched=342 tracked=29 descriptor=1 inliers=1
[AUTO_LOOP_REJECT] current=451 matched=322 tracked=29 descriptor=0 inliers=0
[AUTO_LOOP_PNP_QUALITY] current=473 matched=265 inliers=7 rmse_px=inf p95_px=inf current_hull=0.0396 old_hull=0.0466
[AUTO_LOOP_REJECT] current=473 matched=265 tracked=118 descriptor=11 inliers=7 ratio=0.636 rel_t_m=0.0000 yaw_deg=-137.04
[AUTO_LOOP_PNP_QUALITY] current=473 matched=294 inliers=10 rmse_px=inf p95_px=inf current_hull=0.0421 old_hull=0.0930
[AUTO_LOOP_REJECT] current=473 matched=294 tracked=118 descriptor=18 inliers=10 ratio=0.556 rel_t_m=0.0000 yaw_deg=-137.04
[AUTO_LOOP_PNP_QUALITY] current=473 matched=292 inliers=8 rmse_px=inf p95_px=inf current_hull=0.0289 old_hull=0.0736
[AUTO_LOOP_REJECT] current=473 matched=292 tracked=118 descriptor=14 inliers=8 ratio=0.571 rel_t_m=0.0000 yaw_deg=-137.04
[LOOP_INPUT] atomic_keyframes=500 transport_drops=0 backlog_drops=0 backlog=1
[AUTO_LOOP_PNP_QUALITY] current=491 matched=313 inliers=9 rmse_px=inf p95_px=inf current_hull=0.1215 old_hull=0.0425
[AUTO_LOOP_REJECT] current=491 matched=313 tracked=218 descriptor=18 inliers=9 ratio=0.500 rel_t_m=0.0000 yaw_deg=-108.47
[AUTO_LOOP_PNP_QUALITY] current=491 matched=329 inliers=9 rmse_px=inf p95_px=inf current_hull=0.1070 old_hull=0.0534
[AUTO_LOOP_REJECT] current=491 matched=329 tracked=218 descriptor=16 inliers=9 ratio=0.562 rel_t_m=0.0000 yaw_deg=-108.47
[AUTO_LOOP_PNP_QUALITY] current=491 matched=307 inliers=7 rmse_px=inf p95_px=inf current_hull=0.0531 old_hull=0.0594
[AUTO_LOOP_REJECT] current=491 matched=307 tracked=218 descriptor=11 inliers=7 ratio=0.636 rel_t_m=0.0000 yaw_deg=-108.47
[AUTO_LOOP_PNP_QUALITY] current=491 matched=336 inliers=7 rmse_px=inf p95_px=inf current_hull=0.1161 old_hull=0.0123
[AUTO_LOOP_REJECT] current=491 matched=336 tracked=218 descriptor=11 inliers=7 ratio=0.636 rel_t_m=0.0000 yaw_deg=-108.47
[AUTO_LOOP_PNP_QUALITY] current=493 matched=336 inliers=9 rmse_px=inf p95_px=inf current_hull=0.1020 old_hull=0.0139
[AUTO_LOOP_REJECT] current=493 matched=336 tracked=257 descriptor=17 inliers=9 ratio=0.529 rel_t_m=0.0000 yaw_deg=-106.55
[AUTO_LOOP_PNP_QUALITY] current=493 matched=313 inliers=9 rmse_px=inf p95_px=inf current_hull=0.0688 old_hull=0.0361
[AUTO_LOOP_REJECT] current=493 matched=313 tracked=257 descriptor=16 inliers=9 ratio=0.562 rel_t_m=0.0000 yaw_deg=-106.55
[AUTO_LOOP_PNP_QUALITY] current=493 matched=307 inliers=9 rmse_px=inf p95_px=inf current_hull=0.1332 old_hull=0.0406
[AUTO_LOOP_REJECT] current=493 matched=307 tracked=257 descriptor=18 inliers=9 ratio=0.500 rel_t_m=0.0000 yaw_deg=-106.55
[AUTO_LOOP_PNP_QUALITY] current=493 matched=306 inliers=8 rmse_px=inf p95_px=inf current_hull=0.2184 old_hull=0.0869
[AUTO_LOOP_REJECT] current=493 matched=306 tracked=257 descriptor=14 inliers=8 ratio=0.571 rel_t_m=0.0000 yaw_deg=-106.55
[AUTO_LOOP_PNP_QUALITY] current=494 matched=336 inliers=7 rmse_px=inf p95_px=inf current_hull=0.0879 old_hull=0.0129
[AUTO_LOOP_REJECT] current=494 matched=336 tracked=273 descriptor=11 inliers=7 ratio=0.636 rel_t_m=0.0000 yaw_deg=-107.58
[AUTO_LOOP_PNP_QUALITY] current=494 matched=306 inliers=7 rmse_px=inf p95_px=inf current_hull=0.1553 old_hull=0.0750
[AUTO_LOOP_REJECT] current=494 matched=306 tracked=273 descriptor=11 inliers=7 ratio=0.636 rel_t_m=0.0000 yaw_deg=-107.58
[AUTO_LOOP_PNP_QUALITY] current=494 matched=315 inliers=10 rmse_px=inf p95_px=inf current_hull=0.1278 old_hull=0.0517
[AUTO_LOOP_REJECT] current=494 matched=315 tracked=273 descriptor=19 inliers=10 ratio=0.526 rel_t_m=0.0000 yaw_deg=-107.58
[AUTO_LOOP_PNP_QUALITY] current=495 matched=306 inliers=9 rmse_px=inf p95_px=inf current_hull=0.1853 old_hull=0.0266
[AUTO_LOOP_REJECT] current=495 matched=306 tracked=302 descriptor=16 inliers=9 ratio=0.562 rel_t_m=0.0000 yaw_deg=-108.74
[AUTO_LOOP_PNP_QUALITY] current=495 matched=336 inliers=7 rmse_px=inf p95_px=inf current_hull=0.1225 old_hull=0.0553
[AUTO_LOOP_REJECT] current=495 matched=336 tracked=302 descriptor=13 inliers=7 ratio=0.538 rel_t_m=0.0000 yaw_deg=-108.74
[AUTO_LOOP_PNP_QUALITY] current=495 matched=316 inliers=7 rmse_px=inf p95_px=inf current_hull=0.0668 old_hull=0.0237
[AUTO_LOOP_REJECT] current=495 matched=316 tracked=302 descriptor=13 inliers=7 ratio=0.538 rel_t_m=0.0000 yaw_deg=-108.74
[AUTO_LOOP_PNP_QUALITY] current=495 matched=310 inliers=9 rmse_px=inf p95_px=inf current_hull=0.1549 old_hull=0.0600
[AUTO_LOOP_REJECT] current=495 matched=310 tracked=302 descriptor=17 inliers=9 ratio=0.529 rel_t_m=0.0000 yaw_deg=-108.74
[AUTO_LOOP_PNP_QUALITY] current=496 matched=313 inliers=7 rmse_px=inf p95_px=inf current_hull=0.0563 old_hull=0.0111
[AUTO_LOOP_REJECT] current=496 matched=313 tracked=302 descriptor=11 inliers=7 ratio=0.636 rel_t_m=0.0000 yaw_deg=-109.83
[AUTO_LOOP_PNP_QUALITY] current=496 matched=306 inliers=9 rmse_px=inf p95_px=inf current_hull=0.0923 old_hull=0.0270
[AUTO_LOOP_REJECT] current=496 matched=306 tracked=302 descriptor=17 inliers=9 ratio=0.529 rel_t_m=0.0000 yaw_deg=-109.83
[AUTO_LOOP_PNP_QUALITY] current=496 matched=307 inliers=9 rmse_px=inf p95_px=inf current_hull=0.1051 old_hull=0.0516
[AUTO_LOOP_REJECT] current=496 matched=307 tracked=302 descriptor=15 inliers=9 ratio=0.600 rel_t_m=0.0000 yaw_deg=-109.83
[AUTO_LOOP_PNP_QUALITY] current=498 matched=310 inliers=10 rmse_px=inf p95_px=inf current_hull=0.0908 old_hull=0.0551
[AUTO_LOOP_REJECT] current=498 matched=310 tracked=286 descriptor=22 inliers=10 ratio=0.455 rel_t_m=0.0000 yaw_deg=-112.12
[AUTO_LOOP_PNP_QUALITY] current=498 matched=316 inliers=9 rmse_px=inf p95_px=inf current_hull=0.1035 old_hull=0.0437
[AUTO_LOOP_REJECT] current=498 matched=316 tracked=286 descriptor=18 inliers=9 ratio=0.500 rel_t_m=0.0000 yaw_deg=-112.12
[AUTO_LOOP_PNP_QUALITY] current=498 matched=336 inliers=8 rmse_px=inf p95_px=inf current_hull=0.0926 old_hull=0.0185
[AUTO_LOOP_REJECT] current=498 matched=336 tracked=286 descriptor=14 inliers=8 ratio=0.571 rel_t_m=0.0000 yaw_deg=-112.12
[AUTO_LOOP_PNP_QUALITY] current=498 matched=306 inliers=10 rmse_px=inf p95_px=inf current_hull=0.1321 old_hull=0.0510
[AUTO_LOOP_REJECT] current=498 matched=306 tracked=286 descriptor=20 inliers=10 ratio=0.500 rel_t_m=0.0000 yaw_deg=-112.12
[AUTO_LOOP_PNP_QUALITY] current=499 matched=306 inliers=10 rmse_px=inf p95_px=inf current_hull=0.0737 old_hull=0.0611
[AUTO_LOOP_REJECT] current=499 matched=306 tracked=279 descriptor=17 inliers=10 ratio=0.588 rel_t_m=0.0000 yaw_deg=-112.97
[AUTO_LOOP_PNP_QUALITY] current=499 matched=307 inliers=9 rmse_px=inf p95_px=inf current_hull=0.0820 old_hull=0.0136
[AUTO_LOOP_REJECT] current=499 matched=307 tracked=279 descriptor=16 inliers=9 ratio=0.562 rel_t_m=0.0000 yaw_deg=-112.97
[AUTO_LOOP_PNP_QUALITY] current=499 matched=308 inliers=10 rmse_px=inf p95_px=inf current_hull=0.1037 old_hull=0.0381
[AUTO_LOOP_REJECT] current=499 matched=308 tracked=279 descriptor=21 inliers=10 ratio=0.476 rel_t_m=0.0000 yaw_deg=-112.97
[AUTO_LOOP_PNP_QUALITY] current=500 matched=308 inliers=9 rmse_px=inf p95_px=inf current_hull=0.0947 old_hull=0.0272
[AUTO_LOOP_REJECT] current=500 matched=308 tracked=278 descriptor=15 inliers=9 ratio=0.600 rel_t_m=0.0000 yaw_deg=-113.81
[AUTO_LOOP_PNP_QUALITY] current=500 matched=307 inliers=9 rmse_px=inf p95_px=inf current_hull=0.0763 old_hull=0.0189
[AUTO_LOOP_REJECT] current=500 matched=307 tracked=278 descriptor=19 inliers=9 ratio=0.474 rel_t_m=0.0000 yaw_deg=-113.81
[AUTO_LOOP_PNP_QUALITY] current=500 matched=305 inliers=10 rmse_px=inf p95_px=inf current_hull=0.0632 old_hull=0.0330
[AUTO_LOOP_REJECT] current=500 matched=305 tracked=278 descriptor=20 inliers=10 ratio=0.500 rel_t_m=0.0000 yaw_deg=-113.81
[AUTO_LOOP_PNP_QUALITY] current=502 matched=305 inliers=9 rmse_px=inf p95_px=inf current_hull=0.0928 old_hull=0.0668
[AUTO_LOOP_REJECT] current=502 matched=305 tracked=265 descriptor=19 inliers=9 ratio=0.474 rel_t_m=0.0000 yaw_deg=-116.07
[AUTO_LOOP_PNP_QUALITY] current=502 matched=316 inliers=8 rmse_px=inf p95_px=inf current_hull=0.0685 old_hull=0.0297
[AUTO_LOOP_REJECT] current=502 matched=316 tracked=265 descriptor=14 inliers=8 ratio=0.571 rel_t_m=0.0000 yaw_deg=-116.07
[AUTO_LOOP_PNP_QUALITY] current=502 matched=308 inliers=10 rmse_px=inf p95_px=inf current_hull=0.1138 old_hull=0.0542
[AUTO_LOOP_REJECT] current=502 matched=308 tracked=265 descriptor=20 inliers=10 ratio=0.500 rel_t_m=0.0000 yaw_deg=-116.07
[AUTO_LOOP_PNP_QUALITY] current=502 matched=295 inliers=10 rmse_px=inf p95_px=inf current_hull=0.1259 old_hull=0.0650
[AUTO_LOOP_REJECT] current=502 matched=295 tracked=265 descriptor=20 inliers=10 ratio=0.500 rel_t_m=0.0000 yaw_deg=-116.07
[AUTO_LOOP_PNP_QUALITY] current=503 matched=308 inliers=7 rmse_px=inf p95_px=inf current_hull=0.0658 old_hull=0.0854
[AUTO_LOOP_REJECT] current=503 matched=308 tracked=259 descriptor=13 inliers=7 ratio=0.538 rel_t_m=0.0000 yaw_deg=-115.55
[AUTO_LOOP_PNP_QUALITY] current=503 matched=305 inliers=9 rmse_px=inf p95_px=inf current_hull=0.0888 old_hull=0.0142
[AUTO_LOOP_REJECT] current=503 matched=305 tracked=259 descriptor=16 inliers=9 ratio=0.562 rel_t_m=0.0000 yaw_deg=-115.55
[AUTO_LOOP_PNP_QUALITY] current=503 matched=320 inliers=10 rmse_px=inf p95_px=inf current_hull=0.1146 old_hull=0.0220
[AUTO_LOOP_REJECT] current=503 matched=320 tracked=259 descriptor=25 inliers=10 ratio=0.400 rel_t_m=0.0000 yaw_deg=-115.55
[AUTO_LOOP_PNP_QUALITY] current=503 matched=316 inliers=10 rmse_px=inf p95_px=inf current_hull=0.1341 old_hull=0.0181
[AUTO_LOOP_REJECT] current=503 matched=316 tracked=259 descriptor=20 inliers=10 ratio=0.500 rel_t_m=0.0000 yaw_deg=-115.55
[AUTO_LOOP_PNP_QUALITY] current=504 matched=306 inliers=9 rmse_px=inf p95_px=inf current_hull=0.0371 old_hull=0.0013
[AUTO_LOOP_REJECT] current=504 matched=306 tracked=256 descriptor=16 inliers=9 ratio=0.562 rel_t_m=0.0000 yaw_deg=-115.37
[AUTO_LOOP_PNP_QUALITY] current=504 matched=313 inliers=10 rmse_px=inf p95_px=inf current_hull=0.0786 old_hull=0.0361
[AUTO_LOOP_REJECT] current=504 matched=313 tracked=256 descriptor=19 inliers=10 ratio=0.526 rel_t_m=0.0000 yaw_deg=-115.37
[AUTO_LOOP_PNP_QUALITY] current=504 matched=310 inliers=9 rmse_px=inf p95_px=inf current_hull=0.0961 old_hull=0.0334
[AUTO_LOOP_REJECT] current=504 matched=310 tracked=256 descriptor=16 inliers=9 ratio=0.562 rel_t_m=0.0000 yaw_deg=-115.37
[AUTO_LOOP_PNP_QUALITY] current=505 matched=316 inliers=9 rmse_px=inf p95_px=inf current_hull=0.1174 old_hull=0.0205
[AUTO_LOOP_REJECT] current=505 matched=316 tracked=252 descriptor=19 inliers=9 ratio=0.474 rel_t_m=0.0000 yaw_deg=-114.78
[AUTO_LOOP_PNP_QUALITY] current=505 matched=336 inliers=8 rmse_px=inf p95_px=inf current_hull=0.0911 old_hull=0.0182
[AUTO_LOOP_REJECT] current=505 matched=336 tracked=252 descriptor=14 inliers=8 ratio=0.571 rel_t_m=0.0000 yaw_deg=-114.78
[AUTO_LOOP_PNP_QUALITY] current=505 matched=307 inliers=9 rmse_px=inf p95_px=inf current_hull=0.0571 old_hull=0.0388
[AUTO_LOOP_REJECT] current=505 matched=307 tracked=252 descriptor=16 inliers=9 ratio=0.562 rel_t_m=0.0000 yaw_deg=-114.78
[AUTO_LOOP_PNP_QUALITY] current=521 matched=312 inliers=11 rmse_px=inf p95_px=inf current_hull=0.0682 old_hull=0.0243
[AUTO_LOOP_REJECT] current=521 matched=312 tracked=169 descriptor=23 inliers=11 ratio=0.478 rel_t_m=0.0000 yaw_deg=-125.81
[AUTO_LOOP_PNP_QUALITY] current=521 matched=308 inliers=10 rmse_px=inf p95_px=inf current_hull=0.1018 old_hull=0.0470
[AUTO_LOOP_REJECT] current=521 matched=308 tracked=169 descriptor=22 inliers=10 ratio=0.455 rel_t_m=0.0000 yaw_deg=-125.81
[AUTO_LOOP_PNP_QUALITY] current=521 matched=305 inliers=10 rmse_px=inf p95_px=inf current_hull=0.0869 old_hull=0.0254
[AUTO_LOOP_REJECT] current=521 matched=305 tracked=169 descriptor=25 inliers=10 ratio=0.400 rel_t_m=0.0000 yaw_deg=-125.81
[AUTO_LOOP_PNP_QUALITY] current=521 matched=307 inliers=9 rmse_px=inf p95_px=inf current_hull=0.0960 old_hull=0.0261
[AUTO_LOOP_REJECT] current=521 matched=307 tracked=169 descriptor=25 inliers=9 ratio=0.360 rel_t_m=0.0000 yaw_deg=-125.81
[AUTO_LOOP_PNP_QUALITY] current=522 matched=319 inliers=11 rmse_px=inf p95_px=inf current_hull=0.0328 old_hull=0.0139
[AUTO_LOOP_REJECT] current=522 matched=319 tracked=183 descriptor=26 inliers=11 ratio=0.423 rel_t_m=0.0000 yaw_deg=-125.84
[AUTO_LOOP_PNP_QUALITY] current=522 matched=305 inliers=9 rmse_px=inf p95_px=inf current_hull=0.1188 old_hull=0.0272
[AUTO_LOOP_REJECT] current=522 matched=305 tracked=183 descriptor=22 inliers=9 ratio=0.409 rel_t_m=0.0000 yaw_deg=-125.84
[AUTO_LOOP_PNP_QUALITY] current=522 matched=325 inliers=10 rmse_px=inf p95_px=inf current_hull=0.0875 old_hull=0.0233
[AUTO_LOOP_REJECT] current=522 matched=325 tracked=183 descriptor=22 inliers=10 ratio=0.455 rel_t_m=0.0000 yaw_deg=-125.84
[AUTO_LOOP_PNP_QUALITY] current=537 matched=88 inliers=7 rmse_px=inf p95_px=inf current_hull=0.1250 old_hull=0.0834
[AUTO_LOOP_REJECT] current=537 matched=88 tracked=179 descriptor=8 inliers=7 ratio=0.875 rel_t_m=0.0000 yaw_deg=-101.68
[AUTO_LOOP_PNP_QUALITY] current=537 matched=66 inliers=7 rmse_px=inf p95_px=inf current_hull=0.0816 old_hull=0.0667
[AUTO_LOOP_REJECT] current=537 matched=66 tracked=179 descriptor=11 inliers=7 ratio=0.636 rel_t_m=0.0000 yaw_deg=-101.68
[AUTO_LOOP_PNP_QUALITY] current=537 matched=60 inliers=7 rmse_px=inf p95_px=inf current_hull=0.1033 old_hull=0.0919
[AUTO_LOOP_REJECT] current=537 matched=60 tracked=179 descriptor=11 inliers=7 ratio=0.636 rel_t_m=0.0000 yaw_deg=-101.68
[AUTO_LOOP_PNP_QUALITY] current=537 matched=51 inliers=9 rmse_px=inf p95_px=inf current_hull=0.1058 old_hull=0.0696
[AUTO_LOOP_REJECT] current=537 matched=51 tracked=179 descriptor=15 inliers=9 ratio=0.600 rel_t_m=0.0000 yaw_deg=-101.68
[LOOP_INPUT] atomic_keyframes=550 transport_drops=0 backlog_drops=0 backlog=1
[AUTO_LOOP_PNP_QUALITY] current=542 matched=316 inliers=9 rmse_px=inf p95_px=inf current_hull=0.0883 old_hull=0.0381
[AUTO_LOOP_REJECT] current=542 matched=316 tracked=141 descriptor=16 inliers=9 ratio=0.562 rel_t_m=0.0000 yaw_deg=-98.29
[AUTO_LOOP_PNP_QUALITY] current=542 matched=346 inliers=7 rmse_px=inf p95_px=inf current_hull=0.1188 old_hull=0.0917
[AUTO_LOOP_REJECT] current=542 matched=346 tracked=141 descriptor=12 inliers=7 ratio=0.583 rel_t_m=0.0000 yaw_deg=-98.29
[AUTO_LOOP_PNP_QUALITY] current=542 matched=303 inliers=10 rmse_px=inf p95_px=inf current_hull=0.0993 old_hull=0.0422
[AUTO_LOOP_REJECT] current=542 matched=303 tracked=141 descriptor=17 inliers=10 ratio=0.588 rel_t_m=0.0000 yaw_deg=-98.29
[AUTO_LOOP_PNP_QUALITY] current=542 matched=295 inliers=9 rmse_px=inf p95_px=inf current_hull=0.0716 old_hull=0.0244
[AUTO_LOOP_REJECT] current=542 matched=295 tracked=141 descriptor=19 inliers=9 ratio=0.474 rel_t_m=0.0000 yaw_deg=-98.29
[AUTO_LOOP_PNP_QUALITY] current=551 matched=17 inliers=11 rmse_px=inf p95_px=inf current_hull=0.0973 old_hull=0.0612
[AUTO_LOOP_REJECT] current=551 matched=17 tracked=176 descriptor=29 inliers=11 ratio=0.379 rel_t_m=0.0000 yaw_deg=-93.14
[AUTO_LOOP_PNP_QUALITY] current=551 matched=8 inliers=11 rmse_px=inf p95_px=inf current_hull=0.1116 old_hull=0.0961
[AUTO_LOOP_REJECT] current=551 matched=8 tracked=176 descriptor=24 inliers=11 ratio=0.458 rel_t_m=0.0000 yaw_deg=-93.14
[AUTO_LOOP_PNP_QUALITY] current=552 matched=307 inliers=7 rmse_px=inf p95_px=inf current_hull=0.0213 old_hull=0.0126
[AUTO_LOOP_REJECT] current=552 matched=307 tracked=172 descriptor=7 inliers=7 ratio=1.000 rel_t_m=0.0000 yaw_deg=-93.16
[AUTO_LOOP_PNP_QUALITY] current=552 matched=329 inliers=7 rmse_px=inf p95_px=inf current_hull=0.0272 old_hull=0.0050
[AUTO_LOOP_REJECT] current=552 matched=329 tracked=172 descriptor=7 inliers=7 ratio=1.000 rel_t_m=0.0000 yaw_deg=-93.16
[AUTO_LOOP_PNP_QUALITY] current=552 matched=313 inliers=7 rmse_px=inf p95_px=inf current_hull=0.0758 old_hull=0.0241
[AUTO_LOOP_REJECT] current=552 matched=313 tracked=172 descriptor=9 inliers=7 ratio=0.778 rel_t_m=0.0000 yaw_deg=-93.16
[AUTO_LOOP_PNP_QUALITY] current=552 matched=336 inliers=7 rmse_px=inf p95_px=inf current_hull=0.1060 old_hull=0.0703
[AUTO_LOOP_REJECT] current=552 matched=336 tracked=172 descriptor=12 inliers=7 ratio=0.583 rel_t_m=0.0000 yaw_deg=-93.16
[AUTO_LOOP_PNP_QUALITY] current=553 matched=333 inliers=7 rmse_px=inf p95_px=inf current_hull=0.0453 old_hull=0.0085
[AUTO_LOOP_REJECT] current=553 matched=333 tracked=175 descriptor=7 inliers=7 ratio=1.000 rel_t_m=0.0000 yaw_deg=-93.17
[AUTO_LOOP_PNP_QUALITY] current=553 matched=310 inliers=7 rmse_px=inf p95_px=inf current_hull=0.0719 old_hull=0.0106
[AUTO_LOOP_REJECT] current=553 matched=310 tracked=175 descriptor=10 inliers=7 ratio=0.700 rel_t_m=0.0000 yaw_deg=-93.17
[AUTO_LOOP_PNP_QUALITY] current=553 matched=336 inliers=7 rmse_px=inf p95_px=inf current_hull=0.0411 old_hull=0.0080
[AUTO_LOOP_REJECT] current=553 matched=336 tracked=175 descriptor=9 inliers=7 ratio=0.778 rel_t_m=0.0000 yaw_deg=-93.17
[AUTO_LOOP_PNP_QUALITY] current=565 matched=333 inliers=6 rmse_px=inf p95_px=inf current_hull=0.0143 old_hull=0.0030
[AUTO_LOOP_REJECT] current=565 matched=333 tracked=107 descriptor=6 inliers=6 ratio=1.000 rel_t_m=0.0000 yaw_deg=-91.34
[AUTO_LOOP_PNP_QUALITY] current=565 matched=325 inliers=7 rmse_px=inf p95_px=inf current_hull=0.0503 old_hull=0.0237
[AUTO_LOOP_REJECT] current=565 matched=325 tracked=107 descriptor=9 inliers=7 ratio=0.778 rel_t_m=0.0000 yaw_deg=-91.34
[AUTO_LOOP_PNP_QUALITY] current=565 matched=330 inliers=7 rmse_px=inf p95_px=inf current_hull=0.0605 old_hull=0.0972
[AUTO_LOOP_REJECT] current=565 matched=330 tracked=107 descriptor=9 inliers=7 ratio=0.778 rel_t_m=0.0000 yaw_deg=-91.34
[AUTO_LOOP_PNP_QUALITY] current=565 matched=318 inliers=7 rmse_px=inf p95_px=inf current_hull=0.0354 old_hull=0.0330
[AUTO_LOOP_REJECT] current=565 matched=318 tracked=107 descriptor=11 inliers=7 ratio=0.636 rel_t_m=0.0000 yaw_deg=-91.34
[AUTO_LOOP_REJECT] current=569 matched=333 tracked=13 descriptor=0 inliers=0
[AUTO_LOOP_REJECT] current=569 matched=318 tracked=13 descriptor=0 inliers=0
[AUTO_LOOP_REJECT] current=569 matched=330 tracked=13 descriptor=0 inliers=0
[AUTO_LOOP_REJECT] current=569 matched=310 tracked=13 descriptor=0 inliers=0
[AUTO_LOOP_PNP_QUALITY] current=572 matched=313 inliers=7 rmse_px=inf p95_px=inf current_hull=0.0193 old_hull=0.0133
[AUTO_LOOP_REJECT] current=572 matched=313 tracked=220 descriptor=12 inliers=7 ratio=0.583 rel_t_m=0.0000 yaw_deg=-88.92
[AUTO_LOOP_PNP_QUALITY] current=572 matched=330 inliers=8 rmse_px=inf p95_px=inf current_hull=0.0558 old_hull=0.1048
[AUTO_LOOP_REJECT] current=572 matched=330 tracked=220 descriptor=14 inliers=8 ratio=0.571 rel_t_m=0.0000 yaw_deg=-88.92
[AUTO_LOOP_PNP_QUALITY] current=572 matched=318 inliers=9 rmse_px=inf p95_px=inf current_hull=0.0420 old_hull=0.0058
[AUTO_LOOP_REJECT] current=572 matched=318 tracked=220 descriptor=15 inliers=9 ratio=0.600 rel_t_m=0.0000 yaw_deg=-88.92
[AUTO_LOOP_PNP_QUALITY] current=572 matched=310 inliers=7 rmse_px=inf p95_px=inf current_hull=0.0301 old_hull=0.0165
[AUTO_LOOP_REJECT] current=572 matched=310 tracked=220 descriptor=13 inliers=7 ratio=0.538 rel_t_m=0.0000 yaw_deg=-88.92
[AUTO_LOOP_PNP_QUALITY] current=573 matched=59 inliers=9 rmse_px=inf p95_px=inf current_hull=0.0864 old_hull=0.0693
[AUTO_LOOP_REJECT] current=573 matched=59 tracked=242 descriptor=20 inliers=9 ratio=0.450 rel_t_m=0.0000 yaw_deg=-0.75
[AUTO_LOOP_PNP_QUALITY] current=575 matched=311 inliers=10 rmse_px=inf p95_px=inf current_hull=0.0528 old_hull=0.0218
[AUTO_LOOP_REJECT] current=575 matched=311 tracked=194 descriptor=16 inliers=10 ratio=0.625 rel_t_m=0.0000 yaw_deg=-92.75
[AUTO_LOOP_PNP_QUALITY] current=575 matched=298 inliers=7 rmse_px=inf p95_px=inf current_hull=0.0237 old_hull=0.0185
[AUTO_LOOP_REJECT] current=575 matched=298 tracked=194 descriptor=9 inliers=7 ratio=0.778 rel_t_m=0.0000 yaw_deg=-92.75
[AUTO_LOOP_PNP_QUALITY] current=575 matched=336 inliers=9 rmse_px=inf p95_px=inf current_hull=0.0281 old_hull=0.0108
[AUTO_LOOP_REJECT] current=575 matched=336 tracked=194 descriptor=15 inliers=9 ratio=0.600 rel_t_m=0.0000 yaw_deg=-92.75
[AUTO_LOOP_PNP_QUALITY] current=575 matched=297 inliers=7 rmse_px=inf p95_px=inf current_hull=0.0335 old_hull=0.0275
[AUTO_LOOP_REJECT] current=575 matched=297 tracked=194 descriptor=10 inliers=7 ratio=0.700 rel_t_m=0.0000 yaw_deg=-92.75
[AUTO_LOOP_PNP_QUALITY] current=578 matched=301 inliers=8 rmse_px=inf p95_px=inf current_hull=0.0846 old_hull=0.0445
[AUTO_LOOP_REJECT] current=578 matched=301 tracked=221 descriptor=15 inliers=8 ratio=0.533 rel_t_m=0.0000 yaw_deg=-94.30
[AUTO_LOOP_PNP_QUALITY] current=578 matched=299 inliers=9 rmse_px=inf p95_px=inf current_hull=0.0887 old_hull=0.0271
[AUTO_LOOP_REJECT] current=578 matched=299 tracked=221 descriptor=18 inliers=9 ratio=0.500 rel_t_m=0.0000 yaw_deg=-94.30
[AUTO_LOOP_PNP_QUALITY] current=578 matched=325 inliers=7 rmse_px=inf p95_px=inf current_hull=0.0275 old_hull=0.0138
[AUTO_LOOP_REJECT] current=578 matched=325 tracked=221 descriptor=13 inliers=7 ratio=0.538 rel_t_m=0.0000 yaw_deg=-94.30
[AUTO_LOOP_PNP_QUALITY] current=583 matched=491 inliers=9 rmse_px=inf p95_px=inf current_hull=0.0938 old_hull=0.1706
[AUTO_LOOP_REJECT] current=583 matched=491 tracked=222 descriptor=18 inliers=9 ratio=0.500 rel_t_m=0.0000 yaw_deg=-95.23
[AUTO_LOOP_PNP_QUALITY] current=583 matched=309 inliers=7 rmse_px=inf p95_px=inf current_hull=0.0216 old_hull=0.0239
[AUTO_LOOP_REJECT] current=583 matched=309 tracked=222 descriptor=12 inliers=7 ratio=0.583 rel_t_m=0.0000 yaw_deg=-95.23
[AUTO_LOOP_PNP_QUALITY] current=583 matched=321 inliers=8 rmse_px=inf p95_px=inf current_hull=0.0295 old_hull=0.0191
[AUTO_LOOP_REJECT] current=583 matched=321 tracked=222 descriptor=14 inliers=8 ratio=0.571 rel_t_m=0.0000 yaw_deg=-95.23
[AUTO_LOOP_PNP_QUALITY] current=583 matched=299 inliers=7 rmse_px=inf p95_px=inf current_hull=0.1154 old_hull=0.0453
[AUTO_LOOP_REJECT] current=583 matched=299 tracked=222 descriptor=13 inliers=7 ratio=0.538 rel_t_m=0.0000 yaw_deg=-95.23
[AUTO_LOOP_PNP_QUALITY] current=587 matched=456 inliers=7 rmse_px=inf p95_px=inf current_hull=0.0662 old_hull=0.0739
[AUTO_LOOP_REJECT] current=587 matched=456 tracked=212 descriptor=9 inliers=7 ratio=0.778 rel_t_m=0.0000 yaw_deg=-2.25
[AUTO_LOOP_PNP_QUALITY] current=588 matched=448 inliers=6 rmse_px=inf p95_px=inf current_hull=0.0752 old_hull=0.0987
[AUTO_LOOP_REJECT] current=588 matched=448 tracked=211 descriptor=6 inliers=6 ratio=1.000 rel_t_m=0.0000 yaw_deg=-91.84
[LOOP_INPUT] atomic_keyframes=600 transport_drops=0 backlog_drops=0 backlog=1
[AUTO_LOOP_PNP_QUALITY] current=592 matched=5 inliers=14 rmse_px=2.480 p95_px=4.350 current_hull=0.0461 old_hull=0.0460
[AUTO_LOOP_REJECT] current=592 matched=5 tracked=158 descriptor=35 inliers=14 ratio=0.400 rel_t_m=0.1532 yaw_deg=0.95
[AUTO_LOOP_PNP_QUALITY] current=592 matched=407 inliers=3 rmse_px=inf p95_px=inf current_hull=0.0246 old_hull=0.0014
[AUTO_LOOP_REJECT] current=592 matched=407 tracked=158 descriptor=3 inliers=3
[AUTO_LOOP_PNP_QUALITY] current=592 matched=400 inliers=3 rmse_px=inf p95_px=inf current_hull=0.0010 old_hull=0.0013
[AUTO_LOOP_REJECT] current=592 matched=400 tracked=158 descriptor=3 inliers=3
[AUTO_LOOP_PNP_QUALITY] current=594 matched=3 inliers=19 rmse_px=2.238 p95_px=4.282 current_hull=0.0515 old_hull=0.0505
[AUTO_LOOP_REJECT] current=594 matched=3 tracked=196 descriptor=58 inliers=19 ratio=0.328 rel_t_m=0.1143 yaw_deg=2.55
[AUTO_LOOP_PNP_QUALITY] current=594 matched=5 inliers=25 rmse_px=2.570 p95_px=3.869 current_hull=0.0562 old_hull=0.0572
[AUTO_LOOP_RIGHT_PASS] current=594 matched=5 matches=392 inliers=262 ratio=0.668
[AUTO_LOOP_GEOMETRY_PASS] current=594 matched=5 inliers=25 ratio=0.472 rel_t_m=0.0714 yaw_deg=0.25
[AUTO_LOOP_PENDING] current=594 matched=5 confirmations=1/4 rel_t_m=0.0714 yaw_deg=0.25 correction_t_m=0.0443 correction_xyz_m=(-0.0280,-0.0213,0.0270) correction_yaw_deg=-0.65
[AUTO_LOOP_PNP_QUALITY] current=595 matched=5 inliers=18 rmse_px=2.136 p95_px=4.433 current_hull=0.0688 old_hull=0.0679
[AUTO_LOOP_RIGHT_PASS] current=595 matched=5 matches=408 inliers=304 ratio=0.745
[AUTO_LOOP_GEOMETRY_PASS] current=595 matched=5 inliers=18 ratio=0.360 rel_t_m=0.1273 yaw_deg=-1.42
[AUTO_LOOP_INCONSISTENT] current=595 matched=5 translation_disagreement_m=0.0893 yaw_disagreement_deg=1.96
[AUTO_LOOP_PENDING] current=595 matched=5 confirmations=1/4 rel_t_m=0.1273 yaw_deg=-1.42 correction_t_m=0.0768 correction_xyz_m=(-0.0569,0.0146,-0.0494) correction_yaw_deg=-2.61
[AUTO_LOOP_PNP_QUALITY] current=596 matched=5 inliers=15 rmse_px=2.609 p95_px=4.071 current_hull=0.0521 old_hull=0.0512
[AUTO_LOOP_REJECT] current=596 matched=5 tracked=239 descriptor=47 inliers=15 ratio=0.319 rel_t_m=0.1008 yaw_deg=3.91
[AUTO_LOOP_PNP_QUALITY] current=596 matched=3 inliers=24 rmse_px=2.141 p95_px=3.636 current_hull=0.0584 old_hull=0.0581
[AUTO_LOOP_RIGHT_PASS] current=596 matched=3 matches=505 inliers=393 ratio=0.778
[AUTO_LOOP_GEOMETRY_PASS] current=596 matched=3 inliers=24 ratio=0.421 rel_t_m=0.1073 yaw_deg=2.36
[AUTO_LOOP_PENDING] current=596 matched=3 confirmations=1/4 rel_t_m=0.1073 yaw_deg=2.36 correction_t_m=0.0452 correction_xyz_m=(0.0004,-0.0208,-0.0402) correction_yaw_deg=0.77
[AUTO_LOOP_PNP_QUALITY] current=597 matched=3 inliers=25 rmse_px=2.391 p95_px=3.774 current_hull=0.0308 old_hull=0.0308
[AUTO_LOOP_RIGHT_PASS] current=597 matched=3 matches=520 inliers=388 ratio=0.746
[AUTO_LOOP_GEOMETRY_PASS] current=597 matched=3 inliers=25 ratio=0.424 rel_t_m=0.0715 yaw_deg=3.70
[AUTO_LOOP_PENDING] current=597 matched=3 confirmations=2/4 rel_t_m=0.0715 yaw_deg=3.70 correction_t_m=0.0420 correction_xyz_m=(0.0162,-0.0300,0.0246) correction_yaw_deg=1.58
[AUTO_LOOP_PNP_QUALITY] current=598 matched=3 inliers=23 rmse_px=2.099 p95_px=3.178 current_hull=0.0503 old_hull=0.0490
[AUTO_LOOP_RIGHT_PASS] current=598 matched=3 matches=505 inliers=380 ratio=0.752
[AUTO_LOOP_GEOMETRY_PASS] current=598 matched=3 inliers=23 ratio=0.426 rel_t_m=0.0927 yaw_deg=0.72
[AUTO_LOOP_PENDING] current=598 matched=3 confirmations=3/4 rel_t_m=0.0927 yaw_deg=0.72 correction_t_m=0.0579 correction_xyz_m=(-0.0407,0.0039,-0.0411) correction_yaw_deg=-1.71
[AUTO_LOOP_PNP_QUALITY] current=599 matched=3 inliers=17 rmse_px=2.858 p95_px=3.777 current_hull=0.0447 old_hull=0.0448
[AUTO_LOOP_RIGHT_PASS] current=599 matched=3 matches=420 inliers=306 ratio=0.729
[AUTO_LOOP_GEOMETRY_PASS] current=599 matched=3 inliers=17 ratio=0.354 rel_t_m=0.1157 yaw_deg=5.75
[AUTO_LOOP_CORRECTION_REJECT] current=599 matched=3 fused_correction_t_m=0.0486 limit_m=0.0300
[INFO] [1786629881.944973282] [rclcpp]: signal_handler(SIGINT/SIGTERM)
[LOOP_INPUT_SUMMARY] received=610 transport_drops=0 backlog_drops=0 remaining_backlog=0
