config_file: /tmp/pnp_quality_000933_run3/vins_auto_loop_config.yaml
vocabulary_file/tmp/colcon-pnp-quality-install/vins_fusion_ros2/share/vins_fusion_ros2/support_files/brief_k10L6.bin
loop start load vocabulary
BRIEF_PATTERN_FILE/tmp/colcon-pnp-quality-install/vins_fusion_ros2/share/vins_fusion_ros2/support_files/brief_pattern.yml
cam calib path: /tmp/pnp_quality_000933_run3/left.yaml
fixed body_T_cam0 translation: -0.0152838 -0.0279302 -0.0123634
VIO input, perfrom 4 DoF (x, y, z, yaw) pose graph optimization
no previous pose graph
[LOOP_INPUT] atomic_keyframes=50 transport_drops=0 backlog_drops=0 backlog=1
[LOOP_INPUT] atomic_keyframes=100 transport_drops=0 backlog_drops=0 backlog=1
[AUTO_LOOP_PNP_QUALITY] current=126 matched=27 inliers=14 rmse_px=inf p95_px=inf current_hull=0.1047 old_hull=0.0669
[AUTO_LOOP_REJECT] current=126 matched=27 tracked=178 descriptor=26 inliers=14 ratio=0.538 rel_t_m=0.0000 yaw_deg=-101.47
[AUTO_LOOP_PNP_QUALITY] current=126 matched=25 inliers=9 rmse_px=1.878 p95_px=3.205 current_hull=0.0247 old_hull=0.0112
[AUTO_LOOP_REJECT] current=126 matched=25 tracked=178 descriptor=32 inliers=9 ratio=0.281 rel_t_m=0.3491 yaw_deg=-9.01
[AUTO_LOOP_PNP_QUALITY] current=126 matched=7 inliers=14 rmse_px=inf p95_px=inf current_hull=0.1395 old_hull=0.0571
[AUTO_LOOP_REJECT] current=126 matched=7 tracked=178 descriptor=32 inliers=14 ratio=0.438 rel_t_m=0.3491 yaw_deg=-9.01
[AUTO_LOOP_PNP_QUALITY] current=128 matched=27 inliers=9 rmse_px=2.395 p95_px=3.478 current_hull=0.0494 old_hull=0.0275
[AUTO_LOOP_REJECT] current=128 matched=27 tracked=177 descriptor=29 inliers=9 ratio=0.310 rel_t_m=0.2958 yaw_deg=-4.05
[AUTO_LOOP_PNP_QUALITY] current=128 matched=25 inliers=11 rmse_px=2.301 p95_px=3.713 current_hull=0.0822 old_hull=0.0430
[AUTO_LOOP_REJECT] current=128 matched=25 tracked=177 descriptor=37 inliers=11 ratio=0.297 rel_t_m=0.3294 yaw_deg=-8.18
[AUTO_LOOP_PNP_QUALITY] current=128 matched=7 inliers=10 rmse_px=inf p95_px=inf current_hull=0.0355 old_hull=0.0456
[AUTO_LOOP_REJECT] current=128 matched=7 tracked=177 descriptor=27 inliers=10 ratio=0.370 rel_t_m=0.3294 yaw_deg=-8.18
[AUTO_LOOP_PNP_QUALITY] current=131 matched=23 inliers=12 rmse_px=2.258 p95_px=3.605 current_hull=0.0442 old_hull=0.0179
[AUTO_LOOP_REJECT] current=131 matched=23 tracked=157 descriptor=31 inliers=12 ratio=0.387 rel_t_m=0.3835 yaw_deg=-9.39
[AUTO_LOOP_PNP_QUALITY] current=131 matched=26 inliers=12 rmse_px=2.176 p95_px=3.116 current_hull=0.0283 old_hull=0.0115
[AUTO_LOOP_REJECT] current=131 matched=26 tracked=157 descriptor=30 inliers=12 ratio=0.400 rel_t_m=0.3644 yaw_deg=-8.68
[LOOP_INPUT] atomic_keyframes=150 transport_drops=0 backlog_drops=0 backlog=1
[AUTO_LOOP_PNP_QUALITY] current=173 matched=79 inliers=13 rmse_px=1.806 p95_px=3.378 current_hull=0.0473 old_hull=0.0181
[AUTO_LOOP_REJECT] current=173 matched=79 tracked=120 descriptor=27 inliers=13 ratio=0.481 rel_t_m=0.3753 yaw_deg=-5.12
[LOOP_INPUT] atomic_keyframes=200 transport_drops=0 backlog_drops=0 backlog=1
[AUTO_LOOP_PNP_QUALITY] current=194 matched=21 inliers=10 rmse_px=inf p95_px=inf current_hull=0.0351 old_hull=0.0074
[AUTO_LOOP_REJECT] current=194 matched=21 tracked=162 descriptor=18 inliers=10 ratio=0.556 rel_t_m=0.0000 yaw_deg=-97.01
[AUTO_LOOP_PNP_QUALITY] current=194 matched=92 inliers=11 rmse_px=inf p95_px=inf current_hull=0.0415 old_hull=0.0230
[AUTO_LOOP_REJECT] current=194 matched=92 tracked=162 descriptor=25 inliers=11 ratio=0.440 rel_t_m=0.0000 yaw_deg=-97.01
[AUTO_LOOP_PNP_QUALITY] current=194 matched=51 inliers=10 rmse_px=inf p95_px=inf current_hull=0.0254 old_hull=0.0160
[AUTO_LOOP_REJECT] current=194 matched=51 tracked=162 descriptor=20 inliers=10 ratio=0.500 rel_t_m=0.0000 yaw_deg=-97.01
[AUTO_LOOP_PNP_QUALITY] current=199 matched=76 inliers=14 rmse_px=1.831 p95_px=2.598 current_hull=0.0426 old_hull=0.0140
[AUTO_LOOP_REJECT] current=199 matched=76 tracked=166 descriptor=31 inliers=14 ratio=0.452 rel_t_m=0.4303 yaw_deg=-0.02
[AUTO_LOOP_PNP_QUALITY] current=212 matched=14 inliers=12 rmse_px=inf p95_px=inf current_hull=0.0313 old_hull=0.0173
[AUTO_LOOP_REJECT] current=212 matched=14 tracked=204 descriptor=23 inliers=12 ratio=0.522 rel_t_m=0.0000 yaw_deg=-94.61
[AUTO_LOOP_PNP_QUALITY] current=221 matched=13 inliers=7 rmse_px=inf p95_px=inf current_hull=0.0191 old_hull=0.0247
[AUTO_LOOP_REJECT] current=221 matched=13 tracked=243 descriptor=10 inliers=7 ratio=0.700 rel_t_m=0.0000 yaw_deg=-92.81
[LOOP_INPUT] atomic_keyframes=250 transport_drops=0 backlog_drops=0 backlog=1
[AUTO_LOOP_REJECT] current=239 matched=42 tracked=46 descriptor=0 inliers=0
[AUTO_LOOP_REJECT] current=239 matched=50 tracked=46 descriptor=0 inliers=0
[AUTO_LOOP_PNP_QUALITY] current=253 matched=13 inliers=3 rmse_px=inf p95_px=inf current_hull=0.0012 old_hull=0.0250
[AUTO_LOOP_REJECT] current=253 matched=13 tracked=121 descriptor=3 inliers=3
[AUTO_LOOP_PNP_QUALITY] current=253 matched=36 inliers=2 rmse_px=inf p95_px=inf current_hull=0.0000 old_hull=0.0000
[AUTO_LOOP_REJECT] current=253 matched=36 tracked=121 descriptor=2 inliers=2
[AUTO_LOOP_REJECT] current=263 matched=69 tracked=61 descriptor=0 inliers=0
[AUTO_LOOP_PNP_QUALITY] current=264 matched=46 inliers=1 rmse_px=inf p95_px=inf current_hull=0.0000 old_hull=0.0000
[AUTO_LOOP_REJECT] current=264 matched=46 tracked=64 descriptor=1 inliers=1
[AUTO_LOOP_PNP_QUALITY] current=264 matched=47 inliers=2 rmse_px=inf p95_px=inf current_hull=0.0000 old_hull=0.0000
[AUTO_LOOP_REJECT] current=264 matched=47 tracked=64 descriptor=2 inliers=2
[AUTO_LOOP_PNP_QUALITY] current=266 matched=62 inliers=2 rmse_px=inf p95_px=inf current_hull=0.0000 old_hull=0.0000
[AUTO_LOOP_REJECT] current=266 matched=62 tracked=73 descriptor=2 inliers=2
[AUTO_LOOP_PNP_QUALITY] current=266 matched=63 inliers=1 rmse_px=inf p95_px=inf current_hull=0.0000 old_hull=0.0000
[AUTO_LOOP_REJECT] current=266 matched=63 tracked=73 descriptor=1 inliers=1
[AUTO_LOOP_PNP_QUALITY] current=266 matched=66 inliers=1 rmse_px=inf p95_px=inf current_hull=0.0000 old_hull=0.0000
[AUTO_LOOP_REJECT] current=266 matched=66 tracked=73 descriptor=1 inliers=1
[AUTO_LOOP_PNP_QUALITY] current=267 matched=11 inliers=4 rmse_px=inf p95_px=inf current_hull=0.0018 old_hull=0.0098
[AUTO_LOOP_REJECT] current=267 matched=11 tracked=82 descriptor=4 inliers=4 ratio=1.000 rel_t_m=0.0000 yaw_deg=-58.53
[AUTO_LOOP_PNP_QUALITY] current=269 matched=31 inliers=1 rmse_px=inf p95_px=inf current_hull=0.0000 old_hull=0.0000
[AUTO_LOOP_REJECT] current=269 matched=31 tracked=85 descriptor=1 inliers=1
[AUTO_LOOP_PNP_QUALITY] current=270 matched=151 inliers=2 rmse_px=inf p95_px=inf current_hull=0.0000 old_hull=0.0000
[AUTO_LOOP_REJECT] current=270 matched=151 tracked=89 descriptor=2 inliers=2
[AUTO_LOOP_PNP_QUALITY] current=271 matched=110 inliers=1 rmse_px=inf p95_px=inf current_hull=0.0000 old_hull=0.0000
[AUTO_LOOP_REJECT] current=271 matched=110 tracked=89 descriptor=1 inliers=1
[AUTO_LOOP_PNP_QUALITY] current=272 matched=11 inliers=2 rmse_px=inf p95_px=inf current_hull=0.0000 old_hull=0.0000
[AUTO_LOOP_REJECT] current=272 matched=11 tracked=92 descriptor=2 inliers=2
[AUTO_LOOP_PNP_QUALITY] current=273 matched=40 inliers=2 rmse_px=inf p95_px=inf current_hull=0.0000 old_hull=0.0000
[AUTO_LOOP_REJECT] current=273 matched=40 tracked=96 descriptor=2 inliers=2
[AUTO_LOOP_PNP_QUALITY] current=274 matched=46 inliers=2 rmse_px=inf p95_px=inf current_hull=0.0000 old_hull=0.0000
[AUTO_LOOP_REJECT] current=274 matched=46 tracked=90 descriptor=2 inliers=2
[AUTO_LOOP_PNP_QUALITY] current=274 matched=47 inliers=1 rmse_px=inf p95_px=inf current_hull=0.0000 old_hull=0.0000
[AUTO_LOOP_REJECT] current=274 matched=47 tracked=90 descriptor=1 inliers=1
[AUTO_LOOP_PNP_QUALITY] current=275 matched=63 inliers=2 rmse_px=inf p95_px=inf current_hull=0.0000 old_hull=0.0000
[AUTO_LOOP_REJECT] current=275 matched=63 tracked=90 descriptor=2 inliers=2
[AUTO_LOOP_PNP_QUALITY] current=275 matched=62 inliers=1 rmse_px=inf p95_px=inf current_hull=0.0000 old_hull=0.0000
[AUTO_LOOP_REJECT] current=275 matched=62 tracked=90 descriptor=1 inliers=1
[AUTO_LOOP_PNP_QUALITY] current=275 matched=64 inliers=1 rmse_px=inf p95_px=inf current_hull=0.0000 old_hull=0.0000
[AUTO_LOOP_REJECT] current=275 matched=64 tracked=90 descriptor=1 inliers=1
[AUTO_LOOP_PNP_QUALITY] current=276 matched=62 inliers=2 rmse_px=inf p95_px=inf current_hull=0.0000 old_hull=0.0000
[AUTO_LOOP_REJECT] current=276 matched=62 tracked=85 descriptor=2 inliers=2
[AUTO_LOOP_PNP_QUALITY] current=276 matched=63 inliers=1 rmse_px=inf p95_px=inf current_hull=0.0000 old_hull=0.0000
[AUTO_LOOP_REJECT] current=276 matched=63 tracked=85 descriptor=1 inliers=1
[AUTO_LOOP_REJECT] current=276 matched=64 tracked=85 descriptor=0 inliers=0
[AUTO_LOOP_PNP_QUALITY] current=277 matched=11 inliers=2 rmse_px=inf p95_px=inf current_hull=0.0000 old_hull=0.0000
[AUTO_LOOP_REJECT] current=277 matched=11 tracked=84 descriptor=2 inliers=2
[AUTO_LOOP_PNP_QUALITY] current=278 matched=151 inliers=3 rmse_px=inf p95_px=inf current_hull=0.0117 old_hull=0.0006
[AUTO_LOOP_REJECT] current=278 matched=151 tracked=84 descriptor=3 inliers=3
[AUTO_LOOP_PNP_QUALITY] current=281 matched=11 inliers=3 rmse_px=inf p95_px=inf current_hull=0.0011 old_hull=0.0070
[AUTO_LOOP_REJECT] current=281 matched=11 tracked=96 descriptor=3 inliers=3
[AUTO_LOOP_PNP_QUALITY] current=281 matched=2 inliers=1 rmse_px=inf p95_px=inf current_hull=0.0000 old_hull=0.0000
[AUTO_LOOP_REJECT] current=281 matched=2 tracked=96 descriptor=1 inliers=1
[AUTO_LOOP_PNP_QUALITY] current=281 matched=17 inliers=2 rmse_px=inf p95_px=inf current_hull=0.0000 old_hull=0.0000
[AUTO_LOOP_REJECT] current=281 matched=17 tracked=96 descriptor=2 inliers=2
[AUTO_LOOP_PNP_QUALITY] current=284 matched=11 inliers=2 rmse_px=inf p95_px=inf current_hull=0.0000 old_hull=0.0000
[AUTO_LOOP_REJECT] current=284 matched=11 tracked=91 descriptor=2 inliers=2
[AUTO_LOOP_REJECT] current=284 matched=69 tracked=91 descriptor=0 inliers=0
[AUTO_LOOP_REJECT] current=286 matched=63 tracked=88 descriptor=0 inliers=0
[AUTO_LOOP_PNP_QUALITY] current=286 matched=66 inliers=4 rmse_px=inf p95_px=inf current_hull=0.0022 old_hull=0.0055
[AUTO_LOOP_REJECT] current=286 matched=66 tracked=88 descriptor=4 inliers=4 ratio=1.000 rel_t_m=0.0000 yaw_deg=-57.29
[AUTO_LOOP_PNP_QUALITY] current=286 matched=62 inliers=3 rmse_px=inf p95_px=inf current_hull=0.0035 old_hull=0.0002
[AUTO_LOOP_REJECT] current=286 matched=62 tracked=88 descriptor=3 inliers=3
[LOOP_INPUT] atomic_keyframes=300 transport_drops=0 backlog_drops=0 backlog=1
[AUTO_LOOP_REJECT] current=289 matched=172 tracked=80 descriptor=0 inliers=0
[AUTO_LOOP_REJECT] current=290 matched=76 tracked=79 descriptor=0 inliers=0
[AUTO_LOOP_PNP_QUALITY] current=291 matched=30 inliers=1 rmse_px=inf p95_px=inf current_hull=0.0000 old_hull=0.0000
[AUTO_LOOP_REJECT] current=291 matched=30 tracked=76 descriptor=1 inliers=1
[AUTO_LOOP_PNP_QUALITY] current=292 matched=2 inliers=1 rmse_px=inf p95_px=inf current_hull=0.0000 old_hull=0.0000
[AUTO_LOOP_REJECT] current=292 matched=2 tracked=77 descriptor=1 inliers=1
[AUTO_LOOP_PNP_QUALITY] current=292 matched=17 inliers=2 rmse_px=inf p95_px=inf current_hull=0.0000 old_hull=0.0000
[AUTO_LOOP_REJECT] current=292 matched=17 tracked=77 descriptor=2 inliers=2
[AUTO_LOOP_PNP_QUALITY] current=292 matched=69 inliers=1 rmse_px=inf p95_px=inf current_hull=0.0000 old_hull=0.0000
[AUTO_LOOP_REJECT] current=292 matched=69 tracked=77 descriptor=1 inliers=1
[AUTO_LOOP_PNP_QUALITY] current=293 matched=5 inliers=3 rmse_px=inf p95_px=inf current_hull=0.0035 old_hull=0.0008
[AUTO_LOOP_REJECT] current=293 matched=5 tracked=81 descriptor=3 inliers=3
[AUTO_LOOP_PNP_QUALITY] current=300 matched=30 inliers=1 rmse_px=inf p95_px=inf current_hull=0.0000 old_hull=0.0000
[AUTO_LOOP_REJECT] current=300 matched=30 tracked=76 descriptor=1 inliers=1
[AUTO_LOOP_PNP_QUALITY] current=306 matched=44 inliers=1 rmse_px=inf p95_px=inf current_hull=0.0000 old_hull=0.0000
[AUTO_LOOP_REJECT] current=306 matched=44 tracked=72 descriptor=1 inliers=1
[AUTO_LOOP_PNP_QUALITY] current=308 matched=44 inliers=1 rmse_px=inf p95_px=inf current_hull=0.0000 old_hull=0.0000
[AUTO_LOOP_REJECT] current=308 matched=44 tracked=70 descriptor=1 inliers=1
[AUTO_LOOP_REJECT] current=309 matched=42 tracked=66 descriptor=0 inliers=0
[AUTO_LOOP_PNP_QUALITY] current=309 matched=50 inliers=1 rmse_px=inf p95_px=inf current_hull=0.0000 old_hull=0.0000
[AUTO_LOOP_REJECT] current=309 matched=50 tracked=66 descriptor=1 inliers=1
[AUTO_LOOP_PNP_QUALITY] current=315 matched=5 inliers=3 rmse_px=inf p95_px=inf current_hull=0.0160 old_hull=0.0319
[AUTO_LOOP_REJECT] current=315 matched=5 tracked=84 descriptor=3 inliers=3
[AUTO_LOOP_PNP_QUALITY] current=315 matched=3 inliers=1 rmse_px=inf p95_px=inf current_hull=0.0000 old_hull=0.0000
[AUTO_LOOP_REJECT] current=315 matched=3 tracked=84 descriptor=1 inliers=1
[AUTO_LOOP_PNP_QUALITY] current=336 matched=31 inliers=12 rmse_px=inf p95_px=inf current_hull=0.0391 old_hull=0.0208
[AUTO_LOOP_REJECT] current=336 matched=31 tracked=206 descriptor=21 inliers=12 ratio=0.571 rel_t_m=0.0000 yaw_deg=-83.36
[AUTO_LOOP_PNP_QUALITY] current=336 matched=240 inliers=7 rmse_px=inf p95_px=inf current_hull=0.0769 old_hull=0.0865
[AUTO_LOOP_REJECT] current=336 matched=240 tracked=206 descriptor=8 inliers=7 ratio=0.875 rel_t_m=0.0000 yaw_deg=-83.36
[AUTO_LOOP_PNP_QUALITY] current=336 matched=10 inliers=9 rmse_px=inf p95_px=inf current_hull=0.0201 old_hull=0.0510
[AUTO_LOOP_REJECT] current=336 matched=10 tracked=206 descriptor=15 inliers=9 ratio=0.600 rel_t_m=0.0000 yaw_deg=-83.36
[AUTO_LOOP_PNP_QUALITY] current=337 matched=10 inliers=10 rmse_px=inf p95_px=inf current_hull=0.0801 old_hull=0.0528
[AUTO_LOOP_REJECT] current=337 matched=10 tracked=205 descriptor=21 inliers=10 ratio=0.476 rel_t_m=0.0000 yaw_deg=-84.00
[AUTO_LOOP_PNP_QUALITY] current=337 matched=31 inliers=10 rmse_px=inf p95_px=inf current_hull=0.0357 old_hull=0.0173
[AUTO_LOOP_REJECT] current=337 matched=31 tracked=205 descriptor=15 inliers=10 ratio=0.667 rel_t_m=0.0000 yaw_deg=-84.00
[AUTO_LOOP_PNP_QUALITY] current=337 matched=4 inliers=5 rmse_px=inf p95_px=inf current_hull=0.0365 old_hull=0.0705
[AUTO_LOOP_REJECT] current=337 matched=4 tracked=205 descriptor=5 inliers=5 ratio=1.000 rel_t_m=0.0000 yaw_deg=-84.00
[LOOP_INPUT] atomic_keyframes=350 transport_drops=0 backlog_drops=0 backlog=1
[AUTO_LOOP_PNP_QUALITY] current=340 matched=28 inliers=7 rmse_px=inf p95_px=inf current_hull=0.0139 old_hull=0.0190
[AUTO_LOOP_REJECT] current=340 matched=28 tracked=230 descriptor=12 inliers=7 ratio=0.583 rel_t_m=0.0000 yaw_deg=-85.55
[AUTO_LOOP_PNP_QUALITY] current=340 matched=27 inliers=7 rmse_px=inf p95_px=inf current_hull=0.0242 old_hull=0.0104
[AUTO_LOOP_REJECT] current=340 matched=27 tracked=230 descriptor=13 inliers=7 ratio=0.538 rel_t_m=0.0000 yaw_deg=-85.55
[AUTO_LOOP_PNP_QUALITY] current=340 matched=247 inliers=7 rmse_px=inf p95_px=inf current_hull=0.0435 old_hull=0.1153
[AUTO_LOOP_REJECT] current=340 matched=247 tracked=230 descriptor=8 inliers=7 ratio=0.875 rel_t_m=0.0000 yaw_deg=-85.55
[AUTO_LOOP_PNP_QUALITY] current=341 matched=242 inliers=9 rmse_px=inf p95_px=inf current_hull=0.0894 old_hull=0.1199
[AUTO_LOOP_REJECT] current=341 matched=242 tracked=232 descriptor=18 inliers=9 ratio=0.500 rel_t_m=0.0000 yaw_deg=-85.93
[AUTO_LOOP_PNP_QUALITY] current=341 matched=247 inliers=7 rmse_px=inf p95_px=inf current_hull=0.0476 old_hull=0.1126
[AUTO_LOOP_REJECT] current=341 matched=247 tracked=232 descriptor=12 inliers=7 ratio=0.583 rel_t_m=0.0000 yaw_deg=-85.93
[AUTO_LOOP_PNP_QUALITY] current=341 matched=240 inliers=7 rmse_px=inf p95_px=inf current_hull=0.0697 old_hull=0.0658
[AUTO_LOOP_REJECT] current=341 matched=240 tracked=232 descriptor=7 inliers=7 ratio=1.000 rel_t_m=0.0000 yaw_deg=-85.93
[AUTO_LOOP_PNP_QUALITY] current=343 matched=236 inliers=22 rmse_px=2.151 p95_px=3.621 current_hull=0.0802 old_hull=0.0449
[AUTO_LOOP_RIGHT_PASS] current=343 matched=236 matches=259 inliers=144 ratio=0.556
[AUTO_LOOP_GEOMETRY_PASS] current=343 matched=236 inliers=22 ratio=0.386 rel_t_m=0.1987 yaw_deg=3.10
[AUTO_LOOP_PENDING] current=343 matched=236 confirmations=1/4 rel_t_m=0.1987 yaw_deg=3.10 correction_t_m=0.0150 correction_xyz_m=(0.0146,0.0011,-0.0035) correction_yaw_deg=0.81
[AUTO_LOOP_PNP_QUALITY] current=344 matched=236 inliers=14 rmse_px=1.864 p95_px=3.829 current_hull=0.0480 old_hull=0.0260
[AUTO_LOOP_REJECT] current=344 matched=236 tracked=269 descriptor=44 inliers=14 ratio=0.318 rel_t_m=0.1950 yaw_deg=-0.58
[AUTO_LOOP_PNP_QUALITY] current=345 matched=236 inliers=12 rmse_px=inf p95_px=inf current_hull=0.0340 old_hull=0.0220
[AUTO_LOOP_REJECT] current=345 matched=236 tracked=254 descriptor=22 inliers=12 ratio=0.545 rel_t_m=0.0000 yaw_deg=-43.35
[AUTO_LOOP_PNP_QUALITY] current=346 matched=236 inliers=12 rmse_px=inf p95_px=inf current_hull=0.0313 old_hull=0.0174
[AUTO_LOOP_REJECT] current=346 matched=236 tracked=271 descriptor=24 inliers=12 ratio=0.500 rel_t_m=0.0000 yaw_deg=-89.28
[AUTO_LOOP_PNP_QUALITY] current=346 matched=253 inliers=3 rmse_px=inf p95_px=inf current_hull=0.0356 old_hull=0.0434
[AUTO_LOOP_REJECT] current=346 matched=253 tracked=271 descriptor=3 inliers=3
[AUTO_LOOP_PNP_QUALITY] current=346 matched=247 inliers=7 rmse_px=inf p95_px=inf current_hull=0.0694 old_hull=0.1367
[AUTO_LOOP_REJECT] current=346 matched=247 tracked=271 descriptor=12 inliers=7 ratio=0.583 rel_t_m=0.0000 yaw_deg=-89.28
[AUTO_LOOP_PNP_QUALITY] current=346 matched=251 inliers=7 rmse_px=inf p95_px=inf current_hull=0.0461 old_hull=0.1754
[AUTO_LOOP_REJECT] current=346 matched=251 tracked=271 descriptor=9 inliers=7 ratio=0.778 rel_t_m=0.0000 yaw_deg=-89.28
[AUTO_LOOP_PNP_QUALITY] current=347 matched=236 inliers=11 rmse_px=inf p95_px=inf current_hull=0.0589 old_hull=0.0285
[AUTO_LOOP_REJECT] current=347 matched=236 tracked=262 descriptor=18 inliers=11 ratio=0.611 rel_t_m=0.0000 yaw_deg=-90.31
[AUTO_LOOP_PNP_QUALITY] current=347 matched=239 inliers=4 rmse_px=inf p95_px=inf current_hull=0.0208 old_hull=0.0330
[AUTO_LOOP_REJECT] current=347 matched=239 tracked=262 descriptor=4 inliers=4 ratio=1.000 rel_t_m=0.0000 yaw_deg=-90.31
[AUTO_LOOP_PNP_QUALITY] current=347 matched=28 inliers=7 rmse_px=inf p95_px=inf current_hull=0.0302 old_hull=0.0447
[AUTO_LOOP_REJECT] current=347 matched=28 tracked=262 descriptor=9 inliers=7 ratio=0.778 rel_t_m=0.0000 yaw_deg=-90.31
[AUTO_LOOP_PNP_QUALITY] current=347 matched=238 inliers=7 rmse_px=inf p95_px=inf current_hull=0.0616 old_hull=0.0631
[AUTO_LOOP_REJECT] current=347 matched=238 tracked=262 descriptor=9 inliers=7 ratio=0.778 rel_t_m=0.0000 yaw_deg=-90.31
[AUTO_LOOP_PNP_QUALITY] current=348 matched=236 inliers=10 rmse_px=inf p95_px=inf current_hull=0.0943 old_hull=0.0493
[AUTO_LOOP_REJECT] current=348 matched=236 tracked=256 descriptor=22 inliers=10 ratio=0.455 rel_t_m=0.0000 yaw_deg=-91.38
[AUTO_LOOP_PNP_QUALITY] current=348 matched=239 inliers=7 rmse_px=inf p95_px=inf current_hull=0.0760 old_hull=0.1352
[AUTO_LOOP_REJECT] current=348 matched=239 tracked=256 descriptor=8 inliers=7 ratio=0.875 rel_t_m=0.0000 yaw_deg=-91.38
[AUTO_LOOP_PNP_QUALITY] current=348 matched=28 inliers=7 rmse_px=inf p95_px=inf current_hull=0.0207 old_hull=0.0235
[AUTO_LOOP_REJECT] current=348 matched=28 tracked=256 descriptor=10 inliers=7 ratio=0.700 rel_t_m=0.0000 yaw_deg=-91.38
[AUTO_LOOP_PNP_QUALITY] current=348 matched=238 inliers=7 rmse_px=inf p95_px=inf current_hull=0.0719 old_hull=0.1349
[AUTO_LOOP_REJECT] current=348 matched=238 tracked=256 descriptor=9 inliers=7 ratio=0.778 rel_t_m=0.0000 yaw_deg=-91.38
[AUTO_LOOP_PNP_QUALITY] current=349 matched=236 inliers=10 rmse_px=2.238 p95_px=4.193 current_hull=0.0459 old_hull=0.0246
[AUTO_LOOP_REJECT] current=349 matched=236 tracked=277 descriptor=36 inliers=10 ratio=0.278 rel_t_m=0.1961 yaw_deg=-7.20
[AUTO_LOOP_PNP_QUALITY] current=349 matched=242 inliers=7 rmse_px=inf p95_px=inf current_hull=0.0660 old_hull=0.1349
[AUTO_LOOP_REJECT] current=349 matched=242 tracked=277 descriptor=9 inliers=7 ratio=0.778 rel_t_m=0.1961 yaw_deg=-7.20
[AUTO_LOOP_PNP_QUALITY] current=349 matched=247 inliers=7 rmse_px=inf p95_px=inf current_hull=0.0352 old_hull=0.1188
[AUTO_LOOP_REJECT] current=349 matched=247 tracked=277 descriptor=9 inliers=7 ratio=0.778 rel_t_m=0.1961 yaw_deg=-7.20
[AUTO_LOOP_PNP_QUALITY] current=349 matched=251 inliers=3 rmse_px=inf p95_px=inf current_hull=0.0114 old_hull=0.0245
[AUTO_LOOP_REJECT] current=349 matched=251 tracked=277 descriptor=3 inliers=3
[AUTO_LOOP_PNP_QUALITY] current=350 matched=236 inliers=13 rmse_px=2.330 p95_px=3.281 current_hull=0.0541 old_hull=0.0295
[AUTO_LOOP_REJECT] current=350 matched=236 tracked=273 descriptor=36 inliers=13 ratio=0.361 rel_t_m=0.2076 yaw_deg=-6.84
[AUTO_LOOP_PNP_QUALITY] current=350 matched=28 inliers=8 rmse_px=inf p95_px=inf current_hull=0.0334 old_hull=0.0208
[AUTO_LOOP_REJECT] current=350 matched=28 tracked=273 descriptor=14 inliers=8 ratio=0.571 rel_t_m=0.2076 yaw_deg=-6.84
[AUTO_LOOP_PNP_QUALITY] current=350 matched=247 inliers=7 rmse_px=inf p95_px=inf current_hull=0.0414 old_hull=0.0824
[AUTO_LOOP_REJECT] current=350 matched=247 tracked=273 descriptor=12 inliers=7 ratio=0.583 rel_t_m=0.2076 yaw_deg=-6.84
[AUTO_LOOP_PNP_QUALITY] current=350 matched=251 inliers=7 rmse_px=inf p95_px=inf current_hull=0.0287 old_hull=0.0939
[AUTO_LOOP_REJECT] current=350 matched=251 tracked=273 descriptor=7 inliers=7 ratio=1.000 rel_t_m=0.2076 yaw_deg=-6.84
[AUTO_LOOP_PNP_QUALITY] current=351 matched=236 inliers=18 rmse_px=2.671 p95_px=3.768 current_hull=0.0545 old_hull=0.0289
[AUTO_LOOP_RIGHT_PASS] current=351 matched=236 matches=251 inliers=117 ratio=0.466
[AUTO_LOOP_GEOMETRY_PASS] current=351 matched=236 inliers=18 ratio=0.429 rel_t_m=0.2253 yaw_deg=-7.24
[AUTO_LOOP_PENDING] current=351 matched=236 confirmations=1/4 rel_t_m=0.2253 yaw_deg=-7.24 correction_t_m=0.0415 correction_xyz_m=(-0.0337,0.0200,-0.0137) correction_yaw_deg=-2.15
[AUTO_LOOP_PNP_QUALITY] current=352 matched=236 inliers=11 rmse_px=inf p95_px=inf current_hull=0.0925 old_hull=0.0218
[AUTO_LOOP_REJECT] current=352 matched=236 tracked=263 descriptor=17 inliers=11 ratio=0.647 rel_t_m=0.0000 yaw_deg=-95.79
[AUTO_LOOP_PNP_QUALITY] current=352 matched=196 inliers=10 rmse_px=inf p95_px=inf current_hull=0.0272 old_hull=0.0180
[AUTO_LOOP_REJECT] current=352 matched=196 tracked=263 descriptor=17 inliers=10 ratio=0.588 rel_t_m=0.0000 yaw_deg=-95.79
[AUTO_LOOP_PNP_QUALITY] current=352 matched=28 inliers=7 rmse_px=inf p95_px=inf current_hull=0.0341 old_hull=0.0333
[AUTO_LOOP_REJECT] current=352 matched=28 tracked=263 descriptor=10 inliers=7 ratio=0.700 rel_t_m=0.0000 yaw_deg=-95.79
[AUTO_LOOP_PNP_QUALITY] current=352 matched=240 inliers=5 rmse_px=inf p95_px=inf current_hull=0.0295 old_hull=0.0708
[AUTO_LOOP_REJECT] current=352 matched=240 tracked=263 descriptor=5 inliers=5 ratio=1.000 rel_t_m=0.0000 yaw_deg=-95.79
[AUTO_LOOP_PNP_QUALITY] current=352 matched=27 inliers=7 rmse_px=inf p95_px=inf current_hull=0.0815 old_hull=0.0131
[AUTO_LOOP_REJECT] current=352 matched=27 tracked=263 descriptor=8 inliers=7 ratio=0.875 rel_t_m=0.0000 yaw_deg=-95.79
[AUTO_LOOP_PNP_QUALITY] current=353 matched=236 inliers=13 rmse_px=inf p95_px=inf current_hull=0.0635 old_hull=0.0439
[AUTO_LOOP_REJECT] current=353 matched=236 tracked=272 descriptor=25 inliers=13 ratio=0.520 rel_t_m=0.0000 yaw_deg=-96.94
[AUTO_LOOP_PNP_QUALITY] current=353 matched=247 inliers=7 rmse_px=inf p95_px=inf current_hull=0.0402 old_hull=0.0865
[AUTO_LOOP_REJECT] current=353 matched=247 tracked=272 descriptor=10 inliers=7 ratio=0.700 rel_t_m=0.0000 yaw_deg=-96.94
[AUTO_LOOP_PNP_QUALITY] current=353 matched=253 inliers=5 rmse_px=inf p95_px=inf current_hull=0.0275 old_hull=0.0060
[AUTO_LOOP_REJECT] current=353 matched=253 tracked=272 descriptor=5 inliers=5 ratio=1.000 rel_t_m=0.0000 yaw_deg=-96.94
[AUTO_LOOP_PNP_QUALITY] current=353 matched=258 inliers=2 rmse_px=inf p95_px=inf current_hull=0.0000 old_hull=0.0000
[AUTO_LOOP_REJECT] current=353 matched=258 tracked=272 descriptor=2 inliers=2
[AUTO_LOOP_PNP_QUALITY] current=354 matched=236 inliers=14 rmse_px=inf p95_px=inf current_hull=0.0515 old_hull=0.0268
[AUTO_LOOP_REJECT] current=354 matched=236 tracked=288 descriptor=24 inliers=14 ratio=0.583 rel_t_m=0.0000 yaw_deg=-97.98
[AUTO_LOOP_PNP_QUALITY] current=354 matched=27 inliers=9 rmse_px=inf p95_px=inf current_hull=0.0632 old_hull=0.0322
[AUTO_LOOP_REJECT] current=354 matched=27 tracked=288 descriptor=18 inliers=9 ratio=0.500 rel_t_m=0.0000 yaw_deg=-97.98
[AUTO_LOOP_PNP_QUALITY] current=354 matched=28 inliers=10 rmse_px=inf p95_px=inf current_hull=0.0474 old_hull=0.0203
[AUTO_LOOP_REJECT] current=354 matched=28 tracked=288 descriptor=15 inliers=10 ratio=0.667 rel_t_m=0.0000 yaw_deg=-97.98
[AUTO_LOOP_PNP_QUALITY] current=354 matched=231 inliers=15 rmse_px=inf p95_px=inf current_hull=0.0605 old_hull=0.0295
[AUTO_LOOP_REJECT] current=354 matched=231 tracked=288 descriptor=35 inliers=15 ratio=0.429 rel_t_m=0.0000 yaw_deg=-97.98
[AUTO_LOOP_PNP_QUALITY] current=355 matched=236 inliers=13 rmse_px=inf p95_px=inf current_hull=0.0689 old_hull=0.0346
[AUTO_LOOP_REJECT] current=355 matched=236 tracked=290 descriptor=24 inliers=13 ratio=0.542 rel_t_m=0.0000 yaw_deg=-98.91
[AUTO_LOOP_PNP_QUALITY] current=355 matched=250 inliers=7 rmse_px=inf p95_px=inf current_hull=0.0472 old_hull=0.0807
[AUTO_LOOP_REJECT] current=355 matched=250 tracked=290 descriptor=7 inliers=7 ratio=1.000 rel_t_m=0.0000 yaw_deg=-98.91
[AUTO_LOOP_PNP_QUALITY] current=355 matched=28 inliers=7 rmse_px=inf p95_px=inf current_hull=0.0381 old_hull=0.0261
[AUTO_LOOP_REJECT] current=355 matched=28 tracked=290 descriptor=12 inliers=7 ratio=0.583 rel_t_m=0.0000 yaw_deg=-98.91
[AUTO_LOOP_PNP_QUALITY] current=355 matched=240 inliers=7 rmse_px=inf p95_px=inf current_hull=0.0326 old_hull=0.1010
[AUTO_LOOP_REJECT] current=355 matched=240 tracked=290 descriptor=9 inliers=7 ratio=0.778 rel_t_m=0.0000 yaw_deg=-98.91
[AUTO_LOOP_PNP_QUALITY] current=356 matched=236 inliers=10 rmse_px=inf p95_px=inf current_hull=0.0773 old_hull=0.0818
[AUTO_LOOP_REJECT] current=356 matched=236 tracked=283 descriptor=15 inliers=10 ratio=0.667 rel_t_m=0.0000 yaw_deg=-99.85
[AUTO_LOOP_PNP_QUALITY] current=356 matched=258 inliers=1 rmse_px=inf p95_px=inf current_hull=0.0000 old_hull=0.0000
[AUTO_LOOP_REJECT] current=356 matched=258 tracked=283 descriptor=1 inliers=1
[AUTO_LOOP_PNP_QUALITY] current=356 matched=253 inliers=5 rmse_px=inf p95_px=inf current_hull=0.0670 old_hull=0.0515
[AUTO_LOOP_REJECT] current=356 matched=253 tracked=283 descriptor=5 inliers=5 ratio=1.000 rel_t_m=0.0000 yaw_deg=-99.85
[AUTO_LOOP_PNP_QUALITY] current=356 matched=28 inliers=7 rmse_px=inf p95_px=inf current_hull=0.0291 old_hull=0.0165
[AUTO_LOOP_REJECT] current=356 matched=28 tracked=283 descriptor=10 inliers=7 ratio=0.700 rel_t_m=0.0000 yaw_deg=-99.85
[AUTO_LOOP_PNP_QUALITY] current=357 matched=236 inliers=7 rmse_px=inf p95_px=inf current_hull=0.0530 old_hull=0.0293
[AUTO_LOOP_REJECT] current=357 matched=236 tracked=265 descriptor=13 inliers=7 ratio=0.538 rel_t_m=0.0000 yaw_deg=-100.84
[AUTO_LOOP_PNP_QUALITY] current=357 matched=253 inliers=1 rmse_px=inf p95_px=inf current_hull=0.0000 old_hull=0.0000
[AUTO_LOOP_REJECT] current=357 matched=253 tracked=265 descriptor=1 inliers=1
[AUTO_LOOP_PNP_QUALITY] current=357 matched=242 inliers=7 rmse_px=inf p95_px=inf current_hull=0.0952 old_hull=0.1408
[AUTO_LOOP_REJECT] current=357 matched=242 tracked=265 descriptor=9 inliers=7 ratio=0.778 rel_t_m=0.0000 yaw_deg=-100.84
[AUTO_LOOP_PNP_QUALITY] current=357 matched=247 inliers=7 rmse_px=inf p95_px=inf current_hull=0.0424 old_hull=0.1016
[AUTO_LOOP_REJECT] current=357 matched=247 tracked=265 descriptor=10 inliers=7 ratio=0.700 rel_t_m=0.0000 yaw_deg=-100.84
[AUTO_LOOP_PNP_QUALITY] current=358 matched=236 inliers=10 rmse_px=inf p95_px=inf current_hull=0.0883 old_hull=0.0232
[AUTO_LOOP_REJECT] current=358 matched=236 tracked=262 descriptor=17 inliers=10 ratio=0.588 rel_t_m=0.0000 yaw_deg=-101.78
[AUTO_LOOP_PNP_QUALITY] current=358 matched=254 inliers=1 rmse_px=inf p95_px=inf current_hull=0.0000 old_hull=0.0000
[AUTO_LOOP_REJECT] current=358 matched=254 tracked=262 descriptor=1 inliers=1
[AUTO_LOOP_PNP_QUALITY] current=358 matched=251 inliers=4 rmse_px=inf p95_px=inf current_hull=0.0064 old_hull=0.0023
[AUTO_LOOP_REJECT] current=358 matched=251 tracked=262 descriptor=4 inliers=4 ratio=1.000 rel_t_m=0.0000 yaw_deg=-101.78
[AUTO_LOOP_PNP_QUALITY] current=359 matched=236 inliers=10 rmse_px=inf p95_px=inf current_hull=0.0802 old_hull=0.1058
[AUTO_LOOP_REJECT] current=359 matched=236 tracked=275 descriptor=28 inliers=10 ratio=0.357 rel_t_m=0.0000 yaw_deg=-102.59
[AUTO_LOOP_PNP_QUALITY] current=359 matched=254 inliers=2 rmse_px=inf p95_px=inf current_hull=0.0000 old_hull=0.0000
[AUTO_LOOP_REJECT] current=359 matched=254 tracked=275 descriptor=2 inliers=2
[AUTO_LOOP_PNP_QUALITY] current=359 matched=251 inliers=6 rmse_px=inf p95_px=inf current_hull=0.0359 old_hull=0.0101
[AUTO_LOOP_REJECT] current=359 matched=251 tracked=275 descriptor=6 inliers=6 ratio=1.000 rel_t_m=0.0000 yaw_deg=-102.59
[AUTO_LOOP_PNP_QUALITY] current=359 matched=249 inliers=6 rmse_px=inf p95_px=inf current_hull=0.0356 old_hull=0.0041
[AUTO_LOOP_REJECT] current=359 matched=249 tracked=275 descriptor=6 inliers=6 ratio=1.000 rel_t_m=0.0000 yaw_deg=-102.59
[AUTO_LOOP_PNP_QUALITY] current=360 matched=236 inliers=10 rmse_px=inf p95_px=inf current_hull=0.0608 old_hull=0.0157
[AUTO_LOOP_REJECT] current=360 matched=236 tracked=284 descriptor=30 inliers=10 ratio=0.333 rel_t_m=0.0000 yaw_deg=-103.13
[AUTO_LOOP_PNP_QUALITY] current=360 matched=249 inliers=7 rmse_px=inf p95_px=inf current_hull=0.0467 old_hull=0.0077
[AUTO_LOOP_REJECT] current=360 matched=249 tracked=284 descriptor=8 inliers=7 ratio=0.875 rel_t_m=0.0000 yaw_deg=-103.13
[AUTO_LOOP_PNP_QUALITY] current=360 matched=253 inliers=3 rmse_px=inf p95_px=inf current_hull=0.0044 old_hull=0.0036
[AUTO_LOOP_REJECT] current=360 matched=253 tracked=284 descriptor=3 inliers=3
[AUTO_LOOP_PNP_QUALITY] current=360 matched=235 inliers=11 rmse_px=inf p95_px=inf current_hull=0.0652 old_hull=0.0207
[AUTO_LOOP_REJECT] current=360 matched=235 tracked=284 descriptor=35 inliers=11 ratio=0.314 rel_t_m=0.0000 yaw_deg=-103.13
[AUTO_LOOP_PNP_QUALITY] current=361 matched=236 inliers=11 rmse_px=inf p95_px=inf current_hull=0.0542 old_hull=0.0283
[AUTO_LOOP_REJECT] current=361 matched=236 tracked=300 descriptor=32 inliers=11 ratio=0.344 rel_t_m=0.0000 yaw_deg=-104.43
[AUTO_LOOP_PNP_QUALITY] current=361 matched=232 inliers=10 rmse_px=inf p95_px=inf current_hull=0.0266 old_hull=0.0166
[AUTO_LOOP_REJECT] current=361 matched=232 tracked=300 descriptor=17 inliers=10 ratio=0.588 rel_t_m=0.0000 yaw_deg=-104.43
[AUTO_LOOP_PNP_QUALITY] current=362 matched=27 inliers=7 rmse_px=inf p95_px=inf current_hull=0.0709 old_hull=0.0232
[AUTO_LOOP_REJECT] current=362 matched=27 tracked=298 descriptor=13 inliers=7 ratio=0.538 rel_t_m=0.0000 yaw_deg=-105.37
[AUTO_LOOP_PNP_QUALITY] current=362 matched=28 inliers=9 rmse_px=inf p95_px=inf current_hull=0.0729 old_hull=0.0598
[AUTO_LOOP_REJECT] current=362 matched=28 tracked=298 descriptor=15 inliers=9 ratio=0.600 rel_t_m=0.0000 yaw_deg=-105.37
[AUTO_LOOP_PNP_QUALITY] current=362 matched=239 inliers=7 rmse_px=inf p95_px=inf current_hull=0.0675 old_hull=0.1132
[AUTO_LOOP_REJECT] current=362 matched=239 tracked=298 descriptor=7 inliers=7 ratio=1.000 rel_t_m=0.0000 yaw_deg=-105.37
[AUTO_LOOP_PNP_QUALITY] current=363 matched=247 inliers=7 rmse_px=inf p95_px=inf current_hull=0.0405 old_hull=0.0611
[AUTO_LOOP_REJECT] current=363 matched=247 tracked=312 descriptor=9 inliers=7 ratio=0.778 rel_t_m=0.0000 yaw_deg=-106.53
[AUTO_LOOP_PNP_QUALITY] current=363 matched=242 inliers=7 rmse_px=inf p95_px=inf current_hull=0.0451 old_hull=0.1027
[AUTO_LOOP_REJECT] current=363 matched=242 tracked=312 descriptor=13 inliers=7 ratio=0.538 rel_t_m=0.0000 yaw_deg=-106.53
[AUTO_LOOP_PNP_QUALITY] current=363 matched=251 inliers=3 rmse_px=inf p95_px=inf current_hull=0.0265 old_hull=0.0032
[AUTO_LOOP_REJECT] current=363 matched=251 tracked=312 descriptor=3 inliers=3
[AUTO_LOOP_PNP_QUALITY] current=365 matched=232 inliers=10 rmse_px=inf p95_px=inf current_hull=0.0437 old_hull=0.0430
[AUTO_LOOP_REJECT] current=365 matched=232 tracked=318 descriptor=24 inliers=10 ratio=0.417 rel_t_m=0.0000 yaw_deg=-108.55
[AUTO_LOOP_PNP_QUALITY] current=365 matched=241 inliers=7 rmse_px=inf p95_px=inf current_hull=0.0493 old_hull=0.1022
[AUTO_LOOP_REJECT] current=365 matched=241 tracked=318 descriptor=13 inliers=7 ratio=0.538 rel_t_m=0.0000 yaw_deg=-108.55
[AUTO_LOOP_PNP_QUALITY] current=365 matched=244 inliers=11 rmse_px=inf p95_px=inf current_hull=0.0396 old_hull=0.1682
[AUTO_LOOP_REJECT] current=365 matched=244 tracked=318 descriptor=26 inliers=11 ratio=0.423 rel_t_m=0.0000 yaw_deg=-108.55
[AUTO_LOOP_PNP_QUALITY] current=366 matched=234 inliers=11 rmse_px=inf p95_px=inf current_hull=0.0212 old_hull=0.0163
[AUTO_LOOP_REJECT] current=366 matched=234 tracked=323 descriptor=30 inliers=11 ratio=0.367 rel_t_m=0.0000 yaw_deg=-109.57
[AUTO_LOOP_PNP_QUALITY] current=366 matched=251 inliers=4 rmse_px=inf p95_px=inf current_hull=0.0142 old_hull=0.0040
[AUTO_LOOP_REJECT] current=366 matched=251 tracked=323 descriptor=4 inliers=4 ratio=1.000 rel_t_m=0.0000 yaw_deg=-109.57
[AUTO_LOOP_PNP_QUALITY] current=366 matched=235 inliers=11 rmse_px=inf p95_px=inf current_hull=0.0262 old_hull=0.0147
[AUTO_LOOP_REJECT] current=366 matched=235 tracked=323 descriptor=25 inliers=11 ratio=0.440 rel_t_m=0.0000 yaw_deg=-109.57
[AUTO_LOOP_PNP_QUALITY] current=367 matched=238 inliers=7 rmse_px=inf p95_px=inf current_hull=0.0291 old_hull=0.1077
[AUTO_LOOP_REJECT] current=367 matched=238 tracked=316 descriptor=11 inliers=7 ratio=0.636 rel_t_m=0.0000 yaw_deg=-110.61
[AUTO_LOOP_PNP_QUALITY] current=367 matched=251 inliers=7 rmse_px=inf p95_px=inf current_hull=0.0814 old_hull=0.0119
[AUTO_LOOP_REJECT] current=367 matched=251 tracked=316 descriptor=10 inliers=7 ratio=0.700 rel_t_m=0.0000 yaw_deg=-110.61
[AUTO_LOOP_PNP_QUALITY] current=367 matched=242 inliers=9 rmse_px=inf p95_px=inf current_hull=0.0697 old_hull=0.1399
[AUTO_LOOP_REJECT] current=367 matched=242 tracked=316 descriptor=16 inliers=9 ratio=0.562 rel_t_m=0.0000 yaw_deg=-110.61
[AUTO_LOOP_PNP_QUALITY] current=368 matched=247 inliers=6 rmse_px=inf p95_px=inf current_hull=0.0439 old_hull=0.0982
[AUTO_LOOP_REJECT] current=368 matched=247 tracked=280 descriptor=6 inliers=6 ratio=1.000 rel_t_m=0.0000 yaw_deg=-111.78
[AUTO_LOOP_PNP_QUALITY] current=368 matched=251 inliers=5 rmse_px=inf p95_px=inf current_hull=0.0554 old_hull=0.0371
[AUTO_LOOP_REJECT] current=368 matched=251 tracked=280 descriptor=5 inliers=5 ratio=1.000 rel_t_m=0.0000 yaw_deg=-111.78
[AUTO_LOOP_PNP_QUALITY] current=368 matched=253 inliers=4 rmse_px=inf p95_px=inf current_hull=0.0209 old_hull=0.0017
[AUTO_LOOP_REJECT] current=368 matched=253 tracked=280 descriptor=4 inliers=4 ratio=1.000 rel_t_m=0.0000 yaw_deg=-111.78
[AUTO_LOOP_PNP_QUALITY] current=369 matched=3 inliers=3 rmse_px=inf p95_px=inf current_hull=0.0626 old_hull=0.0094
[AUTO_LOOP_REJECT] current=369 matched=3 tracked=269 descriptor=3 inliers=3
[AUTO_LOOP_PNP_QUALITY] current=369 matched=242 inliers=7 rmse_px=inf p95_px=inf current_hull=0.0461 old_hull=0.0985
[AUTO_LOOP_REJECT] current=369 matched=242 tracked=269 descriptor=13 inliers=7 ratio=0.538 rel_t_m=0.0000 yaw_deg=-113.04
[AUTO_LOOP_PNP_QUALITY] current=369 matched=246 inliers=7 rmse_px=inf p95_px=inf current_hull=0.0658 old_hull=0.1273
[AUTO_LOOP_REJECT] current=369 matched=246 tracked=269 descriptor=7 inliers=7 ratio=1.000 rel_t_m=0.0000 yaw_deg=-113.04
[AUTO_LOOP_PNP_QUALITY] current=370 matched=233 inliers=10 rmse_px=inf p95_px=inf current_hull=0.0831 old_hull=0.0528
[AUTO_LOOP_REJECT] current=370 matched=233 tracked=285 descriptor=23 inliers=10 ratio=0.435 rel_t_m=0.0000 yaw_deg=-113.96
[AUTO_LOOP_PNP_QUALITY] current=371 matched=253 inliers=6 rmse_px=inf p95_px=inf current_hull=0.0552 old_hull=0.0087
[AUTO_LOOP_REJECT] current=371 matched=253 tracked=297 descriptor=6 inliers=6 ratio=1.000 rel_t_m=0.0000 yaw_deg=-114.89
[AUTO_LOOP_PNP_QUALITY] current=371 matched=239 inliers=7 rmse_px=inf p95_px=inf current_hull=0.1566 old_hull=0.0327
[AUTO_LOOP_REJECT] current=371 matched=239 tracked=297 descriptor=9 inliers=7 ratio=0.778 rel_t_m=0.0000 yaw_deg=-114.89
[AUTO_LOOP_PNP_QUALITY] current=372 matched=241 inliers=8 rmse_px=inf p95_px=inf current_hull=0.1605 old_hull=0.1486
[AUTO_LOOP_REJECT] current=372 matched=241 tracked=296 descriptor=14 inliers=8 ratio=0.571 rel_t_m=0.0000 yaw_deg=-115.64
[AUTO_LOOP_PNP_QUALITY] current=372 matched=249 inliers=6 rmse_px=inf p95_px=inf current_hull=0.0804 old_hull=0.0032
[AUTO_LOOP_REJECT] current=372 matched=249 tracked=296 descriptor=6 inliers=6 ratio=1.000 rel_t_m=0.0000 yaw_deg=-115.64
[AUTO_LOOP_PNP_QUALITY] current=372 matched=269 inliers=5 rmse_px=inf p95_px=inf current_hull=0.1415 old_hull=0.0065
[AUTO_LOOP_REJECT] current=372 matched=269 tracked=296 descriptor=5 inliers=5 ratio=1.000 rel_t_m=0.0000 yaw_deg=-115.64
[AUTO_LOOP_PNP_QUALITY] current=374 matched=268 inliers=2 rmse_px=inf p95_px=inf current_hull=0.0000 old_hull=0.0000
[AUTO_LOOP_REJECT] current=374 matched=268 tracked=297 descriptor=2 inliers=2
[AUTO_LOOP_PNP_QUALITY] current=376 matched=228 inliers=12 rmse_px=inf p95_px=inf current_hull=0.0396 old_hull=0.0448
[AUTO_LOOP_REJECT] current=376 matched=228 tracked=260 descriptor=30 inliers=12 ratio=0.400 rel_t_m=0.0000 yaw_deg=-120.29
[AUTO_LOOP_PNP_QUALITY] current=377 matched=29 inliers=10 rmse_px=inf p95_px=inf current_hull=0.1022 old_hull=0.0384
[AUTO_LOOP_REJECT] current=377 matched=29 tracked=279 descriptor=20 inliers=10 ratio=0.500 rel_t_m=0.0000 yaw_deg=-121.11
[AUTO_LOOP_PNP_QUALITY] current=377 matched=30 inliers=10 rmse_px=inf p95_px=inf current_hull=0.1472 old_hull=0.0644
[AUTO_LOOP_REJECT] current=377 matched=30 tracked=279 descriptor=21 inliers=10 ratio=0.476 rel_t_m=0.0000 yaw_deg=-121.11
[AUTO_LOOP_PNP_QUALITY] current=377 matched=241 inliers=7 rmse_px=inf p95_px=inf current_hull=0.1623 old_hull=0.1076
[AUTO_LOOP_REJECT] current=377 matched=241 tracked=279 descriptor=12 inliers=7 ratio=0.583 rel_t_m=0.0000 yaw_deg=-121.11
[AUTO_LOOP_PNP_QUALITY] current=378 matched=196 inliers=11 rmse_px=inf p95_px=inf current_hull=0.0310 old_hull=0.0267
[AUTO_LOOP_REJECT] current=378 matched=196 tracked=290 descriptor=22 inliers=11 ratio=0.500 rel_t_m=0.0000 yaw_deg=-121.92
[AUTO_LOOP_PNP_QUALITY] current=378 matched=240 inliers=7 rmse_px=inf p95_px=inf current_hull=0.1533 old_hull=0.1438
[AUTO_LOOP_REJECT] current=378 matched=240 tracked=290 descriptor=7 inliers=7 ratio=1.000 rel_t_m=0.0000 yaw_deg=-121.92
[AUTO_LOOP_PNP_QUALITY] current=378 matched=238 inliers=6 rmse_px=inf p95_px=inf current_hull=0.0310 old_hull=0.0357
[AUTO_LOOP_REJECT] current=378 matched=238 tracked=290 descriptor=6 inliers=6 ratio=1.000 rel_t_m=0.0000 yaw_deg=-121.92
[AUTO_LOOP_PNP_QUALITY] current=379 matched=240 inliers=7 rmse_px=inf p95_px=inf current_hull=0.1310 old_hull=0.0448
[AUTO_LOOP_REJECT] current=379 matched=240 tracked=294 descriptor=10 inliers=7 ratio=0.700 rel_t_m=0.0000 yaw_deg=-122.77
[AUTO_LOOP_PNP_QUALITY] current=379 matched=19 inliers=9 rmse_px=inf p95_px=inf current_hull=0.1593 old_hull=0.1011
[AUTO_LOOP_REJECT] current=379 matched=19 tracked=294 descriptor=19 inliers=9 ratio=0.474 rel_t_m=0.0000 yaw_deg=-122.77
[AUTO_LOOP_PNP_QUALITY] current=379 matched=238 inliers=7 rmse_px=inf p95_px=inf current_hull=0.0496 old_hull=0.1048
[AUTO_LOOP_REJECT] current=379 matched=238 tracked=294 descriptor=10 inliers=7 ratio=0.700 rel_t_m=0.0000 yaw_deg=-122.77
[AUTO_LOOP_PNP_QUALITY] current=380 matched=98 inliers=9 rmse_px=inf p95_px=inf current_hull=0.1457 old_hull=0.0689
[AUTO_LOOP_REJECT] current=380 matched=98 tracked=292 descriptor=16 inliers=9 ratio=0.562 rel_t_m=0.0000 yaw_deg=-123.63
[AUTO_LOOP_PNP_QUALITY] current=380 matched=240 inliers=7 rmse_px=inf p95_px=inf current_hull=0.1365 old_hull=0.1153
[AUTO_LOOP_REJECT] current=380 matched=240 tracked=292 descriptor=11 inliers=7 ratio=0.636 rel_t_m=0.0000 yaw_deg=-123.63
[AUTO_LOOP_PNP_QUALITY] current=380 matched=238 inliers=7 rmse_px=inf p95_px=inf current_hull=0.0709 old_hull=0.1744
[AUTO_LOOP_REJECT] current=380 matched=238 tracked=292 descriptor=9 inliers=7 ratio=0.778 rel_t_m=0.0000 yaw_deg=-123.63
[AUTO_LOOP_PNP_QUALITY] current=381 matched=240 inliers=7 rmse_px=inf p95_px=inf current_hull=0.1720 old_hull=0.0085
[AUTO_LOOP_REJECT] current=381 matched=240 tracked=287 descriptor=7 inliers=7 ratio=1.000 rel_t_m=0.0000 yaw_deg=-124.78
[AUTO_LOOP_PNP_QUALITY] current=381 matched=238 inliers=7 rmse_px=inf p95_px=inf current_hull=0.0379 old_hull=0.0996
[AUTO_LOOP_REJECT] current=381 matched=238 tracked=287 descriptor=10 inliers=7 ratio=0.700 rel_t_m=0.0000 yaw_deg=-124.78
[AUTO_LOOP_PNP_QUALITY] current=381 matched=233 inliers=10 rmse_px=inf p95_px=inf current_hull=0.0515 old_hull=0.0868
[AUTO_LOOP_REJECT] current=381 matched=233 tracked=287 descriptor=20 inliers=10 ratio=0.500 rel_t_m=0.0000 yaw_deg=-124.78
[AUTO_LOOP_PNP_QUALITY] current=382 matched=240 inliers=7 rmse_px=inf p95_px=inf current_hull=0.2604 old_hull=0.0544
[AUTO_LOOP_REJECT] current=382 matched=240 tracked=261 descriptor=7 inliers=7 ratio=1.000 rel_t_m=0.0000 yaw_deg=-125.51
[AUTO_LOOP_PNP_QUALITY] current=382 matched=238 inliers=7 rmse_px=inf p95_px=inf current_hull=0.0994 old_hull=0.1174
[AUTO_LOOP_REJECT] current=382 matched=238 tracked=261 descriptor=8 inliers=7 ratio=0.875 rel_t_m=0.0000 yaw_deg=-125.51
[AUTO_LOOP_PNP_QUALITY] current=382 matched=231 inliers=11 rmse_px=inf p95_px=inf current_hull=0.1716 old_hull=0.0216
[AUTO_LOOP_REJECT] current=382 matched=231 tracked=261 descriptor=26 inliers=11 ratio=0.423 rel_t_m=0.0000 yaw_deg=-125.51
[AUTO_LOOP_PNP_QUALITY] current=383 matched=147 inliers=10 rmse_px=inf p95_px=inf current_hull=0.1063 old_hull=0.1058
[AUTO_LOOP_REJECT] current=383 matched=147 tracked=267 descriptor=20 inliers=10 ratio=0.500 rel_t_m=0.0000 yaw_deg=-126.38
[AUTO_LOOP_PNP_QUALITY] current=383 matched=150 inliers=10 rmse_px=inf p95_px=inf current_hull=0.0976 old_hull=0.0910
[AUTO_LOOP_REJECT] current=383 matched=150 tracked=267 descriptor=21 inliers=10 ratio=0.476 rel_t_m=0.0000 yaw_deg=-126.38
[AUTO_LOOP_PNP_QUALITY] current=383 matched=172 inliers=10 rmse_px=inf p95_px=inf current_hull=0.0209 old_hull=0.0326
[AUTO_LOOP_REJECT] current=383 matched=172 tracked=267 descriptor=19 inliers=10 ratio=0.526 rel_t_m=0.0000 yaw_deg=-126.38
[AUTO_LOOP_PNP_QUALITY] current=385 matched=241 inliers=6 rmse_px=inf p95_px=inf current_hull=0.1194 old_hull=0.0736
[AUTO_LOOP_REJECT] current=385 matched=241 tracked=287 descriptor=6 inliers=6 ratio=1.000 rel_t_m=0.0000 yaw_deg=-128.32
[AUTO_LOOP_PNP_QUALITY] current=385 matched=231 inliers=10 rmse_px=inf p95_px=inf current_hull=0.1457 old_hull=0.0432
[AUTO_LOOP_REJECT] current=385 matched=231 tracked=287 descriptor=19 inliers=10 ratio=0.526 rel_t_m=0.0000 yaw_deg=-128.32
[LOOP_INPUT] atomic_keyframes=400 transport_drops=0 backlog_drops=0 backlog=1
[AUTO_LOOP_PNP_QUALITY] current=407 matched=315 inliers=3 rmse_px=inf p95_px=inf current_hull=0.0053 old_hull=0.0518
[AUTO_LOOP_REJECT] current=407 matched=315 tracked=207 descriptor=3 inliers=3
[AUTO_LOOP_PNP_QUALITY] current=418 matched=308 inliers=3 rmse_px=inf p95_px=inf current_hull=0.0205 old_hull=0.0002
[AUTO_LOOP_REJECT] current=418 matched=308 tracked=193 descriptor=3 inliers=3
[AUTO_LOOP_PNP_QUALITY] current=418 matched=317 inliers=2 rmse_px=inf p95_px=inf current_hull=0.0000 old_hull=0.0000
[AUTO_LOOP_REJECT] current=418 matched=317 tracked=193 descriptor=2 inliers=2
[AUTO_LOOP_PNP_QUALITY] current=433 matched=342 inliers=7 rmse_px=inf p95_px=inf current_hull=0.1519 old_hull=0.0480
[AUTO_LOOP_REJECT] current=433 matched=342 tracked=234 descriptor=13 inliers=7 ratio=0.538 rel_t_m=0.0000 yaw_deg=-179.43
[AUTO_LOOP_PNP_QUALITY] current=434 matched=342 inliers=5 rmse_px=inf p95_px=inf current_hull=0.0181 old_hull=0.0272
[AUTO_LOOP_REJECT] current=434 matched=342 tracked=225 descriptor=5 inliers=5 ratio=1.000 rel_t_m=0.0000 yaw_deg=179.85
[AUTO_LOOP_PNP_QUALITY] current=435 matched=239 inliers=5 rmse_px=inf p95_px=inf current_hull=0.3389 old_hull=0.0291
[AUTO_LOOP_REJECT] current=435 matched=239 tracked=289 descriptor=5 inliers=5 ratio=1.000 rel_t_m=0.0000 yaw_deg=179.12
[AUTO_LOOP_PNP_QUALITY] current=435 matched=342 inliers=7 rmse_px=inf p95_px=inf current_hull=0.1032 old_hull=0.0133
[AUTO_LOOP_REJECT] current=435 matched=342 tracked=289 descriptor=10 inliers=7 ratio=0.700 rel_t_m=0.0000 yaw_deg=179.12
[AUTO_LOOP_PNP_QUALITY] current=436 matched=342 inliers=7 rmse_px=inf p95_px=inf current_hull=0.0436 old_hull=0.0177
[AUTO_LOOP_REJECT] current=436 matched=342 tracked=282 descriptor=8 inliers=7 ratio=0.875 rel_t_m=0.0000 yaw_deg=178.85
[AUTO_LOOP_PNP_QUALITY] current=437 matched=342 inliers=7 rmse_px=inf p95_px=inf current_hull=0.0707 old_hull=0.0457
[AUTO_LOOP_REJECT] current=437 matched=342 tracked=279 descriptor=7 inliers=7 ratio=1.000 rel_t_m=0.0000 yaw_deg=-179.89
[AUTO_LOOP_PNP_QUALITY] current=437 matched=334 inliers=6 rmse_px=inf p95_px=inf current_hull=0.2216 old_hull=0.0513
[AUTO_LOOP_REJECT] current=437 matched=334 tracked=279 descriptor=6 inliers=6 ratio=1.000 rel_t_m=0.0000 yaw_deg=-179.89
[AUTO_LOOP_PNP_QUALITY] current=437 matched=337 inliers=7 rmse_px=inf p95_px=inf current_hull=0.2153 old_hull=0.0222
[AUTO_LOOP_REJECT] current=437 matched=337 tracked=279 descriptor=8 inliers=7 ratio=0.875 rel_t_m=0.0000 yaw_deg=-179.89
[LOOP_INPUT] atomic_keyframes=450 transport_drops=0 backlog_drops=0 backlog=1
[AUTO_LOOP_PNP_QUALITY] current=439 matched=342 inliers=7 rmse_px=inf p95_px=inf current_hull=0.0250 old_hull=0.0265
[AUTO_LOOP_REJECT] current=439 matched=342 tracked=238 descriptor=11 inliers=7 ratio=0.636 rel_t_m=0.0000 yaw_deg=-177.17
[AUTO_LOOP_PNP_QUALITY] current=443 matched=342 inliers=7 rmse_px=inf p95_px=inf current_hull=0.2727 old_hull=0.0677
[AUTO_LOOP_REJECT] current=443 matched=342 tracked=271 descriptor=9 inliers=7 ratio=0.778 rel_t_m=0.0000 yaw_deg=-179.87
[AUTO_LOOP_PNP_QUALITY] current=444 matched=342 inliers=6 rmse_px=inf p95_px=inf current_hull=0.0583 old_hull=0.0438
[AUTO_LOOP_REJECT] current=444 matched=342 tracked=267 descriptor=6 inliers=6 ratio=1.000 rel_t_m=0.0000 yaw_deg=-179.96
[AUTO_LOOP_PNP_QUALITY] current=445 matched=342 inliers=7 rmse_px=inf p95_px=inf current_hull=0.0644 old_hull=0.0416
[AUTO_LOOP_REJECT] current=445 matched=342 tracked=261 descriptor=9 inliers=7 ratio=0.778 rel_t_m=0.0000 yaw_deg=-179.79
[AUTO_LOOP_PNP_QUALITY] current=445 matched=219 inliers=5 rmse_px=inf p95_px=inf current_hull=0.1379 old_hull=0.1195
[AUTO_LOOP_REJECT] current=445 matched=219 tracked=261 descriptor=5 inliers=5 ratio=1.000 rel_t_m=0.0000 yaw_deg=-179.79
[AUTO_LOOP_PNP_QUALITY] current=445 matched=220 inliers=6 rmse_px=inf p95_px=inf current_hull=0.0862 old_hull=0.1033
[AUTO_LOOP_REJECT] current=445 matched=220 tracked=261 descriptor=6 inliers=6 ratio=1.000 rel_t_m=0.0000 yaw_deg=-179.79
[AUTO_LOOP_PNP_QUALITY] current=446 matched=342 inliers=7 rmse_px=inf p95_px=inf current_hull=0.0837 old_hull=0.0689
[AUTO_LOOP_REJECT] current=446 matched=342 tracked=256 descriptor=8 inliers=7 ratio=0.875 rel_t_m=0.0000 yaw_deg=179.97
[AUTO_LOOP_PNP_QUALITY] current=447 matched=338 inliers=6 rmse_px=inf p95_px=inf current_hull=0.0876 old_hull=0.0585
[AUTO_LOOP_REJECT] current=447 matched=338 tracked=238 descriptor=6 inliers=6 ratio=1.000 rel_t_m=0.0000 yaw_deg=-179.65
[AUTO_LOOP_PNP_QUALITY] current=450 matched=135 inliers=7 rmse_px=inf p95_px=inf current_hull=0.1960 old_hull=0.0668
[AUTO_LOOP_REJECT] current=450 matched=135 tracked=251 descriptor=10 inliers=7 ratio=0.700 rel_t_m=0.0000 yaw_deg=-178.48
[AUTO_LOOP_PNP_QUALITY] current=450 matched=344 inliers=7 rmse_px=inf p95_px=inf current_hull=0.1139 old_hull=0.0605
[AUTO_LOOP_REJECT] current=450 matched=344 tracked=251 descriptor=11 inliers=7 ratio=0.636 rel_t_m=0.0000 yaw_deg=-178.48
[AUTO_LOOP_PNP_QUALITY] current=452 matched=317 inliers=2 rmse_px=inf p95_px=inf current_hull=0.0000 old_hull=0.0000
[AUTO_LOOP_REJECT] current=452 matched=317 tracked=209 descriptor=2 inliers=2
[AUTO_LOOP_PNP_QUALITY] current=452 matched=315 inliers=3 rmse_px=inf p95_px=inf current_hull=0.1186 old_hull=0.0001
[AUTO_LOOP_REJECT] current=452 matched=315 tracked=209 descriptor=3 inliers=3
[AUTO_LOOP_PNP_QUALITY] current=452 matched=13 inliers=6 rmse_px=inf p95_px=inf current_hull=0.0123 old_hull=0.0108
[AUTO_LOOP_REJECT] current=452 matched=13 tracked=209 descriptor=6 inliers=6 ratio=1.000 rel_t_m=0.0000 yaw_deg=-178.59
[AUTO_LOOP_PNP_QUALITY] current=452 matched=361 inliers=5 rmse_px=inf p95_px=inf current_hull=0.0614 old_hull=0.0452
[AUTO_LOOP_REJECT] current=452 matched=361 tracked=209 descriptor=5 inliers=5 ratio=1.000 rel_t_m=0.0000 yaw_deg=-178.59
[AUTO_LOOP_PNP_QUALITY] current=455 matched=98 inliers=6 rmse_px=inf p95_px=inf current_hull=0.0135 old_hull=0.0128
[AUTO_LOOP_REJECT] current=455 matched=98 tracked=223 descriptor=6 inliers=6 ratio=1.000 rel_t_m=0.0000 yaw_deg=-178.75
[AUTO_LOOP_PNP_QUALITY] current=455 matched=24 inliers=7 rmse_px=inf p95_px=inf current_hull=0.0998 old_hull=0.1075
[AUTO_LOOP_REJECT] current=455 matched=24 tracked=223 descriptor=9 inliers=7 ratio=0.778 rel_t_m=0.0000 yaw_deg=-178.75
[AUTO_LOOP_PNP_QUALITY] current=456 matched=201 inliers=2 rmse_px=inf p95_px=inf current_hull=0.0000 old_hull=0.0000
[AUTO_LOOP_REJECT] current=456 matched=201 tracked=191 descriptor=2 inliers=2
[AUTO_LOOP_PNP_QUALITY] current=456 matched=359 inliers=4 rmse_px=inf p95_px=inf current_hull=0.2032 old_hull=0.0416
[AUTO_LOOP_REJECT] current=456 matched=359 tracked=191 descriptor=4 inliers=4 ratio=1.000 rel_t_m=0.0000 yaw_deg=-176.46
[AUTO_LOOP_PNP_QUALITY] current=456 matched=362 inliers=6 rmse_px=inf p95_px=inf current_hull=0.0932 old_hull=0.0431
[AUTO_LOOP_REJECT] current=456 matched=362 tracked=191 descriptor=6 inliers=6 ratio=1.000 rel_t_m=0.0000 yaw_deg=-176.46
[AUTO_LOOP_PNP_QUALITY] current=456 matched=363 inliers=3 rmse_px=inf p95_px=inf current_hull=0.0020 old_hull=0.0126
[AUTO_LOOP_REJECT] current=456 matched=363 tracked=191 descriptor=3 inliers=3
[AUTO_LOOP_PNP_QUALITY] current=459 matched=69 inliers=2 rmse_px=inf p95_px=inf current_hull=0.0000 old_hull=0.0000
[AUTO_LOOP_REJECT] current=459 matched=69 tracked=227 descriptor=2 inliers=2
[AUTO_LOOP_PNP_QUALITY] current=459 matched=292 inliers=3 rmse_px=inf p95_px=inf current_hull=0.0131 old_hull=0.0121
[AUTO_LOOP_REJECT] current=459 matched=292 tracked=227 descriptor=3 inliers=3
[AUTO_LOOP_PNP_QUALITY] current=459 matched=284 inliers=2 rmse_px=inf p95_px=inf current_hull=0.0000 old_hull=0.0000
[AUTO_LOOP_REJECT] current=459 matched=284 tracked=227 descriptor=2 inliers=2
[AUTO_LOOP_PNP_QUALITY] current=460 matched=260 inliers=7 rmse_px=inf p95_px=inf current_hull=0.1623 old_hull=0.0120
[AUTO_LOOP_REJECT] current=460 matched=260 tracked=267 descriptor=7 inliers=7 ratio=1.000 rel_t_m=0.0000 yaw_deg=179.97
[AUTO_LOOP_PNP_QUALITY] current=460 matched=302 inliers=5 rmse_px=inf p95_px=inf current_hull=0.1355 old_hull=0.0041
[AUTO_LOOP_REJECT] current=460 matched=302 tracked=267 descriptor=5 inliers=5 ratio=1.000 rel_t_m=0.0000 yaw_deg=179.97
[AUTO_LOOP_PNP_QUALITY] current=460 matched=332 inliers=5 rmse_px=inf p95_px=inf current_hull=0.0415 old_hull=0.0249
[AUTO_LOOP_REJECT] current=460 matched=332 tracked=267 descriptor=5 inliers=5 ratio=1.000 rel_t_m=0.0000 yaw_deg=179.97
[AUTO_LOOP_PNP_QUALITY] current=462 matched=223 inliers=6 rmse_px=inf p95_px=inf current_hull=0.1510 old_hull=0.0385
[AUTO_LOOP_REJECT] current=462 matched=223 tracked=195 descriptor=6 inliers=6 ratio=1.000 rel_t_m=0.0000 yaw_deg=179.42
[AUTO_LOOP_PNP_QUALITY] current=462 matched=229 inliers=1 rmse_px=inf p95_px=inf current_hull=0.0000 old_hull=0.0000
[AUTO_LOOP_REJECT] current=462 matched=229 tracked=195 descriptor=1 inliers=1
[AUTO_LOOP_PNP_QUALITY] current=462 matched=218 inliers=5 rmse_px=inf p95_px=inf current_hull=0.0422 old_hull=0.1115
[AUTO_LOOP_REJECT] current=462 matched=218 tracked=195 descriptor=5 inliers=5 ratio=1.000 rel_t_m=0.0000 yaw_deg=179.42
[AUTO_LOOP_PNP_QUALITY] current=463 matched=65 inliers=5 rmse_px=inf p95_px=inf current_hull=0.1032 old_hull=0.0550
[AUTO_LOOP_REJECT] current=463 matched=65 tracked=218 descriptor=5 inliers=5 ratio=1.000 rel_t_m=0.0000 yaw_deg=179.22
[AUTO_LOOP_PNP_QUALITY] current=463 matched=66 inliers=3 rmse_px=inf p95_px=inf current_hull=0.0430 old_hull=0.0426
[AUTO_LOOP_REJECT] current=463 matched=66 tracked=218 descriptor=3 inliers=3
[AUTO_LOOP_PNP_QUALITY] current=463 matched=73 inliers=5 rmse_px=inf p95_px=inf current_hull=0.0650 old_hull=0.0234
[AUTO_LOOP_REJECT] current=463 matched=73 tracked=218 descriptor=5 inliers=5 ratio=1.000 rel_t_m=0.0000 yaw_deg=179.22
[AUTO_LOOP_PNP_QUALITY] current=465 matched=220 inliers=4 rmse_px=inf p95_px=inf current_hull=0.0287 old_hull=0.0101
[AUTO_LOOP_REJECT] current=465 matched=220 tracked=301 descriptor=4 inliers=4 ratio=1.000 rel_t_m=0.0000 yaw_deg=179.05
[AUTO_LOOP_PNP_QUALITY] current=465 matched=229 inliers=2 rmse_px=inf p95_px=inf current_hull=0.0000 old_hull=0.0000
[AUTO_LOOP_REJECT] current=465 matched=229 tracked=301 descriptor=2 inliers=2
[AUTO_LOOP_PNP_QUALITY] current=465 matched=297 inliers=3 rmse_px=inf p95_px=inf current_hull=0.1021 old_hull=0.0026
[AUTO_LOOP_REJECT] current=465 matched=297 tracked=301 descriptor=3 inliers=3
[AUTO_LOOP_PNP_QUALITY] current=467 matched=291 inliers=1 rmse_px=inf p95_px=inf current_hull=0.0000 old_hull=0.0000
[AUTO_LOOP_REJECT] current=467 matched=291 tracked=290 descriptor=1 inliers=1
[AUTO_LOOP_PNP_QUALITY] current=467 matched=289 inliers=3 rmse_px=inf p95_px=inf current_hull=0.0331 old_hull=0.0023
[AUTO_LOOP_REJECT] current=467 matched=289 tracked=290 descriptor=3 inliers=3
[AUTO_LOOP_PNP_QUALITY] current=467 matched=216 inliers=7 rmse_px=inf p95_px=inf current_hull=0.2738 old_hull=0.1273
[AUTO_LOOP_REJECT] current=467 matched=216 tracked=290 descriptor=7 inliers=7 ratio=1.000 rel_t_m=0.0000 yaw_deg=178.85
[AUTO_LOOP_PNP_QUALITY] current=468 matched=216 inliers=2 rmse_px=inf p95_px=inf current_hull=0.0000 old_hull=0.0000
[AUTO_LOOP_REJECT] current=468 matched=216 tracked=241 descriptor=2 inliers=2
[AUTO_LOOP_PNP_QUALITY] current=469 matched=333 inliers=4 rmse_px=inf p95_px=inf current_hull=0.2051 old_hull=0.0467
[AUTO_LOOP_REJECT] current=469 matched=333 tracked=217 descriptor=4 inliers=4 ratio=1.000 rel_t_m=0.0000 yaw_deg=178.65
[AUTO_LOOP_PNP_QUALITY] current=469 matched=262 inliers=7 rmse_px=inf p95_px=inf current_hull=0.2900 old_hull=0.0100
[AUTO_LOOP_REJECT] current=469 matched=262 tracked=217 descriptor=8 inliers=7 ratio=0.875 rel_t_m=0.0000 yaw_deg=178.65
[AUTO_LOOP_PNP_QUALITY] current=469 matched=279 inliers=6 rmse_px=inf p95_px=inf current_hull=0.2309 old_hull=0.0103
[AUTO_LOOP_REJECT] current=469 matched=279 tracked=217 descriptor=6 inliers=6 ratio=1.000 rel_t_m=0.0000 yaw_deg=178.65
[AUTO_LOOP_PNP_QUALITY] current=470 matched=220 inliers=7 rmse_px=inf p95_px=inf current_hull=0.2413 old_hull=0.1599
[AUTO_LOOP_REJECT] current=470 matched=220 tracked=234 descriptor=7 inliers=7 ratio=1.000 rel_t_m=0.0000 yaw_deg=178.30
[AUTO_LOOP_PNP_QUALITY] current=471 matched=314 inliers=4 rmse_px=inf p95_px=inf current_hull=0.1510 old_hull=0.0003
[AUTO_LOOP_REJECT] current=471 matched=314 tracked=231 descriptor=4 inliers=4 ratio=1.000 rel_t_m=0.0000 yaw_deg=179.31
[AUTO_LOOP_PNP_QUALITY] current=471 matched=132 inliers=2 rmse_px=inf p95_px=inf current_hull=0.0000 old_hull=0.0000
[AUTO_LOOP_REJECT] current=471 matched=132 tracked=231 descriptor=2 inliers=2
[AUTO_LOOP_PNP_QUALITY] current=471 matched=368 inliers=7 rmse_px=inf p95_px=inf current_hull=0.0917 old_hull=0.1440
[AUTO_LOOP_REJECT] current=471 matched=368 tracked=231 descriptor=7 inliers=7 ratio=1.000 rel_t_m=0.0000 yaw_deg=179.31
[AUTO_LOOP_PNP_QUALITY] current=471 matched=231 inliers=7 rmse_px=inf p95_px=inf current_hull=0.3253 old_hull=0.1105
[AUTO_LOOP_REJECT] current=471 matched=231 tracked=231 descriptor=8 inliers=7 ratio=0.875 rel_t_m=0.0000 yaw_deg=179.31
[AUTO_LOOP_PNP_QUALITY] current=483 matched=256 inliers=4 rmse_px=inf p95_px=inf current_hull=0.2117 old_hull=0.0010
[AUTO_LOOP_REJECT] current=483 matched=256 tracked=240 descriptor=4 inliers=4 ratio=1.000 rel_t_m=0.0000 yaw_deg=177.65
[AUTO_LOOP_PNP_QUALITY] current=483 matched=350 inliers=3 rmse_px=inf p95_px=inf current_hull=0.0000 old_hull=0.0020
[AUTO_LOOP_REJECT] current=483 matched=350 tracked=240 descriptor=3 inliers=3
[AUTO_LOOP_PNP_QUALITY] current=484 matched=228 inliers=6 rmse_px=inf p95_px=inf current_hull=0.2358 old_hull=0.0399
[AUTO_LOOP_REJECT] current=484 matched=228 tracked=270 descriptor=6 inliers=6 ratio=1.000 rel_t_m=0.0000 yaw_deg=177.27
[AUTO_LOOP_PNP_QUALITY] current=484 matched=289 inliers=4 rmse_px=inf p95_px=inf current_hull=0.1773 old_hull=0.0017
[AUTO_LOOP_REJECT] current=484 matched=289 tracked=270 descriptor=4 inliers=4 ratio=1.000 rel_t_m=0.0000 yaw_deg=177.27
[AUTO_LOOP_PNP_QUALITY] current=484 matched=349 inliers=4 rmse_px=inf p95_px=inf current_hull=0.2473 old_hull=0.0332
[AUTO_LOOP_REJECT] current=484 matched=349 tracked=270 descriptor=4 inliers=4 ratio=1.000 rel_t_m=0.0000 yaw_deg=177.27
[AUTO_LOOP_PNP_QUALITY] current=485 matched=229 inliers=6 rmse_px=inf p95_px=inf current_hull=0.3222 old_hull=0.1078
[AUTO_LOOP_REJECT] current=485 matched=229 tracked=252 descriptor=6 inliers=6 ratio=1.000 rel_t_m=0.0000 yaw_deg=176.68
[LOOP_INPUT] atomic_keyframes=500 transport_drops=0 backlog_drops=0 backlog=1
[AUTO_LOOP_PNP_QUALITY] current=490 matched=236 inliers=7 rmse_px=inf p95_px=inf current_hull=0.2315 old_hull=0.0527
[AUTO_LOOP_REJECT] current=490 matched=236 tracked=295 descriptor=7 inliers=7 ratio=1.000 rel_t_m=0.0000 yaw_deg=178.16
[AUTO_LOOP_PNP_QUALITY] current=494 matched=353 inliers=7 rmse_px=inf p95_px=inf current_hull=0.1108 old_hull=0.0531
[AUTO_LOOP_REJECT] current=494 matched=353 tracked=315 descriptor=8 inliers=7 ratio=0.875 rel_t_m=0.0000 yaw_deg=-178.91
[AUTO_LOOP_PNP_QUALITY] current=518 matched=316 inliers=3 rmse_px=inf p95_px=inf current_hull=0.0025 old_hull=0.0027
[AUTO_LOOP_REJECT] current=518 matched=316 tracked=243 descriptor=3 inliers=3
[AUTO_LOOP_PNP_QUALITY] current=518 matched=349 inliers=7 rmse_px=inf p95_px=inf current_hull=0.1302 old_hull=0.0386
[AUTO_LOOP_REJECT] current=518 matched=349 tracked=243 descriptor=12 inliers=7 ratio=0.583 rel_t_m=0.0000 yaw_deg=-119.79
[AUTO_LOOP_PNP_QUALITY] current=518 matched=351 inliers=8 rmse_px=inf p95_px=inf current_hull=0.0151 old_hull=0.0508
[AUTO_LOOP_REJECT] current=518 matched=351 tracked=243 descriptor=14 inliers=8 ratio=0.571 rel_t_m=0.0000 yaw_deg=-119.79
[AUTO_LOOP_PNP_QUALITY] current=518 matched=350 inliers=7 rmse_px=inf p95_px=inf current_hull=0.0299 old_hull=0.0304
[AUTO_LOOP_REJECT] current=518 matched=350 tracked=243 descriptor=10 inliers=7 ratio=0.700 rel_t_m=0.0000 yaw_deg=-119.79
[AUTO_LOOP_PNP_QUALITY] current=519 matched=21 inliers=6 rmse_px=inf p95_px=inf current_hull=0.0638 old_hull=0.0388
[AUTO_LOOP_REJECT] current=519 matched=21 tracked=254 descriptor=6 inliers=6 ratio=1.000 rel_t_m=0.0000 yaw_deg=-118.57
[AUTO_LOOP_PNP_QUALITY] current=525 matched=69 inliers=7 rmse_px=inf p95_px=inf current_hull=0.0307 old_hull=0.0141
[AUTO_LOOP_REJECT] current=525 matched=69 tracked=253 descriptor=7 inliers=7 ratio=1.000 rel_t_m=0.0000 yaw_deg=-108.35
[AUTO_LOOP_PNP_QUALITY] current=525 matched=2 inliers=8 rmse_px=inf p95_px=inf current_hull=0.0844 old_hull=0.1158
[AUTO_LOOP_REJECT] current=525 matched=2 tracked=253 descriptor=14 inliers=8 ratio=0.571 rel_t_m=0.0000 yaw_deg=-108.35
[AUTO_LOOP_PNP_QUALITY] current=531 matched=4 inliers=7 rmse_px=inf p95_px=inf current_hull=0.0922 old_hull=0.0547
[AUTO_LOOP_REJECT] current=531 matched=4 tracked=248 descriptor=13 inliers=7 ratio=0.538 rel_t_m=0.0000 yaw_deg=-99.76
[AUTO_LOOP_PNP_QUALITY] current=531 matched=238 inliers=4 rmse_px=inf p95_px=inf current_hull=0.0153 old_hull=0.0194
[AUTO_LOOP_REJECT] current=531 matched=238 tracked=248 descriptor=4 inliers=4 ratio=1.000 rel_t_m=0.0000 yaw_deg=-99.76
[AUTO_LOOP_PNP_QUALITY] current=531 matched=273 inliers=4 rmse_px=inf p95_px=inf current_hull=0.0146 old_hull=0.0072
[AUTO_LOOP_REJECT] current=531 matched=273 tracked=248 descriptor=4 inliers=4 ratio=1.000 rel_t_m=0.0000 yaw_deg=-99.76
[AUTO_LOOP_PNP_QUALITY] current=533 matched=239 inliers=7 rmse_px=inf p95_px=inf current_hull=0.1409 old_hull=0.1234
[AUTO_LOOP_REJECT] current=533 matched=239 tracked=244 descriptor=9 inliers=7 ratio=0.778 rel_t_m=0.0000 yaw_deg=-97.22
[AUTO_LOOP_PNP_QUALITY] current=534 matched=239 inliers=9 rmse_px=inf p95_px=inf current_hull=0.0269 old_hull=0.0908
[AUTO_LOOP_REJECT] current=534 matched=239 tracked=245 descriptor=17 inliers=9 ratio=0.529 rel_t_m=0.0000 yaw_deg=-95.93
[AUTO_LOOP_PNP_QUALITY] current=537 matched=3 inliers=13 rmse_px=inf p95_px=inf current_hull=0.0705 old_hull=0.0467
[AUTO_LOOP_REJECT] current=537 matched=3 tracked=230 descriptor=24 inliers=13 ratio=0.542 rel_t_m=0.0000 yaw_deg=-92.37
[AUTO_LOOP_PNP_QUALITY] current=537 matched=340 inliers=9 rmse_px=inf p95_px=inf current_hull=0.0390 old_hull=0.0732
[AUTO_LOOP_REJECT] current=537 matched=340 tracked=230 descriptor=19 inliers=9 ratio=0.474 rel_t_m=0.0000 yaw_deg=-92.37
[AUTO_LOOP_PNP_QUALITY] current=537 matched=345 inliers=9 rmse_px=inf p95_px=inf current_hull=0.0153 old_hull=0.0586
[AUTO_LOOP_REJECT] current=537 matched=345 tracked=230 descriptor=15 inliers=9 ratio=0.600 rel_t_m=0.0000 yaw_deg=-92.37
[AUTO_LOOP_PNP_QUALITY] current=538 matched=396 inliers=7 rmse_px=inf p95_px=inf current_hull=0.0812 old_hull=0.1719
[AUTO_LOOP_REJECT] current=538 matched=396 tracked=228 descriptor=9 inliers=7 ratio=0.778 rel_t_m=0.0000 yaw_deg=-90.93
[AUTO_LOOP_PNP_QUALITY] current=538 matched=397 inliers=7 rmse_px=inf p95_px=inf current_hull=0.0625 old_hull=0.0591
[AUTO_LOOP_REJECT] current=538 matched=397 tracked=228 descriptor=9 inliers=7 ratio=0.778 rel_t_m=0.0000 yaw_deg=-90.93
[AUTO_LOOP_PNP_QUALITY] current=538 matched=401 inliers=5 rmse_px=inf p95_px=inf current_hull=0.0504 old_hull=0.0261
[AUTO_LOOP_REJECT] current=538 matched=401 tracked=228 descriptor=5 inliers=5 ratio=1.000 rel_t_m=0.0000 yaw_deg=-90.93
[AUTO_LOOP_PNP_QUALITY] current=538 matched=446 inliers=7 rmse_px=inf p95_px=inf current_hull=0.0240 old_hull=0.0079
[AUTO_LOOP_REJECT] current=538 matched=446 tracked=228 descriptor=7 inliers=7 ratio=1.000 rel_t_m=0.0000 yaw_deg=-90.93
[LOOP_INPUT] atomic_keyframes=550 transport_drops=0 backlog_drops=0 backlog=1
[AUTO_LOOP_PNP_QUALITY] current=539 matched=395 inliers=7 rmse_px=inf p95_px=inf current_hull=0.0805 old_hull=0.1592
[AUTO_LOOP_REJECT] current=539 matched=395 tracked=230 descriptor=7 inliers=7 ratio=1.000 rel_t_m=0.0000 yaw_deg=-90.97
[AUTO_LOOP_PNP_QUALITY] current=539 matched=401 inliers=4 rmse_px=inf p95_px=inf current_hull=0.0331 old_hull=0.0148
[AUTO_LOOP_REJECT] current=539 matched=401 tracked=230 descriptor=4 inliers=4 ratio=1.000 rel_t_m=0.0000 yaw_deg=-90.97
[AUTO_LOOP_PNP_QUALITY] current=539 matched=394 inliers=6 rmse_px=inf p95_px=inf current_hull=0.0644 old_hull=0.0687
[AUTO_LOOP_REJECT] current=539 matched=394 tracked=230 descriptor=6 inliers=6 ratio=1.000 rel_t_m=0.0000 yaw_deg=-90.97
[AUTO_LOOP_PNP_QUALITY] current=540 matched=4 inliers=8 rmse_px=inf p95_px=inf current_hull=0.0780 old_hull=0.0565
[AUTO_LOOP_REJECT] current=540 matched=4 tracked=179 descriptor=14 inliers=8 ratio=0.571 rel_t_m=0.0000 yaw_deg=-91.64
[AUTO_LOOP_PNP_QUALITY] current=540 matched=30 inliers=8 rmse_px=inf p95_px=inf current_hull=0.0593 old_hull=0.0542
[AUTO_LOOP_REJECT] current=540 matched=30 tracked=179 descriptor=14 inliers=8 ratio=0.571 rel_t_m=0.0000 yaw_deg=-91.64
[AUTO_LOOP_PNP_QUALITY] current=540 matched=19 inliers=7 rmse_px=inf p95_px=inf current_hull=0.0946 old_hull=0.0728
[AUTO_LOOP_REJECT] current=540 matched=19 tracked=179 descriptor=12 inliers=7 ratio=0.583 rel_t_m=0.0000 yaw_deg=-91.64
[AUTO_LOOP_PNP_QUALITY] current=543 matched=390 inliers=4 rmse_px=inf p95_px=inf current_hull=0.0441 old_hull=0.0189
[AUTO_LOOP_REJECT] current=543 matched=390 tracked=47 descriptor=4 inliers=4 ratio=1.000 rel_t_m=0.0000 yaw_deg=-97.10
[AUTO_LOOP_PNP_QUALITY] current=543 matched=392 inliers=4 rmse_px=inf p95_px=inf current_hull=0.0288 old_hull=0.0443
[AUTO_LOOP_REJECT] current=543 matched=392 tracked=47 descriptor=4 inliers=4 ratio=1.000 rel_t_m=0.0000 yaw_deg=-97.10
[AUTO_LOOP_PNP_QUALITY] current=543 matched=394 inliers=3 rmse_px=inf p95_px=inf current_hull=0.0164 old_hull=0.0735
[AUTO_LOOP_REJECT] current=543 matched=394 tracked=47 descriptor=3 inliers=3
[AUTO_LOOP_PNP_QUALITY] current=543 matched=395 inliers=3 rmse_px=inf p95_px=inf current_hull=0.0272 old_hull=0.0213
[AUTO_LOOP_REJECT] current=543 matched=395 tracked=47 descriptor=3 inliers=3
[AUTO_LOOP_PNP_QUALITY] current=544 matched=36 inliers=12 rmse_px=inf p95_px=inf current_hull=0.0709 old_hull=0.0455
[AUTO_LOOP_REJECT] current=544 matched=36 tracked=102 descriptor=25 inliers=12 ratio=0.480 rel_t_m=0.0000 yaw_deg=-95.78
[AUTO_LOOP_PNP_QUALITY] current=544 matched=30 inliers=13 rmse_px=inf p95_px=inf current_hull=0.0797 old_hull=0.0886
[AUTO_LOOP_REJECT] current=544 matched=30 tracked=102 descriptor=26 inliers=13 ratio=0.500 rel_t_m=0.0000 yaw_deg=-95.78
[AUTO_LOOP_PNP_QUALITY] current=544 matched=385 inliers=9 rmse_px=inf p95_px=inf current_hull=0.0702 old_hull=0.1059
[AUTO_LOOP_REJECT] current=544 matched=385 tracked=102 descriptor=16 inliers=9 ratio=0.562 rel_t_m=0.0000 yaw_deg=-95.78
[AUTO_LOOP_PNP_QUALITY] current=545 matched=36 inliers=7 rmse_px=2.338 p95_px=3.639 current_hull=0.0158 old_hull=0.0160
[AUTO_LOOP_REJECT] current=545 matched=36 tracked=170 descriptor=42 inliers=7 ratio=0.167 rel_t_m=0.1339 yaw_deg=-28.47
[AUTO_LOOP_PNP_QUALITY] current=545 matched=355 inliers=9 rmse_px=inf p95_px=inf current_hull=0.0124 old_hull=0.0561
[AUTO_LOOP_REJECT] current=545 matched=355 tracked=170 descriptor=15 inliers=9 ratio=0.600 rel_t_m=0.1339 yaw_deg=-28.47
[AUTO_LOOP_PNP_QUALITY] current=545 matched=340 inliers=10 rmse_px=inf p95_px=inf current_hull=0.0480 old_hull=0.0230
[AUTO_LOOP_REJECT] current=545 matched=340 tracked=170 descriptor=24 inliers=10 ratio=0.417 rel_t_m=0.1339 yaw_deg=-28.47
[AUTO_LOOP_PNP_QUALITY] current=546 matched=395 inliers=9 rmse_px=inf p95_px=inf current_hull=0.1176 old_hull=0.0638
[AUTO_LOOP_REJECT] current=546 matched=395 tracked=232 descriptor=16 inliers=9 ratio=0.562 rel_t_m=0.0000 yaw_deg=-93.82
[AUTO_LOOP_PNP_QUALITY] current=546 matched=402 inliers=9 rmse_px=inf p95_px=inf current_hull=0.0677 old_hull=0.0443
[AUTO_LOOP_REJECT] current=546 matched=402 tracked=232 descriptor=16 inliers=9 ratio=0.562 rel_t_m=0.0000 yaw_deg=-93.82
[AUTO_LOOP_PNP_QUALITY] current=546 matched=401 inliers=10 rmse_px=inf p95_px=inf current_hull=0.0463 old_hull=0.0341
[AUTO_LOOP_REJECT] current=546 matched=401 tracked=232 descriptor=16 inliers=10 ratio=0.625 rel_t_m=0.0000 yaw_deg=-93.82
[AUTO_LOOP_PNP_QUALITY] current=546 matched=392 inliers=9 rmse_px=inf p95_px=inf current_hull=0.0381 old_hull=0.0483
[AUTO_LOOP_REJECT] current=546 matched=392 tracked=232 descriptor=16 inliers=9 ratio=0.562 rel_t_m=0.0000 yaw_deg=-93.82
[AUTO_LOOP_PNP_QUALITY] current=547 matched=392 inliers=10 rmse_px=inf p95_px=inf current_hull=0.0654 old_hull=0.0549
[AUTO_LOOP_REJECT] current=547 matched=392 tracked=230 descriptor=23 inliers=10 ratio=0.435 rel_t_m=0.0000 yaw_deg=-95.19
[AUTO_LOOP_PNP_QUALITY] current=547 matched=395 inliers=7 rmse_px=inf p95_px=inf current_hull=0.1330 old_hull=0.0934
[AUTO_LOOP_REJECT] current=547 matched=395 tracked=230 descriptor=13 inliers=7 ratio=0.538 rel_t_m=0.0000 yaw_deg=-95.19
[AUTO_LOOP_PNP_QUALITY] current=547 matched=402 inliers=7 rmse_px=inf p95_px=inf current_hull=0.0463 old_hull=0.0305
[AUTO_LOOP_REJECT] current=547 matched=402 tracked=230 descriptor=11 inliers=7 ratio=0.636 rel_t_m=0.0000 yaw_deg=-95.19
[AUTO_LOOP_PNP_QUALITY] current=548 matched=390 inliers=11 rmse_px=inf p95_px=inf current_hull=0.0854 old_hull=0.1163
[AUTO_LOOP_REJECT] current=548 matched=390 tracked=235 descriptor=21 inliers=11 ratio=0.524 rel_t_m=0.0000 yaw_deg=-96.43
[AUTO_LOOP_PNP_QUALITY] current=548 matched=385 inliers=10 rmse_px=inf p95_px=inf current_hull=0.0825 old_hull=0.0825
[AUTO_LOOP_REJECT] current=548 matched=385 tracked=235 descriptor=22 inliers=10 ratio=0.455 rel_t_m=0.0000 yaw_deg=-96.43
[AUTO_LOOP_PNP_QUALITY] current=548 matched=395 inliers=7 rmse_px=inf p95_px=inf current_hull=0.0566 old_hull=0.1396
[AUTO_LOOP_REJECT] current=548 matched=395 tracked=235 descriptor=13 inliers=7 ratio=0.538 rel_t_m=0.0000 yaw_deg=-96.43
[AUTO_LOOP_PNP_QUALITY] current=548 matched=392 inliers=10 rmse_px=inf p95_px=inf current_hull=0.1000 old_hull=0.1808
[AUTO_LOOP_REJECT] current=548 matched=392 tracked=235 descriptor=23 inliers=10 ratio=0.435 rel_t_m=0.0000 yaw_deg=-96.43
[AUTO_LOOP_PNP_QUALITY] current=549 matched=390 inliers=9 rmse_px=inf p95_px=inf current_hull=0.0972 old_hull=0.1188
[AUTO_LOOP_REJECT] current=549 matched=390 tracked=255 descriptor=19 inliers=9 ratio=0.474 rel_t_m=0.0000 yaw_deg=-96.23
[AUTO_LOOP_PNP_QUALITY] current=549 matched=3 inliers=11 rmse_px=inf p95_px=inf current_hull=0.0823 old_hull=0.0621
[AUTO_LOOP_REJECT] current=549 matched=3 tracked=255 descriptor=31 inliers=11 ratio=0.355 rel_t_m=0.0000 yaw_deg=-96.23
[AUTO_LOOP_PNP_QUALITY] current=549 matched=385 inliers=10 rmse_px=inf p95_px=inf current_hull=0.0850 old_hull=0.1064
[AUTO_LOOP_REJECT] current=549 matched=385 tracked=255 descriptor=24 inliers=10 ratio=0.417 rel_t_m=0.0000 yaw_deg=-96.23
[AUTO_LOOP_PNP_QUALITY] current=549 matched=13 inliers=14 rmse_px=inf p95_px=inf current_hull=0.0885 old_hull=0.0896
[AUTO_LOOP_REJECT] current=549 matched=13 tracked=255 descriptor=29 inliers=14 ratio=0.483 rel_t_m=0.0000 yaw_deg=-96.23
[AUTO_LOOP_PNP_QUALITY] current=550 matched=392 inliers=9 rmse_px=inf p95_px=inf current_hull=0.0473 old_hull=0.0385
[AUTO_LOOP_REJECT] current=550 matched=392 tracked=256 descriptor=20 inliers=9 ratio=0.450 rel_t_m=0.0000 yaw_deg=-95.74
[AUTO_LOOP_PNP_QUALITY] current=550 matched=394 inliers=10 rmse_px=inf p95_px=inf current_hull=0.1704 old_hull=0.0438
[AUTO_LOOP_REJECT] current=550 matched=394 tracked=256 descriptor=17 inliers=10 ratio=0.588 rel_t_m=0.0000 yaw_deg=-95.74
[AUTO_LOOP_PNP_QUALITY] current=550 matched=403 inliers=9 rmse_px=inf p95_px=inf current_hull=0.0536 old_hull=0.0352
[AUTO_LOOP_REJECT] current=550 matched=403 tracked=256 descriptor=20 inliers=9 ratio=0.450 rel_t_m=0.0000 yaw_deg=-95.74
[AUTO_LOOP_PNP_QUALITY] current=551 matched=397 inliers=10 rmse_px=inf p95_px=inf current_hull=0.1513 old_hull=0.0431
[AUTO_LOOP_REJECT] current=551 matched=397 tracked=268 descriptor=17 inliers=10 ratio=0.588 rel_t_m=0.0000 yaw_deg=-95.38
[AUTO_LOOP_PNP_QUALITY] current=551 matched=403 inliers=9 rmse_px=inf p95_px=inf current_hull=0.0641 old_hull=0.0165
[AUTO_LOOP_REJECT] current=551 matched=403 tracked=268 descriptor=19 inliers=9 ratio=0.474 rel_t_m=0.0000 yaw_deg=-95.38
[AUTO_LOOP_PNP_QUALITY] current=551 matched=395 inliers=9 rmse_px=inf p95_px=inf current_hull=0.0416 old_hull=0.0617
[AUTO_LOOP_REJECT] current=551 matched=395 tracked=268 descriptor=16 inliers=9 ratio=0.562 rel_t_m=0.0000 yaw_deg=-95.38
[AUTO_LOOP_PNP_QUALITY] current=551 matched=406 inliers=9 rmse_px=inf p95_px=inf current_hull=0.1158 old_hull=0.0220
[AUTO_LOOP_REJECT] current=551 matched=406 tracked=268 descriptor=15 inliers=9 ratio=0.600 rel_t_m=0.0000 yaw_deg=-95.38
[AUTO_LOOP_PNP_QUALITY] current=552 matched=382 inliers=11 rmse_px=inf p95_px=inf current_hull=0.1234 old_hull=0.0618
[AUTO_LOOP_REJECT] current=552 matched=382 tracked=257 descriptor=29 inliers=11 ratio=0.379 rel_t_m=0.0000 yaw_deg=-94.87
[AUTO_LOOP_PNP_QUALITY] current=552 matched=395 inliers=9 rmse_px=inf p95_px=inf current_hull=0.0581 old_hull=0.0551
[AUTO_LOOP_REJECT] current=552 matched=395 tracked=257 descriptor=17 inliers=9 ratio=0.529 rel_t_m=0.0000 yaw_deg=-94.87
[AUTO_LOOP_PNP_QUALITY] current=552 matched=392 inliers=10 rmse_px=inf p95_px=inf current_hull=0.1200 old_hull=0.0690
[AUTO_LOOP_REJECT] current=552 matched=392 tracked=257 descriptor=21 inliers=10 ratio=0.476 rel_t_m=0.0000 yaw_deg=-94.87
[AUTO_LOOP_PNP_QUALITY] current=552 matched=449 inliers=9 rmse_px=inf p95_px=inf current_hull=0.0525 old_hull=0.0242
[AUTO_LOOP_REJECT] current=552 matched=449 tracked=257 descriptor=16 inliers=9 ratio=0.562 rel_t_m=0.0000 yaw_deg=-94.87
[AUTO_LOOP_PNP_QUALITY] current=553 matched=394 inliers=9 rmse_px=inf p95_px=inf current_hull=0.1142 old_hull=0.1217
[AUTO_LOOP_REJECT] current=553 matched=394 tracked=255 descriptor=15 inliers=9 ratio=0.600 rel_t_m=0.0000 yaw_deg=-94.25
[AUTO_LOOP_PNP_QUALITY] current=553 matched=395 inliers=10 rmse_px=inf p95_px=inf current_hull=0.0497 old_hull=0.1269
[AUTO_LOOP_REJECT] current=553 matched=395 tracked=255 descriptor=19 inliers=10 ratio=0.526 rel_t_m=0.0000 yaw_deg=-94.25
[AUTO_LOOP_PNP_QUALITY] current=553 matched=397 inliers=9 rmse_px=inf p95_px=inf current_hull=0.1006 old_hull=0.0749
[AUTO_LOOP_REJECT] current=553 matched=397 tracked=255 descriptor=15 inliers=9 ratio=0.600 rel_t_m=0.0000 yaw_deg=-94.25
[AUTO_LOOP_PNP_QUALITY] current=553 matched=403 inliers=9 rmse_px=inf p95_px=inf current_hull=0.0795 old_hull=0.0659
[AUTO_LOOP_REJECT] current=553 matched=403 tracked=255 descriptor=16 inliers=9 ratio=0.562 rel_t_m=0.0000 yaw_deg=-94.25
[AUTO_LOOP_PNP_QUALITY] current=554 matched=8 inliers=11 rmse_px=1.901 p95_px=3.268 current_hull=0.0537 old_hull=0.0484
[AUTO_LOOP_REJECT] current=554 matched=8 tracked=245 descriptor=34 inliers=11 ratio=0.324 rel_t_m=0.2341 yaw_deg=-8.90
[AUTO_LOOP_PNP_QUALITY] current=554 matched=124 inliers=11 rmse_px=inf p95_px=inf current_hull=0.0764 old_hull=0.0752
[AUTO_LOOP_REJECT] current=554 matched=124 tracked=245 descriptor=30 inliers=11 ratio=0.367 rel_t_m=0.2341 yaw_deg=-8.90
[AUTO_LOOP_PNP_QUALITY] current=554 matched=3 inliers=15 rmse_px=inf p95_px=inf current_hull=0.1170 old_hull=0.0703
[AUTO_LOOP_REJECT] current=554 matched=3 tracked=245 descriptor=33 inliers=15 ratio=0.455 rel_t_m=0.2341 yaw_deg=-8.90
[AUTO_LOOP_PNP_QUALITY] current=556 matched=395 inliers=9 rmse_px=inf p95_px=inf current_hull=0.0864 old_hull=0.0443
[AUTO_LOOP_REJECT] current=556 matched=395 tracked=248 descriptor=15 inliers=9 ratio=0.600 rel_t_m=0.0000 yaw_deg=-92.67
[AUTO_LOOP_PNP_QUALITY] current=556 matched=397 inliers=9 rmse_px=inf p95_px=inf current_hull=0.1079 old_hull=0.0350
[AUTO_LOOP_REJECT] current=556 matched=397 tracked=248 descriptor=15 inliers=9 ratio=0.600 rel_t_m=0.0000 yaw_deg=-92.67
[AUTO_LOOP_PNP_QUALITY] current=556 matched=392 inliers=9 rmse_px=inf p95_px=inf current_hull=0.1144 old_hull=0.1016
[AUTO_LOOP_REJECT] current=556 matched=392 tracked=248 descriptor=18 inliers=9 ratio=0.500 rel_t_m=0.0000 yaw_deg=-92.67
[AUTO_LOOP_PNP_QUALITY] current=557 matched=24 inliers=12 rmse_px=2.384 p95_px=3.582 current_hull=0.0246 old_hull=0.0266
[AUTO_LOOP_REJECT] current=557 matched=24 tracked=236 descriptor=37 inliers=12 ratio=0.324 rel_t_m=0.3863 yaw_deg=2.67
[AUTO_LOOP_PNP_QUALITY] current=557 matched=27 inliers=10 rmse_px=2.332 p95_px=3.503 current_hull=0.0410 old_hull=0.0353
[AUTO_LOOP_REJECT] current=557 matched=27 tracked=236 descriptor=37 inliers=10 ratio=0.270 rel_t_m=0.2268 yaw_deg=-8.68
[AUTO_LOOP_PNP_QUALITY] current=557 matched=20 inliers=12 rmse_px=1.980 p95_px=3.955 current_hull=0.0386 old_hull=0.0426
[AUTO_LOOP_REJECT] current=557 matched=20 tracked=236 descriptor=42 inliers=12 ratio=0.286 rel_t_m=0.3740 yaw_deg=1.95
[AUTO_LOOP_PNP_QUALITY] current=558 matched=6 inliers=19 rmse_px=2.222 p95_px=3.647 current_hull=0.0788 old_hull=0.0772
[AUTO_LOOP_RIGHT_PASS] current=558 matched=6 matches=251 inliers=133 ratio=0.530
[AUTO_LOOP_GEOMETRY_PASS] current=558 matched=6 inliers=19 ratio=0.413 rel_t_m=0.1908 yaw_deg=-6.04
[AUTO_LOOP_PENDING] current=558 matched=6 confirmations=1/4 rel_t_m=0.1908 yaw_deg=-6.04 correction_t_m=0.0152 correction_xyz_m=(-0.0010,0.0151,0.0015) correction_yaw_deg=-0.58
[AUTO_LOOP_PNP_QUALITY] current=559 matched=6 inliers=12 rmse_px=2.329 p95_px=3.590 current_hull=0.0211 old_hull=0.0222
[AUTO_LOOP_REJECT] current=559 matched=6 tracked=234 descriptor=47 inliers=12 ratio=0.255 rel_t_m=0.0763 yaw_deg=-12.97
[AUTO_LOOP_PNP_QUALITY] current=560 matched=6 inliers=17 rmse_px=2.634 p95_px=4.356 current_hull=0.0654 old_hull=0.0631
[AUTO_LOOP_REJECT] current=560 matched=6 tracked=243 descriptor=53 inliers=17 ratio=0.321 rel_t_m=0.1577 yaw_deg=-6.40
[AUTO_LOOP_PNP_QUALITY] current=560 matched=362 inliers=11 rmse_px=inf p95_px=inf current_hull=0.0882 old_hull=0.0835
[AUTO_LOOP_REJECT] current=560 matched=362 tracked=243 descriptor=20 inliers=11 ratio=0.550 rel_t_m=0.1577 yaw_deg=-6.40
[AUTO_LOOP_PNP_QUALITY] current=560 matched=12 inliers=9 rmse_px=2.736 p95_px=3.804 current_hull=0.0310 old_hull=0.0296
[AUTO_LOOP_REJECT] current=560 matched=12 tracked=243 descriptor=41 inliers=9 ratio=0.220 rel_t_m=0.1939 yaw_deg=-6.13
[AUTO_LOOP_PNP_QUALITY] current=561 matched=6 inliers=16 rmse_px=2.355 p95_px=4.183 current_hull=0.0629 old_hull=0.0620
[AUTO_LOOP_REJECT] current=561 matched=6 tracked=246 descriptor=49 inliers=16 ratio=0.327 rel_t_m=0.1436 yaw_deg=-6.38
[AUTO_LOOP_PNP_QUALITY] current=561 matched=17 inliers=13 rmse_px=2.753 p95_px=3.748 current_hull=0.0493 old_hull=0.0486
[AUTO_LOOP_REJECT] current=561 matched=17 tracked=246 descriptor=42 inliers=13 ratio=0.310 rel_t_m=0.1499 yaw_deg=-7.56
[AUTO_LOOP_PNP_QUALITY] current=561 matched=5 inliers=15 rmse_px=inf p95_px=inf current_hull=0.1221 old_hull=0.0854
[AUTO_LOOP_REJECT] current=561 matched=5 tracked=246 descriptor=26 inliers=15 ratio=0.577 rel_t_m=0.1499 yaw_deg=-7.56
[AUTO_LOOP_PNP_QUALITY] current=561 matched=34 inliers=10 rmse_px=2.146 p95_px=4.067 current_hull=0.0681 old_hull=0.0743
[AUTO_LOOP_REJECT] current=561 matched=34 tracked=246 descriptor=39 inliers=10 ratio=0.256 rel_t_m=0.2940 yaw_deg=-3.09
[AUTO_LOOP_PNP_QUALITY] current=562 matched=6 inliers=17 rmse_px=2.441 p95_px=3.726 current_hull=0.0764 old_hull=0.0760
[AUTO_LOOP_RIGHT_PASS] current=562 matched=6 matches=240 inliers=128 ratio=0.533
[AUTO_LOOP_GEOMETRY_PASS] current=562 matched=6 inliers=17 ratio=0.370 rel_t_m=0.1665 yaw_deg=-4.10
[AUTO_LOOP_PENDING] current=562 matched=6 confirmations=1/4 rel_t_m=0.1665 yaw_deg=-4.10 correction_t_m=0.0217 correction_xyz_m=(0.0022,0.0133,-0.0170) correction_yaw_deg=-0.20
[AUTO_LOOP_PNP_QUALITY] current=563 matched=6 inliers=17 rmse_px=2.355 p95_px=4.101 current_hull=0.0833 old_hull=0.0853
[AUTO_LOOP_REJECT] current=563 matched=6 tracked=244 descriptor=49 inliers=17 ratio=0.347 rel_t_m=0.1616 yaw_deg=-3.31
[AUTO_LOOP_PNP_QUALITY] current=564 matched=6 inliers=17 rmse_px=2.598 p95_px=3.712 current_hull=0.0442 old_hull=0.0424
[AUTO_LOOP_REJECT] current=564 matched=6 tracked=231 descriptor=52 inliers=17 ratio=0.327 rel_t_m=0.1085 yaw_deg=-6.47
[AUTO_LOOP_PNP_QUALITY] current=564 matched=12 inliers=11 rmse_px=2.214 p95_px=3.163 current_hull=0.0329 old_hull=0.0306
[AUTO_LOOP_REJECT] current=564 matched=12 tracked=231 descriptor=42 inliers=11 ratio=0.262 rel_t_m=0.1077 yaw_deg=-7.27
[AUTO_LOOP_PNP_QUALITY] current=564 matched=17 inliers=14 rmse_px=2.533 p95_px=3.779 current_hull=0.0518 old_hull=0.0495
[AUTO_LOOP_REJECT] current=564 matched=17 tracked=231 descriptor=46 inliers=14 ratio=0.304 rel_t_m=0.1387 yaw_deg=-7.34
[AUTO_LOOP_PNP_QUALITY] current=564 matched=34 inliers=14 rmse_px=2.356 p95_px=3.194 current_hull=0.0555 old_hull=0.0566
[AUTO_LOOP_REJECT] current=564 matched=34 tracked=231 descriptor=43 inliers=14 ratio=0.326 rel_t_m=0.2591 yaw_deg=-5.64
[AUTO_LOOP_PNP_QUALITY] current=565 matched=6 inliers=19 rmse_px=2.503 p95_px=4.392 current_hull=0.0800 old_hull=0.0784
[AUTO_LOOP_RIGHT_PASS] current=565 matched=6 matches=325 inliers=195 ratio=0.600
[AUTO_LOOP_GEOMETRY_PASS] current=565 matched=6 inliers=19 ratio=0.388 rel_t_m=0.1196 yaw_deg=-3.33
[AUTO_LOOP_PENDING] current=565 matched=6 confirmations=2/4 rel_t_m=0.1196 yaw_deg=-3.33 correction_t_m=0.0343 correction_xyz_m=(-0.0157,0.0232,-0.0197) correction_yaw_deg=-1.05
[AUTO_LOOP_PNP_QUALITY] current=566 matched=6 inliers=16 rmse_px=2.364 p95_px=4.169 current_hull=0.0507 old_hull=0.0485
[AUTO_LOOP_RIGHT_PASS] current=566 matched=6 matches=324 inliers=215 ratio=0.664
[AUTO_LOOP_GEOMETRY_PASS] current=566 matched=6 inliers=16 ratio=0.356 rel_t_m=0.1113 yaw_deg=-2.52
[AUTO_LOOP_PENDING] current=566 matched=6 confirmations=3/4 rel_t_m=0.1113 yaw_deg=-2.52 correction_t_m=0.0155 correction_xyz_m=(-0.0056,0.0111,0.0092) correction_yaw_deg=-0.45
[AUTO_LOOP_PNP_QUALITY] current=567 matched=6 inliers=17 rmse_px=2.511 p95_px=4.128 current_hull=0.0586 old_hull=0.0564
[AUTO_LOOP_REJECT] current=567 matched=6 tracked=232 descriptor=54 inliers=17 ratio=0.315 rel_t_m=0.0958 yaw_deg=-3.09
[AUTO_LOOP_PNP_QUALITY] current=568 matched=6 inliers=19 rmse_px=2.658 p95_px=4.141 current_hull=0.1115 old_hull=0.1122
[AUTO_LOOP_REJECT] current=568 matched=6 tracked=242 descriptor=55 inliers=19 ratio=0.345 rel_t_m=0.0936 yaw_deg=-1.92
[AUTO_LOOP_PNP_QUALITY] current=568 matched=1 inliers=19 rmse_px=2.310 p95_px=3.872 current_hull=0.1082 old_hull=0.1024
[AUTO_LOOP_RIGHT_PASS] current=568 matched=1 matches=529 inliers=396 ratio=0.749
[AUTO_LOOP_GEOMETRY_PASS] current=568 matched=1 inliers=19 ratio=0.352 rel_t_m=0.1075 yaw_deg=2.72
[AUTO_LOOP_PENDING] current=568 matched=1 confirmations=1/4 rel_t_m=0.1075 yaw_deg=2.72 correction_t_m=0.0319 correction_xyz_m=(0.0059,0.0058,-0.0308) correction_yaw_deg=0.63
[AUTO_LOOP_PNP_QUALITY] current=569 matched=1 inliers=20 rmse_px=2.209 p95_px=3.259 current_hull=0.0987 old_hull=0.0925
[AUTO_LOOP_RIGHT_PASS] current=569 matched=1 matches=578 inliers=453 ratio=0.784
[AUTO_LOOP_GEOMETRY_PASS] current=569 matched=1 inliers=20 ratio=0.417 rel_t_m=0.0933 yaw_deg=2.81
[AUTO_LOOP_PENDING] current=569 matched=1 confirmations=2/4 rel_t_m=0.0933 yaw_deg=2.81 correction_t_m=0.0284 correction_xyz_m=(0.0033,0.0085,-0.0269) correction_yaw_deg=0.30
[AUTO_LOOP_PNP_QUALITY] current=570 matched=1 inliers=25 rmse_px=2.527 p95_px=3.740 current_hull=0.1762 old_hull=0.1675
[AUTO_LOOP_RIGHT_PASS] current=570 matched=1 matches=674 inliers=548 ratio=0.813
[AUTO_LOOP_GEOMETRY_PASS] current=570 matched=1 inliers=25 ratio=0.463 rel_t_m=0.0695 yaw_deg=2.23
[AUTO_LOOP_PENDING] current=570 matched=1 confirmations=3/4 rel_t_m=0.0695 yaw_deg=2.23 correction_t_m=0.0233 correction_xyz_m=(-0.0079,0.0155,-0.0155) correction_yaw_deg=-0.49
[AUTO_LOOP_PNP_QUALITY] current=571 matched=1 inliers=23 rmse_px=2.277 p95_px=3.552 current_hull=0.1617 old_hull=0.1559
[AUTO_LOOP_RIGHT_PASS] current=571 matched=1 matches=706 inliers=603 ratio=0.854
[AUTO_LOOP_GEOMETRY_PASS] current=571 matched=1 inliers=23 ratio=0.418 rel_t_m=0.0490 yaw_deg=1.93
[AUTO_LOOP_ACCEPT] current=571 matched=1 confirmations=4 inliers_gate=>15 fused_correction_t_m=0.0248 fused_correction_yaw_deg=-0.09
[AUTO_LOOP_PNP_QUALITY] current=572 matched=1 inliers=22 rmse_px=2.593 p95_px=3.898 current_hull=0.1110 old_hull=0.1070
[AUTO_LOOP_RIGHT_PASS] current=572 matched=1 matches=679 inliers=564 ratio=0.831
[AUTO_LOOP_GEOMETRY_PASS] current=572 matched=1 inliers=22 ratio=0.400 rel_t_m=0.0568 yaw_deg=2.73
[AUTO_LOOP_PENDING] current=572 matched=1 confirmations=1/4 rel_t_m=0.0568 yaw_deg=2.73 correction_t_m=0.0169 correction_xyz_m=(-0.0005,0.0114,-0.0125) correction_yaw_deg=-0.06
[AUTO_LOOP_PNP_QUALITY] current=573 matched=1 inliers=22 rmse_px=2.496 p95_px=3.699 current_hull=0.1411 old_hull=0.1365
[AUTO_LOOP_RIGHT_PASS] current=573 matched=1 matches=698 inliers=609 ratio=0.872
[AUTO_LOOP_GEOMETRY_PASS] current=573 matched=1 inliers=22 ratio=0.400 rel_t_m=0.0389 yaw_deg=2.48
[AUTO_LOOP_PENDING] current=573 matched=1 confirmations=2/4 rel_t_m=0.0389 yaw_deg=2.48 correction_t_m=0.0269 correction_xyz_m=(-0.0087,0.0189,-0.0170) correction_yaw_deg=-0.63
[AUTO_LOOP_PNP_QUALITY] current=574 matched=1 inliers=27 rmse_px=2.402 p95_px=3.808 current_hull=0.1098 old_hull=0.1090
[AUTO_LOOP_RIGHT_PASS] current=574 matched=1 matches=742 inliers=622 ratio=0.838
[AUTO_LOOP_GEOMETRY_PASS] current=574 matched=1 inliers=27 ratio=0.482 rel_t_m=0.0403 yaw_deg=3.53
[AUTO_LOOP_PENDING] current=574 matched=1 confirmations=3/4 rel_t_m=0.0403 yaw_deg=3.53 correction_t_m=0.0072 correction_xyz_m=(0.0033,-0.0001,-0.0063) correction_yaw_deg=0.35
[AUTO_LOOP_PNP_QUALITY] current=575 matched=1 inliers=26 rmse_px=2.396 p95_px=3.717 current_hull=0.0924 old_hull=0.0954
[AUTO_LOOP_RIGHT_PASS] current=575 matched=1 matches=773 inliers=684 ratio=0.885
[AUTO_LOOP_GEOMETRY_PASS] current=575 matched=1 inliers=26 ratio=0.464 rel_t_m=0.0148 yaw_deg=2.68
[AUTO_LOOP_COOLDOWN] current=575 matched=1
[AUTO_LOOP_PNP_QUALITY] current=576 matched=1 inliers=26 rmse_px=2.471 p95_px=3.888 current_hull=0.0926 old_hull=0.0916
[AUTO_LOOP_RIGHT_PASS] current=576 matched=1 matches=756 inliers=639 ratio=0.845
[AUTO_LOOP_GEOMETRY_PASS] current=576 matched=1 inliers=26 ratio=0.441 rel_t_m=0.0298 yaw_deg=3.75
[AUTO_LOOP_PENDING] current=576 matched=1 confirmations=1/4 rel_t_m=0.0298 yaw_deg=3.75 correction_t_m=0.0169 correction_xyz_m=(0.0133,0.0007,-0.0105) correction_yaw_deg=0.84
optimize pose graph 
[AUTO_LOOP_PNP_QUALITY] current=577 matched=1 inliers=26 rmse_px=2.434 p95_px=3.896 current_hull=0.0928 old_hull=0.0948
[AUTO_LOOP_RIGHT_PASS] current=577 matched=1 matches=731 inliers=652 ratio=0.892
[AUTO_LOOP_GEOMETRY_PASS] current=577 matched=1 inliers=26 ratio=0.433 rel_t_m=0.0328 yaw_deg=2.29
[AUTO_LOOP_PENDING] current=577 matched=1 confirmations=2/4 rel_t_m=0.0328 yaw_deg=2.29 correction_t_m=0.0168 correction_xyz_m=(0.0116,-0.0075,-0.0095) correction_yaw_deg=0.84
[AUTO_LOOP_PNP_QUALITY] current=578 matched=1 inliers=24 rmse_px=2.569 p95_px=3.843 current_hull=0.0973 old_hull=0.0971
[AUTO_LOOP_RIGHT_PASS] current=578 matched=1 matches=686 inliers=615 ratio=0.897
[AUTO_LOOP_GEOMETRY_PASS] current=578 matched=1 inliers=24 ratio=0.387 rel_t_m=0.0166 yaw_deg=0.70
[AUTO_LOOP_PENDING] current=578 matched=1 confirmations=3/4 rel_t_m=0.0166 yaw_deg=0.70 correction_t_m=0.0270 correction_xyz_m=(0.0047,0.0102,-0.0245) correction_yaw_deg=0.28
[INFO] [1786628610.138516940] [rclcpp]: signal_handler(SIGINT/SIGTERM)
[LOOP_INPUT_SUMMARY] received=589 transport_drops=0 backlog_drops=0 remaining_backlog=0
