{"diagnostic_only": true, "external_ground_truth_used": false, "native_argc": 12, "original_sha256": "52fa042caa2157dc86c73af0b7c3d4db180b9854c2da5c412015f8c11a44ae95", "patched_ast_source_sha256": "1a68fde66553d6d33ffc97071e0ed45fc3fa4455805846a2a956b72afad828cc", "previous_kf_retry_max_age": 12, "production_promoted": false, "schema": "mast3r_latched_reference_runtime_ast_diagnostic_v1", "source_main": "/home/robot/ego_pipeline/work/toolchains/MASt3R-SLAM/main.py", "toolroot": "/home/robot/ego_pipeline/work/toolchains/MASt3R-SLAM"}
/home/robot/ego_vio_humble/.planning/dual_ir_regression_25_20261002/batch_v1/20260929_take02/right_cache/dataset
{'use_calib': False, 'single_thread': True, 'dataset': {'subsample': 1, 'img_downsample': 1, 'center_principle_point': True}, 'matching': {'max_iter': 10, 'lambda_init': 1e-08, 'convergence_thresh': 1e-06, 'dist_thresh': 0.1, 'radius': 3, 'dilation_max': 5}, 'tracking': {'min_match_frac': 0.05, 'max_iters': 50, 'C_conf': 0.0, 'Q_conf': 1.5, 'rel_error': 0.001, 'delta_norm': 0.001, 'huber': 1.345, 'match_frac_thresh': 0.333, 'sigma_ray': 0.003, 'sigma_dist': 10.0, 'sigma_pixel': 1.0, 'sigma_depth': 10.0, 'sigma_point': 0.05, 'pixel_border': -10, 'depth_eps': 1e-06, 'filtering_mode': 'weighted_pointmap', 'filtering_score': 'median', 'imu_rotation_prior': True, 'imu_rotation_constraint_weight': 0.6, 'imu_rotation_constraint_gate_deg': 0.5, 'stereo_pointmap_scale_prior': False, 'stereo_fix_pose_scale': False, 'stereo_pointmap_depth_anchor': False, 'stereo_preserve_keyframe_pointmap': False, 'stereo_keyframe_pnp': False, 'stereo_keyframe_pnp_min_points': 100, 'stereo_keyframe_pnp_min_inlier_ratio': 0.4, 'stereo_keyframe_pnp_reprojection_error_px': 2.0, 'stereo_keyframe_pnp_max_points': 5000, 'stereo_keyframe_pnp_lookback': 1, 'stereo_keyframe_pnp_max_visual_disagreement_m': 0.05, 'stereo_keyframe_pnp_max_visual_disagreement_deg': 5.0, 'stereo_keyframe_3d_translation_refine': False, 'stereo_keyframe_3d_min_points': 100, 'stereo_keyframe_3d_min_inlier_ratio': 0.3, 'stereo_keyframe_3d_max_residual_m': 0.02, 'stereo_scale_min_points': 500, 'stereo_scale_min_depth_m': 0.15, 'stereo_scale_max_depth_m': 0.65, 'stereo_scale_min_confidence': 1.5, 'stereo_scale_max_relative_jump': 0.25, 'stereo_depth_anchor_max_relative_residual': 0.5}, 'local_opt': {'pin': 1, 'window_size': 1000000.0, 'C_conf': 0.0, 'Q_conf': 1.5, 'min_match_frac': 0.1, 'pixel_border': -10, 'depth_eps': 1e-06, 'max_iters': 10, 'sigma_ray': 0.003, 'sigma_dist': 10.0, 'sigma_pixel': 1.0, 'sigma_depth': 10.0, 'sigma_point': 0.05, 'delta_norm': 1e-08, 'use_cuda': True}, 'retrieval': {'k': 3, 'min_thresh': 0.005, 'confirmation_frames': 2, 'confirmation_immediate_frame_gap': 150, 'confirmation_frame_id_radius': 60, 'density_window': 10, 'dense_min_keyframes': 10, 'dense_max_mean_frame_gap': 24}, 'reloc': {'min_match_frac': 0.3, 'strict': True}, 'inherit': 'config/base.yaml'}
Using calibrated IMU rotation priors for frame initialization
... loading model from /home/robot/ego_pipeline/work/toolchains/MASt3R-SLAM/checkpoints/MASt3R_ViTLarge_BaseDecoder_512_catmlpdpt_metric.pth
instantiating : AsymmetricMASt3R(enc_depth=24, dec_depth=12, enc_embed_dim=1024, dec_embed_dim=768, enc_num_heads=16, dec_num_heads=12, pos_embed='RoPE100',img_size=(512, 512), head_type='catmlp+dpt', output_mode='pts3d+desc24', depth_mode=('exp', -inf, inf), conf_mode=('exp', 1, inf), patch_embed_cls='PatchEmbedDust3R', two_confs=True, desc_conf_mode=('exp', 0, inf), landscape_only=False)
<All keys matched successfully>
Loading retrieval model from checkpoints/MASt3R_ViTLarge_BaseDecoder_512_catmlpdpt_metric_retrieval_trainingfree.pth
Loop confirmation mode 0 : sparse_exact mean_source_frame_gap= inf
Retrieval pending multi-frame confirmation 1 :  [0]
Retrieval pending multi-frame confirmation 2 :  [1]
Database retrieval 2 :  {0}
Retrieval pending multi-frame confirmation 3 :  [2]
Database retrieval 3 :  {0, 1}
Retrieval pending multi-frame confirmation 4 :  [3]
Database retrieval 4 :  {1, 2}
Retrieval pending multi-frame confirmation 5 :  [4]
Database retrieval 5 :  {2, 3}
Retrieval pending multi-frame confirmation 6 :  [5]
Database retrieval 6 :  {2, 4}
Retrieval pending multi-frame confirmation 7 :  [1, 3]
Database retrieval 7 :  {2}
Retrieval pending multi-frame confirmation 8 :  [0, 7]
Database retrieval 8 :  {2}
Retrieval pending multi-frame confirmation 9 :  [1, 3]
Database retrieval 9 :  {7}
Loop confirmation mode 10 : dense_scene_cluster mean_source_frame_gap= 13.444444444444445
Database retrieval 10 :  {3, 4, 6}
Database retrieval 11 :  {4, 6}
Database retrieval 12 :  {10, 6}
Database retrieval 13 :  {10, 11}
Database retrieval 14 :  {11, 12}
Database retrieval 15 :  {12, 13}
Database retrieval 16 :  {10, 11, 12}
Retrieval pending multi-frame confirmation 17 :  [1]
Database retrieval 17 :  {10}
Database retrieval 18 :  {2, 1}
Database retrieval 19 :  {17, 10}
Database retrieval 20 :  {17, 18}
Database retrieval 21 :  {17, 19}
Database retrieval 22 :  {20, 14}
Database retrieval 23 :  {21, 14}
Database retrieval 24 :  {21, 22}
Database retrieval 25 :  {21, 22}
Database retrieval 26 :  {24, 21}
Database retrieval 27 :  {24, 25}
Database retrieval 28 :  {25, 26}
Database retrieval 29 :  {26, 27}
Database retrieval 30 :  {26, 27}
Database retrieval 31 :  {26, 29}
Database retrieval 32 :  {26, 30}
Database retrieval 33 :  {26, 31}
Database retrieval 34 :  {32, 31}
Database retrieval 35 :  {32, 31}
Database retrieval 36 :  {32, 33, 34}
Database retrieval 37 :  {33, 26}
Database retrieval 38 :  {26, 36}
Database retrieval 39 :  {36, 37}
RELOCALIZING against kf  40  and  [39, 38, 37]
Failed to relocalize
RELOCALIZING against kf  40  and  [39, 37, 38]
Failed to relocalize
RELOCALIZING against kf  40  and  [39, 38, 37]
Failed to relocalize
RELOCALIZING against kf  40  and  [39, 38, 37]
Failed to relocalize
RELOCALIZING against kf  40  and  [39, 37, 38]
Failed to relocalize
RELOCALIZING against kf  40  and  [39, 37, 38]
Failed to relocalize
RELOCALIZING against kf  40  and  [39, 38, 37]
Failed to relocalize
RELOCALIZING against kf  40  and  [39, 37, 38]
Failed to relocalize
RELOCALIZING against kf  40  and  [39, 37, 38]
Failed to relocalize
RELOCALIZING against kf  40  and  [39, 37, 38]
Failed to relocalize
RELOCALIZING against kf  40  and  [39, 37, 38]
Failed to relocalize
RELOCALIZING against kf  40  and  [39, 37, 38]
Failed to relocalize
RELOCALIZING against kf  40  and  [37, 39, 38]
Failed to relocalize
RELOCALIZING against kf  40  and  [39, 37, 31]
Failed to relocalize
RELOCALIZING against kf  40  and  [37, 39, 36]
Failed to relocalize
RELOCALIZING against kf  40  and  [38, 37, 39]
Failed to relocalize
RELOCALIZING against kf  40  and  [39, 36, 30]
Failed to relocalize
RELOCALIZING against kf  40  and  [37, 38, 39]
Failed to relocalize
RELOCALIZING against kf  40  and  [37, 38, 30]
Failed to relocalize
RELOCALIZING against kf  40  and  [37, 38, 30]
Failed to relocalize
RELOCALIZING against kf  40  and  [37, 38, 39]
Failed to relocalize
RELOCALIZING against kf  40  and  [37, 30, 38]
Failed to relocalize
RELOCALIZING against kf  40  and  [37, 30, 39]
Failed to relocalize
RELOCALIZING against kf  40  and  [37, 38, 39]
Failed to relocalize
RELOCALIZING against kf  40  and  [37, 38, 39]
Failed to relocalize
RELOCALIZING against kf  40  and  [37, 38, 39]
Failed to relocalize
RELOCALIZING against kf  40  and  [37, 39, 29]
Failed to relocalize
RELOCALIZING against kf  40  and  [37, 29, 38]
Failed to relocalize
RELOCALIZING against kf  40  and  [37, 29, 38]
Failed to relocalize
RELOCALIZING against kf  40  and  [37, 29, 38]
Failed to relocalize
RELOCALIZING against kf  40  and  [29, 37, 39]
Failed to relocalize
RELOCALIZING against kf  40  and  [37, 29, 38]
Failed to relocalize
RELOCALIZING against kf  40  and  [37, 29, 38]
Failed to relocalize
RELOCALIZING against kf  40  and  [37, 29, 38]
Failed to relocalize
RELOCALIZING against kf  40  and  [37, 38, 30]
Failed to relocalize
RELOCALIZING against kf  40  and  [37, 38, 27]
Failed to relocalize
RELOCALIZING against kf  40  and  [37, 29, 38]
Failed to relocalize
RELOCALIZING against kf  40  and  [37, 29, 27]
Failed to relocalize
RELOCALIZING against kf  40  and  [37, 38, 27]
Failed to relocalize
RELOCALIZING against kf  40  and  [37, 38, 28]
Failed to relocalize
RELOCALIZING against kf  40  and  [37, 38, 29]
Failed to relocalize
RELOCALIZING against kf  40  and  [37, 38, 28]
Failed to relocalize
RELOCALIZING against kf  40  and  [37, 28, 26]
Failed to relocalize
RELOCALIZING against kf  40  and  [37, 28, 38]
Failed to relocalize
RELOCALIZING against kf  40  and  [37, 38, 29]
Failed to relocalize
RELOCALIZING against kf  40  and  [37, 28, 38]
Failed to relocalize
RELOCALIZING against kf  40  and  [37, 38, 29]
Failed to relocalize
RELOCALIZING against kf  40  and  [37, 38, 29]
Failed to relocalize
RELOCALIZING against kf  40  and  [38, 29, 28]
Failed to relocalize
RELOCALIZING against kf  40  and  [38, 29, 28]
Failed to relocalize
RELOCALIZING against kf  40  and  [38, 29, 26]
Failed to relocalize
RELOCALIZING against kf  40  and  [26, 38, 29]
Failed to relocalize
RELOCALIZING against kf  40  and  [28, 27, 26]
Failed to relocalize
RELOCALIZING against kf  40  and  [29, 26, 28]
Failed to relocalize
RELOCALIZING against kf  40  and  [28, 38, 29]
Failed to relocalize
RELOCALIZING against kf  40  and  [28, 38, 26]
Failed to relocalize
RELOCALIZING against kf  40  and  [28, 38, 29]
Failed to relocalize
RELOCALIZING against kf  40  and  [29, 27, 28]
Failed to relocalize
RELOCALIZING against kf  40  and  [28, 38, 26]
Failed to relocalize
RELOCALIZING against kf  40  and  [28, 29, 38]
Failed to relocalize
RELOCALIZING against kf  40  and  [28, 30, 29]
Failed to relocalize
RELOCALIZING against kf  40  and  [28, 29, 38]
Failed to relocalize
RELOCALIZING against kf  40  and  [28, 29, 26]
Failed to relocalize
RELOCALIZING against kf  40  and  [29, 28, 38]
Failed to relocalize
RELOCALIZING against kf  40  and  [29, 26, 28]
Failed to relocalize
RELOCALIZING against kf  40  and  [26, 28, 29]
Failed to relocalize
RELOCALIZING against kf  40  and  [28, 26, 27]
Failed to relocalize
RELOCALIZING against kf  40  and  [28, 29, 26]
Failed to relocalize
RELOCALIZING against kf  40  and  [26, 28, 27]
Failed to relocalize
RELOCALIZING against kf  40  and  [28, 26, 37]
Failed to relocalize
RELOCALIZING against kf  40  and  [28, 29, 26]
Failed to relocalize
RELOCALIZING against kf  40  and  [26, 29, 28]
Failed to relocalize
RELOCALIZING against kf  40  and  [30, 28, 29]
Failed to relocalize
RELOCALIZING against kf  40  and  [28, 26, 29]
Failed to relocalize
RELOCALIZING against kf  40  and  [28, 26, 30]
Failed to relocalize
RELOCALIZING against kf  40  and  [29, 26, 28]
Failed to relocalize
RELOCALIZING against kf  40  and  [29, 28, 26]
Failed to relocalize
RELOCALIZING against kf  40  and  [29, 26, 28]
Failed to relocalize
RELOCALIZING against kf  40  and  [29, 26, 28]
Failed to relocalize
RELOCALIZING against kf  40  and  [29, 26, 28]
Failed to relocalize
RELOCALIZING against kf  40  and  [38, 37, 29]
Failed to relocalize
RELOCALIZING against kf  40  and  [26, 37, 28]
Failed to relocalize
RELOCALIZING against kf  40  and  [26, 29, 37]
Failed to relocalize
RELOCALIZING against kf  40  and  [29, 28, 26]
Failed to relocalize
RELOCALIZING against kf  40  and  [29, 28, 26]
Failed to relocalize
RELOCALIZING against kf  40  and  [26, 29, 28]
Failed to relocalize
RELOCALIZING against kf  40  and  [37, 28, 26]
Failed to relocalize
RELOCALIZING against kf  40  and  [37, 28, 27]
Failed to relocalize
RELOCALIZING against kf  40  and  [37, 28, 27]
Failed to relocalize
RELOCALIZING against kf  40  and  [37, 28, 38]
Failed to relocalize
RELOCALIZING against kf  40  and  [37, 28, 38]
Failed to relocalize
RELOCALIZING against kf  40  and  [37, 28, 38]
Failed to relocalize
RELOCALIZING against kf  40  and  [37, 28, 26]
Failed to relocalize
RELOCALIZING against kf  40  and  [37, 28, 26]
Failed to relocalize
RELOCALIZING against kf  40  and  [37, 28, 38]
Failed to relocalize
RELOCALIZING against kf  40  and  [37, 38, 27]
Failed to relocalize
RELOCALIZING against kf  40  and  [37, 28, 27]
Failed to relocalize
RELOCALIZING against kf  40  and  [37, 28, 27]
Failed to relocalize
RELOCALIZING against kf  40  and  [37, 28, 27]
Failed to relocalize
RELOCALIZING against kf  40  and  [37, 28, 27]
Failed to relocalize
RELOCALIZING against kf  40  and  [37, 28, 38]
Failed to relocalize
RELOCALIZING against kf  40  and  [37, 28, 38]
Failed to relocalize
RELOCALIZING against kf  40  and  [37, 28, 27]
Failed to relocalize
RELOCALIZING against kf  40  and  [37, 28, 38]
Failed to relocalize
RELOCALIZING against kf  40  and  [37, 28, 38]
Failed to relocalize
RELOCALIZING against kf  40  and  [37, 28, 38]
Failed to relocalize
RELOCALIZING against kf  40  and  [37, 38, 28]
Failed to relocalize
RELOCALIZING against kf  40  and  [37, 28, 38]
Failed to relocalize
RELOCALIZING against kf  40  and  [37, 28, 38]
Failed to relocalize
RELOCALIZING against kf  40  and  [37, 38, 39]
Failed to relocalize
RELOCALIZING against kf  40  and  [37, 38, 29]
Failed to relocalize
RELOCALIZING against kf  40  and  [37, 38, 29]
Failed to relocalize
RELOCALIZING against kf  40  and  [37, 29, 31]
Failed to relocalize
RELOCALIZING against kf  40  and  [37, 31, 36]
Failed to relocalize
RELOCALIZING against kf  40  and  [37, 36, 31]
Failed to relocalize
RELOCALIZING against kf  40  and  [31, 36, 38]
Failed to relocalize
RELOCALIZING against kf  40  and  [31, 37, 39]
Failed to relocalize
RELOCALIZING against kf  40  and  [31, 36, 34]
Failed to relocalize
RELOCALIZING against kf  40  and  [34, 33, 36]
Failed to relocalize
RELOCALIZING against kf  40  and  [19, 20, 38]
Failed to relocalize
RELOCALIZING against kf  40  and  [19, 20, 17]
Failed to relocalize
RELOCALIZING against kf  40  and  [19, 20, 17]
Failed to relocalize
RELOCALIZING against kf  40  and  [19, 17, 18]
Failed to relocalize
RELOCALIZING against kf  40  and  [17, 19, 20]
Failed to relocalize
RELOCALIZING against kf  40  and  [17, 20, 19]
Failed to relocalize
RELOCALIZING against kf  40  and  [17, 19, 7]
Failed to relocalize
RELOCALIZING against kf  40  and  [17, 7, 19]
Failed to relocalize
RELOCALIZING against kf  40  and  [17, 7, 19]
Failed to relocalize
RELOCALIZING against kf  40  and  [17, 19, 7]
Failed to relocalize
RELOCALIZING against kf  40  and  [7, 17, 19]
Failed to relocalize
RELOCALIZING against kf  40  and  [7, 17, 19]
Failed to relocalize
RELOCALIZING against kf  40  and  [7, 17, 19]
Failed to relocalize
RELOCALIZING against kf  40  and  [7, 17, 19]
Failed to relocalize
RELOCALIZING against kf  40  and  [7, 17, 8]
Failed to relocalize
RELOCALIZING against kf  40  and  [8, 7]
Failed to relocalize
RELOCALIZING against kf  40  and  [8, 7, 17]
Failed to relocalize
RELOCALIZING against kf  40  and  [8, 7]
Failed to relocalize
RELOCALIZING against kf  40  and  [8, 7]
Failed to relocalize
RELOCALIZING against kf  40  and  [8, 7]
Failed to relocalize
RELOCALIZING against kf  40  and  [8, 7]
Failed to relocalize
RELOCALIZING against kf  40  and  [8, 7]
Failed to relocalize
RELOCALIZING against kf  40  and  [8]
Failed to relocalize
RELOCALIZING against kf  40  and  [8]
Failed to relocalize
RELOCALIZING against kf  40  and  [8, 7]
Failed to relocalize
RELOCALIZING against kf  40  and  [8]
Failed to relocalize
RELOCALIZING against kf  40  and  [8]
Failed to relocalize
RELOCALIZING against kf  40  and  [8]
Failed to relocalize
RELOCALIZING against kf  40  and  [8]
Failed to relocalize
RELOCALIZING against kf  40  and  [8]
Failed to relocalize
RELOCALIZING against kf  40  and  [8]
Failed to relocalize
RELOCALIZING against kf  40  and  [8]
Failed to relocalize
RELOCALIZING against kf  40  and  [8]
Failed to relocalize
RELOCALIZING against kf  40  and  [8]
Failed to relocalize
RELOCALIZING against kf  40  and  [8]
Failed to relocalize
RELOCALIZING against kf  40  and  [8]
Failed to relocalize
RELOCALIZING against kf  40  and  [8]
Failed to relocalize
RELOCALIZING against kf  40  and  [8]
Failed to relocalize
RELOCALIZING against kf  40  and  [8]
Failed to relocalize
RELOCALIZING against kf  40  and  [8]
Failed to relocalize
RELOCALIZING against kf  40  and  [8]
Failed to relocalize
RELOCALIZING against kf  40  and  [8]
Failed to relocalize
RELOCALIZING against kf  40  and  [18]
Failed to relocalize
RELOCALIZING against kf  40  and  [18, 17, 20]
Failed to relocalize
RELOCALIZING against kf  40  and  [18, 20, 7]
Failed to relocalize
RELOCALIZING against kf  40  and  [20, 3, 18]
Failed to relocalize
RELOCALIZING against kf  40  and  [34, 39, 38]
Failed to relocalize
RELOCALIZING against kf  40  and  [34, 33, 36]
Failed to relocalize
RELOCALIZING against kf  40  and  [36, 34, 29]
Failed to relocalize
RELOCALIZING against kf  40  and  [34, 36, 33]
Failed to relocalize
RELOCALIZING against kf  40  and  [34, 36, 33]
Failed to relocalize
RELOCALIZING against kf  40  and  [39, 34, 38]
Failed to relocalize
RELOCALIZING against kf  40  and  [38, 37, 36]
Failed to relocalize
RELOCALIZING against kf  40  and  [38, 39, 37]
Failed to relocalize
RELOCALIZING against kf  40  and  [38, 29, 36]
Failed to relocalize
RELOCALIZING against kf  40  and  [36, 38, 28]
Failed to relocalize
RELOCALIZING against kf  40  and  [38, 36, 39]
Failed to relocalize
RELOCALIZING against kf  40  and  [38, 37, 39]
Failed to relocalize
RELOCALIZING against kf  40  and  [38, 37, 32]
Failed to relocalize
RELOCALIZING against kf  40  and  [37, 38, 28]
Failed to relocalize
RELOCALIZING against kf  40  and  [37, 39, 38]
Failed to relocalize
RELOCALIZING against kf  40  and  [37, 38, 39]
Failed to relocalize
RELOCALIZING against kf  40  and  [38, 37, 28]
Failed to relocalize
RELOCALIZING against kf  40  and  [37, 38, 36]
Failed to relocalize
RELOCALIZING against kf  40  and  [38, 37, 36]
Failed to relocalize
RELOCALIZING against kf  40  and  [37, 39, 38]
Failed to relocalize
RELOCALIZING against kf  40  and  [38, 36, 28]
Failed to relocalize
RELOCALIZING against kf  40  and  [36, 37, 39]
Failed to relocalize
RELOCALIZING against kf  40  and  [37, 38, 39]
Failed to relocalize
RELOCALIZING against kf  40  and  [36, 39, 37]
Failed to relocalize
RELOCALIZING against kf  40  and  [39, 36, 37]
Failed to relocalize
RELOCALIZING against kf  40  and  [39, 37, 38]
Failed to relocalize
RELOCALIZING against kf  40  and  [39, 31, 36]
Failed to relocalize
RELOCALIZING against kf  40  and  [39, 37, 38]
Failed to relocalize
RELOCALIZING against kf  40  and  [39, 31, 36]
Failed to relocalize
RELOCALIZING against kf  40  and  [39, 31, 36]
Failed to relocalize
RELOCALIZING against kf  40  and  [31, 39, 37]
Failed to relocalize
RELOCALIZING against kf  40  and  [31, 37, 33]
Failed to relocalize
RELOCALIZING against kf  40  and  [37, 39, 31]
Failed to relocalize
RELOCALIZING against kf  40  and  [39, 38, 26]
Failed to relocalize
RELOCALIZING against kf  40  and  [31, 39, 30]
Failed to relocalize
RELOCALIZING against kf  40  and  [39, 29, 34]
Failed to relocalize
RELOCALIZING against kf  40  and  [29, 33, 28]
Failed to relocalize
RELOCALIZING against kf  40  and  [29, 32, 31]
Failed to relocalize
RELOCALIZING against kf  40  and  [34, 36, 39]
Failed to relocalize
RELOCALIZING against kf  40  and  [29, 31, 30]
Failed to relocalize
RELOCALIZING against kf  40  and  [28, 30, 26]
Failed to relocalize
RELOCALIZING against kf  40  and  [31, 28, 26]
Failed to relocalize
RELOCALIZING against kf  40  and  [28, 31, 29]
Failed to relocalize
RELOCALIZING against kf  40  and  [28, 31, 29]
Failed to relocalize
RELOCALIZING against kf  40  and  [29, 39, 28]
Failed to relocalize
RELOCALIZING against kf  40  and  [29, 28, 31]
Failed to relocalize
RELOCALIZING against kf  40  and  [31, 30, 28]
Failed to relocalize
RELOCALIZING against kf  40  and  [31, 30, 28]
Failed to relocalize
RELOCALIZING against kf  40  and  [28, 29, 31]
Failed to relocalize
RELOCALIZING against kf  40  and  [28, 27, 39]
Failed to relocalize
RELOCALIZING against kf  40  and  [28, 29, 27]
Failed to relocalize
RELOCALIZING against kf  40  and  [29, 31, 28]
Failed to relocalize
RELOCALIZING against kf  40  and  [28, 31, 27]
Failed to relocalize
RELOCALIZING against kf  40  and  [28, 30, 27]
Failed to relocalize
RELOCALIZING against kf  40  and  [28, 29, 30]
Failed to relocalize
RELOCALIZING against kf  40  and  [28, 29, 26]
Failed to relocalize
RELOCALIZING against kf  40  and  [28, 34, 27]
Failed to relocalize
RELOCALIZING against kf  40  and  [28, 29, 37]
Failed to relocalize
RELOCALIZING against kf  40  and  [28, 29, 31]
Failed to relocalize
RELOCALIZING against kf  40  and  [28, 30, 29]
Failed to relocalize
RELOCALIZING against kf  40  and  [28, 27, 26]
Failed to relocalize
RELOCALIZING against kf  40  and  [28, 29, 30]
Failed to relocalize
RELOCALIZING against kf  40  and  [28, 29, 24]
Failed to relocalize
RELOCALIZING against kf  40  and  [29, 28, 27]
Failed to relocalize
RELOCALIZING against kf  40  and  [29, 28, 27]
Failed to relocalize
RELOCALIZING against kf  40  and  [28, 27, 29]
Failed to relocalize
RELOCALIZING against kf  40  and  [28, 26, 29]
Failed to relocalize
RELOCALIZING against kf  40  and  [31, 28, 34]
Failed to relocalize
RELOCALIZING against kf  40  and  [30, 34, 29]
Failed to relocalize
RELOCALIZING against kf  40  and  [28, 29, 31]
Failed to relocalize
RELOCALIZING against kf  40  and  [28, 29, 31]
Failed to relocalize
RELOCALIZING against kf  40  and  [28, 31, 32]
Failed to relocalize
RELOCALIZING against kf  40  and  [34, 28, 32]
Failed to relocalize
RELOCALIZING against kf  40  and  [31, 32, 26]
Failed to relocalize
RELOCALIZING against kf  40  and  [34, 31, 28]
Failed to relocalize
RELOCALIZING against kf  40  and  [29, 34, 26]
Failed to relocalize
RELOCALIZING against kf  40  and  [29, 34, 26]
Failed to relocalize
RELOCALIZING against kf  40  and  [31, 39, 28]
Failed to relocalize
RELOCALIZING against kf  40  and  [34, 31, 25]
Failed to relocalize
RELOCALIZING against kf  40  and  [31, 34, 20]
Failed to relocalize
RELOCALIZING against kf  40  and  [34, 32, 31]
Failed to relocalize
RELOCALIZING against kf  40  and  [31, 17, 34]
Failed to relocalize
RELOCALIZING against kf  40  and  [17, 31, 20]
Failed to relocalize
RELOCALIZING against kf  40  and  [19, 17, 18]
Failed to relocalize
RELOCALIZING against kf  40  and  [17, 20, 19]
Failed to relocalize
RELOCALIZING against kf  40  and  [17, 19, 20]
Failed to relocalize
RELOCALIZING against kf  40  and  [19, 18, 20]
Failed to relocalize
RELOCALIZING against kf  40  and  [7, 17, 20]
Failed to relocalize
RELOCALIZING against kf  40  and  [7, 18, 17]
Failed to relocalize
RELOCALIZING against kf  40  and  [7, 18, 17]
Failed to relocalize
RELOCALIZING against kf  40  and  [7, 17, 19]
Failed to relocalize
RELOCALIZING against kf  40  and  [7, 19, 17]
Failed to relocalize
RELOCALIZING against kf  40  and  [7, 17, 19]
Failed to relocalize
RELOCALIZING against kf  40  and  [7, 18, 19]
Failed to relocalize
RELOCALIZING against kf  40  and  [7, 17, 19]
Failed to relocalize
RELOCALIZING against kf  40  and  [7, 17, 18]
Failed to relocalize
RELOCALIZING against kf  40  and  [7, 17, 18]
Failed to relocalize
RELOCALIZING against kf  40  and  [7, 17, 9]
Failed to relocalize
RELOCALIZING against kf  40  and  [7, 9]
Failed to relocalize
RELOCALIZING against kf  40  and  [7, 8, 19]
Failed to relocalize
RELOCALIZING against kf  40  and  [7, 8]
Failed to relocalize
RELOCALIZING against kf  40  and  [7]
Failed to relocalize
RELOCALIZING against kf  40  and  [7, 8]
Failed to relocalize
RELOCALIZING against kf  40  and  [7, 8]
Failed to relocalize
RELOCALIZING against kf  40  and  [7]
Failed to relocalize
RELOCALIZING against kf  40  and  [7, 8]
Failed to relocalize
RELOCALIZING against kf  40  and  [7, 8]
Failed to relocalize
RELOCALIZING against kf  40  and  [7]
Failed to relocalize
RELOCALIZING against kf  40  and  [7, 8]
Failed to relocalize
RELOCALIZING against kf  40  and  [8, 7]
Failed to relocalize
RELOCALIZING against kf  40  and  [7]
Failed to relocalize
RELOCALIZING against kf  40  and  [8, 7]
Failed to relocalize
RELOCALIZING against kf  40  and  [7, 8, 0]
Failed to relocalize
RELOCALIZING against kf  40  and  [7, 8]
Failed to relocalize
RELOCALIZING against kf  40  and  [8, 7]
Failed to relocalize
RELOCALIZING against kf  40  and  [7, 8, 0]
Failed to relocalize
RELOCALIZING against kf  40  and  [0, 7, 8]
Failed to relocalize
RELOCALIZING against kf  40  and  [8, 7, 0]
Failed to relocalize
RELOCALIZING against kf  40  and  [7, 0, 8]
Failed to relocalize
RELOCALIZING against kf  40  and  [7]
Failed to relocalize
RELOCALIZING against kf  40  and  [7, 8]
Failed to relocalize
RELOCALIZING against kf  40  and  [7, 0]
Failed to relocalize
RELOCALIZING against kf  40  and  [0, 7, 8]
Failed to relocalize
RELOCALIZING against kf  40  and  [7, 8, 0]
Failed to relocalize
RELOCALIZING against kf  40  and  [7]
Failed to relocalize
RELOCALIZING against kf  40  and  [7]
Failed to relocalize
RELOCALIZING against kf  40  and  [7, 8]
Failed to relocalize
RELOCALIZING against kf  40  and  [7]
Failed to relocalize
RELOCALIZING against kf  40  and  [7]
Failed to relocalize
RELOCALIZING against kf  40  and  [7]
Failed to relocalize
RELOCALIZING against kf  40  and  [7]
Failed to relocalize
RELOCALIZING against kf  40  and  [7]
Failed to relocalize
RELOCALIZING against kf  40  and  [7]
Failed to relocalize
RELOCALIZING against kf  40  and  [7]
Failed to relocalize
RELOCALIZING against kf  40  and  [7]
Failed to relocalize
RELOCALIZING against kf  40  and  [7]
Failed to relocalize
RELOCALIZING against kf  40  and  [7]
Failed to relocalize
RELOCALIZING against kf  40  and  [7]
Failed to relocalize
RELOCALIZING against kf  40  and  [7, 8]
Failed to relocalize
RELOCALIZING against kf  40  and  [7]
Failed to relocalize
RELOCALIZING against kf  40  and  [7]
Failed to relocalize
RELOCALIZING against kf  40  and  [7, 20]
Failed to relocalize
RELOCALIZING against kf  40  and  [7, 20, 18]
Failed to relocalize
RELOCALIZING against kf  40  and  [7, 19, 20]
Failed to relocalize
RELOCALIZING against kf  40  and  [20, 7, 19]
Failed to relocalize
RELOCALIZING against kf  40  and  [7, 20, 19]
Failed to relocalize
RELOCALIZING against kf  40  and  [19, 20, 7]
Failed to relocalize
RELOCALIZING against kf  40  and  [20, 7, 19]
Failed to relocalize
RELOCALIZING against kf  40  and  [7, 19, 20]
Failed to relocalize
RELOCALIZING against kf  40  and  [7, 20, 19]
Failed to relocalize
RELOCALIZING against kf  40  and  [7, 19, 20]
Failed to relocalize
RELOCALIZING against kf  40  and  [7, 19, 8]
Failed to relocalize
RELOCALIZING against kf  40  and  [7, 8, 19]
Failed to relocalize
RELOCALIZING against kf  40  and  [7, 8, 19]
Failed to relocalize
RELOCALIZING against kf  40  and  [7, 19]
Failed to relocalize
RELOCALIZING against kf  40  and  [7, 8]
Failed to relocalize
RELOCALIZING against kf  40  and  [7, 8]
Failed to relocalize
RELOCALIZING against kf  40  and  [7, 8]
Failed to relocalize
RELOCALIZING against kf  40  and  [7, 8]
Failed to relocalize
RELOCALIZING against kf  40  and  [7, 8]
Failed to relocalize
RELOCALIZING against kf  40  and  [7, 8]
Failed to relocalize
RELOCALIZING against kf  40  and  [7, 8]
Failed to relocalize
RELOCALIZING against kf  40  and  [7, 19, 20]
Failed to relocalize
RELOCALIZING against kf  40  and  [7, 8]
Failed to relocalize
RELOCALIZING against kf  40  and  [7, 20]
Failed to relocalize
RELOCALIZING against kf  40  and  [7, 8]
Failed to relocalize
RELOCALIZING against kf  40  and  [7]
Failed to relocalize
RELOCALIZING against kf  40  and  [7, 19, 20]
Failed to relocalize
RELOCALIZING against kf  40  and  [7]
Failed to relocalize
RELOCALIZING against kf  40  and  [20, 7, 19]
Failed to relocalize
RELOCALIZING against kf  40  and  [20, 7, 19]
Failed to relocalize
RELOCALIZING against kf  40  and  [20, 7, 19]
Failed to relocalize
RELOCALIZING against kf  40  and  [20, 19, 7]
Failed to relocalize
RELOCALIZING against kf  40  and  [20, 7, 19]
Failed to relocalize
RELOCALIZING against kf  40  and  [20, 7, 19]
Failed to relocalize
RELOCALIZING against kf  40  and  [7, 20, 19]
Failed to relocalize
RELOCALIZING against kf  40  and  [20, 7, 19]
Failed to relocalize
RELOCALIZING against kf  40  and  [20, 7, 19]
Failed to relocalize
RELOCALIZING against kf  40  and  [20, 7, 19]
Failed to relocalize
RELOCALIZING against kf  40  and  [7, 9, 19]
Failed to relocalize
RELOCALIZING against kf  40  and  [7]
Failed to relocalize
RELOCALIZING against kf  40  and  [7]
Failed to relocalize
RELOCALIZING against kf  40  and  [7]
Failed to relocalize
RELOCALIZING against kf  40  and  [7]
Failed to relocalize
RELOCALIZING against kf  40  and  [7, 8]
Failed to relocalize
RELOCALIZING against kf  40  and  [8]
Failed to relocalize
RELOCALIZING against kf  40  and  [8]
Failed to relocalize
RELOCALIZING against kf  40  and  [8]
Failed to relocalize
RELOCALIZING against kf  40  and  [8, 7]
Failed to relocalize
RELOCALIZING against kf  40  and  [8]
Failed to relocalize
RELOCALIZING against kf  40  and  [8]
Failed to relocalize
RELOCALIZING against kf  40  and  [8]
Failed to relocalize
RELOCALIZING against kf  40  and  [8]
Failed to relocalize
RELOCALIZING against kf  40  and  [8]
Failed to relocalize
RELOCALIZING against kf  40  and  [8]
Failed to relocalize
RELOCALIZING against kf  40  and  [8]
Failed to relocalize
RELOCALIZING against kf  40  and  [8]
Failed to relocalize
RELOCALIZING against kf  40  and  [8]
Failed to relocalize
RELOCALIZING against kf  40  and  [8]
Failed to relocalize
RELOCALIZING against kf  40  and  [8]
Failed to relocalize
RELOCALIZING against kf  40  and  [8]
Failed to relocalize
RELOCALIZING against kf  40  and  [8]
Failed to relocalize
RELOCALIZING against kf  40  and  [8]
Failed to relocalize
RELOCALIZING against kf  40  and  [7]
Failed to relocalize
RELOCALIZING against kf  40  and  [8, 7]
Failed to relocalize
RELOCALIZING against kf  40  and  [8, 7]
Failed to relocalize
RELOCALIZING against kf  40  and  [7]
Failed to relocalize
RELOCALIZING against kf  40  and  [8, 7]
Failed to relocalize
RELOCALIZING against kf  40  and  [7, 8]
Failed to relocalize
RELOCALIZING against kf  40  and  [8, 7]
Failed to relocalize
RELOCALIZING against kf  40  and  [8, 7]
Failed to relocalize
RELOCALIZING against kf  40  and  [8, 7]
Failed to relocalize
RELOCALIZING against kf  40  and  [8, 7, 9]
Failed to relocalize
RELOCALIZING against kf  40  and  [7, 8, 9]
Failed to relocalize
RELOCALIZING against kf  40  and  [8, 7]
Failed to relocalize
RELOCALIZING against kf  40  and  [7, 8, 9]
Failed to relocalize
RELOCALIZING against kf  40  and  [8, 7]
Failed to relocalize
RELOCALIZING against kf  40  and  [7, 8, 9]
Failed to relocalize
RELOCALIZING against kf  40  and  [7, 9, 8]
Failed to relocalize
RELOCALIZING against kf  40  and  [7, 9, 0]
Failed to relocalize
RELOCALIZING against kf  40  and  [7, 9, 0]
Failed to relocalize
RELOCALIZING against kf  40  and  [7, 9, 0]
Failed to relocalize
RELOCALIZING against kf  40  and  [7, 9, 0]
Failed to relocalize
RELOCALIZING against kf  40  and  [7, 9, 2]
Failed to relocalize
RELOCALIZING against kf  40  and  [7, 9, 0]
Failed to relocalize
RELOCALIZING against kf  40  and  [7, 9, 0]
Failed to relocalize
RELOCALIZING against kf  40  and  [9, 7, 0]
Failed to relocalize
RELOCALIZING against kf  40  and  [7, 9, 0]
Failed to relocalize
RELOCALIZING against kf  40  and  [7, 9]
Failed to relocalize
RELOCALIZING against kf  40  and  [7, 9, 2]
Failed to relocalize
RELOCALIZING against kf  40  and  [7, 9, 0]
Failed to relocalize
RELOCALIZING against kf  40  and  [7, 9, 0]
Failed to relocalize
RELOCALIZING against kf  40  and  [7, 9, 1]
Failed to relocalize
RELOCALIZING against kf  40  and  [7, 2, 9]
Failed to relocalize
RELOCALIZING against kf  40  and  [7, 9, 2]
Failed to relocalize
RELOCALIZING against kf  40  and  [7, 18, 2]
Failed to relocalize
RELOCALIZING against kf  40  and  [7, 2, 1]
Failed to relocalize
RELOCALIZING against kf  40  and  [7, 18, 1]
Failed to relocalize
RELOCALIZING against kf  40  and  [7, 0, 9]
Failed to relocalize
RELOCALIZING against kf  40  and  [7, 17]
Failed to relocalize
RELOCALIZING against kf  40  and  [7, 9]
Failed to relocalize
RELOCALIZING against kf  40  and  [7, 0, 9]
Failed to relocalize
RELOCALIZING against kf  40  and  [7, 18, 17]
Failed to relocalize
RELOCALIZING against kf  40  and  [7, 18, 17]
Failed to relocalize
RELOCALIZING against kf  40  and  [7]
Failed to relocalize
RELOCALIZING against kf  40  and  [7]
Failed to relocalize
RELOCALIZING against kf  40  and  [7, 0]
Failed to relocalize
RELOCALIZING against kf  40  and  [7]
Failed to relocalize
RELOCALIZING against kf  40  and  [1, 2, 3]
Failed to relocalize
RELOCALIZING against kf  40  and  [1, 2]
Failed to relocalize
RELOCALIZING against kf  40  and  [19, 18, 1]
Failed to relocalize
RELOCALIZING against kf  40  and  [18, 19]
Failed to relocalize
RELOCALIZING against kf  40  and  [18, 19]
Failed to relocalize
RELOCALIZING against kf  40  and  [7]
Failed to relocalize
RELOCALIZING against kf  40  and  [7]
Failed to relocalize
RELOCALIZING against kf  40  and  [7]
Failed to relocalize
RELOCALIZING against kf  40  and  [0]
Failed to relocalize
RELOCALIZING against kf  40  and  [7]
Failed to relocalize
RELOCALIZING against kf  40  and  [7]
Failed to relocalize
RELOCALIZING against kf  40  and  [7]
Failed to relocalize
RELOCALIZING against kf  40  and  [0]
Failed to relocalize
RELOCALIZING against kf  40  and  [0, 7]
Failed to relocalize
RELOCALIZING against kf  40  and  [0, 7]
Failed to relocalize
RELOCALIZING against kf  40  and  [7, 0]
Failed to relocalize
RELOCALIZING against kf  40  and  [7]
Failed to relocalize
RELOCALIZING against kf  40  and  [7, 9, 0]
Failed to relocalize
RELOCALIZING against kf  40  and  [7, 0, 9]
Failed to relocalize
RELOCALIZING against kf  40  and  [7, 0, 9]
Failed to relocalize
RELOCALIZING against kf  40  and  [0, 7, 9]
Failed to relocalize
RELOCALIZING against kf  40  and  [0, 7]
Failed to relocalize
RELOCALIZING against kf  40  and  [0, 7]
Failed to relocalize
RELOCALIZING against kf  40  and  [0, 7]
Failed to relocalize
RELOCALIZING against kf  40  and  [0, 7]
Failed to relocalize
RELOCALIZING against kf  40  and  [0, 7]
Failed to relocalize
RELOCALIZING against kf  40  and  [0, 7]
Failed to relocalize
RELOCALIZING against kf  40  and  [0, 7]
Failed to relocalize
RELOCALIZING against kf  40  and  [0, 7]
Failed to relocalize
RELOCALIZING against kf  40  and  [0, 7]
Failed to relocalize
RELOCALIZING against kf  40  and  [0, 7]
Failed to relocalize
RELOCALIZING against kf  40  and  [0, 7]
Failed to relocalize
RELOCALIZING against kf  40  and  [0, 7]
Failed to relocalize
RELOCALIZING against kf  40  and  [0, 7]
Failed to relocalize
RELOCALIZING against kf  40  and  [0, 7]
Failed to relocalize
RELOCALIZING against kf  40  and  [0, 7]
Failed to relocalize
RELOCALIZING against kf  40  and  [0, 7]
Failed to relocalize
RELOCALIZING against kf  40  and  [0]
Failed to relocalize
RELOCALIZING against kf  40  and  [0, 7]
Failed to relocalize
RELOCALIZING against kf  40  and  [0, 7]
Failed to relocalize
RELOCALIZING against kf  40  and  [0, 7]
Failed to relocalize
RELOCALIZING against kf  40  and  [0, 7]
Failed to relocalize
RELOCALIZING against kf  40  and  [0, 7, 9]
Failed to relocalize
RELOCALIZING against kf  40  and  [0, 7, 1]
Failed to relocalize
RELOCALIZING against kf  40  and  [0, 7, 1]
Failed to relocalize
RELOCALIZING against kf  40  and  [0, 7]
Failed to relocalize
RELOCALIZING against kf  40  and  [0, 7]
Failed to relocalize
RELOCALIZING against kf  40  and  [0, 7]
Failed to relocalize
RELOCALIZING against kf  40  and  [0, 7, 9]
Failed to relocalize
RELOCALIZING against kf  40  and  [0, 7, 9]
Failed to relocalize
RELOCALIZING against kf  40  and  [0, 7, 1]
Failed to relocalize
RELOCALIZING against kf  40  and  [0, 7]
Failed to relocalize
RELOCALIZING against kf  40  and  [0, 7, 1]
Failed to relocalize
RELOCALIZING against kf  40  and  [0, 7, 9]
Failed to relocalize
RELOCALIZING against kf  40  and  [0, 7, 9]
Failed to relocalize
RELOCALIZING against kf  40  and  [0, 7, 1]
Failed to relocalize
RELOCALIZING against kf  40  and  [0, 7, 9]
Failed to relocalize
RELOCALIZING against kf  40  and  [0, 7]
Failed to relocalize
RELOCALIZING against kf  40  and  [0, 7]
Failed to relocalize
RELOCALIZING against kf  40  and  [0, 7, 9]
Failed to relocalize
RELOCALIZING against kf  40  and  [0, 7, 9]
Failed to relocalize
RELOCALIZING against kf  40  and  [0, 7]
Failed to relocalize
RELOCALIZING against kf  40  and  [0, 7, 9]
Failed to relocalize
RELOCALIZING against kf  40  and  [0, 7, 9]
Failed to relocalize
RELOCALIZING against kf  40  and  [0, 7]
Failed to relocalize
RELOCALIZING against kf  40  and  [0, 7, 9]
Failed to relocalize
RELOCALIZING against kf  40  and  [0, 7, 9]
Failed to relocalize
RELOCALIZING against kf  40  and  [0, 7, 1]
Failed to relocalize
RELOCALIZING against kf  40  and  [0, 7, 9]
Failed to relocalize
RELOCALIZING against kf  40  and  [0, 7, 1]
Failed to relocalize
RELOCALIZING against kf  40  and  [0, 7]
Failed to relocalize
RELOCALIZING against kf  40  and  [0, 7, 9]
Failed to relocalize
RELOCALIZING against kf  40  and  [0, 7]
Failed to relocalize
RELOCALIZING against kf  40  and  [0, 7, 9]
Failed to relocalize
RELOCALIZING against kf  40  and  [0, 7, 1]
Failed to relocalize
RELOCALIZING against kf  40  and  [0, 7]
Failed to relocalize
RELOCALIZING against kf  40  and  [0, 7]
Failed to relocalize
RELOCALIZING against kf  40  and  [0, 7, 9]
Failed to relocalize
RELOCALIZING against kf  40  and  [0, 7]
Failed to relocalize
RELOCALIZING against kf  40  and  [0, 7, 1]
Failed to relocalize
RELOCALIZING against kf  40  and  [0, 7, 1]
Failed to relocalize
RELOCALIZING against kf  40  and  [0, 7]
Failed to relocalize
RELOCALIZING against kf  40  and  [0, 7, 1]
Failed to relocalize
RELOCALIZING against kf  40  and  [0, 7, 9]
Failed to relocalize
RELOCALIZING against kf  40  and  [0, 7, 1]
Failed to relocalize
RELOCALIZING against kf  40  and  [0, 7]
Failed to relocalize
RELOCALIZING against kf  40  and  [0, 7, 1]
Failed to relocalize
RELOCALIZING against kf  40  and  [0, 7, 1]
Failed to relocalize
RELOCALIZING against kf  40  and  [0, 7]
Failed to relocalize
RELOCALIZING against kf  40  and  [0, 7]
Failed to relocalize
RELOCALIZING against kf  40  and  [0, 1, 7]
Failed to relocalize
RELOCALIZING against kf  40  and  [0, 7, 9]
Failed to relocalize
RELOCALIZING against kf  40  and  [0, 7, 1]
Failed to relocalize
RELOCALIZING against kf  40  and  [0, 7]
Failed to relocalize
RELOCALIZING against kf  40  and  [0, 7, 3]
Failed to relocalize
RELOCALIZING against kf  40  and  [0, 7, 1]
Failed to relocalize
RELOCALIZING against kf  40  and  [0, 7, 1]
Failed to relocalize
RELOCALIZING against kf  40  and  [0, 7, 1]
Failed to relocalize
RELOCALIZING against kf  40  and  [0, 7, 9]
Failed to relocalize
RELOCALIZING against kf  40  and  [0, 7]
Failed to relocalize
RELOCALIZING against kf  40  and  [0, 7]
Failed to relocalize
RELOCALIZING against kf  40  and  [0, 7]
Failed to relocalize
RELOCALIZING against kf  40  and  [0, 7, 9]
Failed to relocalize
RELOCALIZING against kf  40  and  [0, 7, 3]
Failed to relocalize
RELOCALIZING against kf  40  and  [0, 7, 9]
Failed to relocalize
RELOCALIZING against kf  40  and  [0, 7, 9]
Failed to relocalize
RELOCALIZING against kf  40  and  [0, 7, 1]
Failed to relocalize
RELOCALIZING against kf  40  and  [0, 7, 1]
Failed to relocalize
RELOCALIZING against kf  40  and  [0, 7, 9]
Failed to relocalize
RELOCALIZING against kf  40  and  [0, 7, 1]
Failed to relocalize
RELOCALIZING against kf  40  and  [0, 7, 9]
Failed to relocalize
RELOCALIZING against kf  40  and  [0, 7]
Failed to relocalize
RELOCALIZING against kf  40  and  [0, 7]
Failed to relocalize
RELOCALIZING against kf  40  and  [0, 7, 9]
Failed to relocalize
RELOCALIZING against kf  40  and  [0, 7, 9]
Failed to relocalize
RELOCALIZING against kf  40  and  [0, 7, 1]
Failed to relocalize
RELOCALIZING against kf  40  and  [0, 7, 9]
Failed to relocalize
RELOCALIZING against kf  40  and  [0, 7, 9]
Failed to relocalize
RELOCALIZING against kf  40  and  [0, 7, 1]
Failed to relocalize
RELOCALIZING against kf  40  and  [0, 7]
Failed to relocalize
RELOCALIZING against kf  40  and  [0, 7]
Failed to relocalize
RELOCALIZING against kf  40  and  [0, 7]
Failed to relocalize
RELOCALIZING against kf  40  and  [0, 7]
Failed to relocalize
RELOCALIZING against kf  40  and  [0, 7, 9]
Failed to relocalize
RELOCALIZING against kf  40  and  [0, 7]
Failed to relocalize
RELOCALIZING against kf  40  and  [0, 7]
Failed to relocalize
RELOCALIZING against kf  40  and  [0, 7, 9]
Failed to relocalize
RELOCALIZING against kf  40  and  [0, 7, 1]
Failed to relocalize
RELOCALIZING against kf  40  and  [0, 7]
Failed to relocalize
RELOCALIZING against kf  40  and  [0, 7]
Failed to relocalize
RELOCALIZING against kf  40  and  [7, 0]
Failed to relocalize
RELOCALIZING against kf  40  and  [7, 0]
Failed to relocalize
RELOCALIZING against kf  40  and  [7, 0, 9]
Failed to relocalize
RELOCALIZING against kf  40  and  [7, 0]
Failed to relocalize
RELOCALIZING against kf  40  and  [7, 0]
Failed to relocalize
RELOCALIZING against kf  40  and  [7, 0]
Failed to relocalize
RELOCALIZING against kf  40  and  [7, 0]
Failed to relocalize
RELOCALIZING against kf  40  and  [0, 7]
Failed to relocalize
RELOCALIZING against kf  40  and  [0]
Failed to relocalize
RELOCALIZING against kf  40  and  [0]
Failed to relocalize
RELOCALIZING against kf  40  and  [0]
Failed to relocalize
RELOCALIZING against kf  40  and  [0, 7]
Failed to relocalize
RELOCALIZING against kf  40  and  [0, 7, 9]
Failed to relocalize
RELOCALIZING against kf  40  and  [7, 9, 0]
Failed to relocalize
RELOCALIZING against kf  40  and  [7, 0]
Failed to relocalize
RELOCALIZING against kf  40  and  [7, 9, 0]
Failed to relocalize
RELOCALIZING against kf  40  and  [7, 9, 0]
Failed to relocalize
RELOCALIZING against kf  40  and  [7, 0, 9]
Failed to relocalize
FPS: 19.450753140345515
FPS: 21.012511908648456
FPS: 21.655962717223034
FPS: 21.95332099515381
FPS: 22.16533223375512
FPS: 22.28308834347966
FPS: 22.394664113157244
FPS: 22.499078531304846
FPS: 21.404763916827584
FPS: 20.757281331737627
FPS: 20.562893556134508
FPS: 20.73132741642352
FPS: 20.46879305902864
FPS: 20.082306088031253
FPS: 19.884035581974377
FPS: 20.021364041140824
FPS: 19.3499816712525
FPS: 19.312557702994397
FPS: 19.277165540749774
Skipped frame 588
Recovered frame 588 using latched reference keyframe 23
Skipped frame 589
Recovered frame 589 using latched reference keyframe 23
Skipped frame 590
Recovered frame 590 using latched reference keyframe 23
Skipped frame 591
Recovered frame 591 using latched reference keyframe 23
Skipped frame 593
Recovered frame 593 using latched reference keyframe 24
Skipped frame 594
Recovered frame 594 using latched reference keyframe 24
Skipped frame 595
Recovered frame 595 using latched reference keyframe 24
FPS: 18.212675720150777
Skipped frame 607
Recovered frame 607 using latched reference keyframe 34
Skipped frame 609
Recovered frame 609 using latched reference keyframe 35
Skipped frame 610
Recovered frame 610 using latched reference keyframe 35
Skipped frame 614
Skipped frame 614
FPS: 16.350303856672365
FPS: 15.373939883912518
FPS: 14.557906821048457
FPS: 13.878062141848416
FPS: 13.315010137171278
FPS: 13.132953057985135
FPS: 12.68465377570718
FPS: 12.287497477694533
FPS: 11.95438556915615
FPS: 11.783996328889083
FPS: 11.667530232400667
FPS: 11.46587003538374
FPS: 11.469031145506964
FPS: 11.399568827669002
FPS: 11.224044224172546
FPS: 11.17612756062723
FPS: 11.045745644505583
FPS: 10.899162683090665
FPS: 10.75497794138788
done
[W1003 14:55:45.375089220 CudaIPCTypes.cpp:16] Producer process has been terminated before all shared CUDA tensors released. See Note [Sharing CUDA tensors]
