[prod] ✅ 20260914_validation_v11_holdout_batch3/group2/prod  用时 239s  -> /home/robot/ego_vio_humble/reports/lighthouse_umi_workflow/20260914_validation_v11_holdout_batch3/group2/frontend_matching_sweep_20260922/prod/trajectory_frames.csv
[prod]    dataset_full sha256: f9ebad48faabca19
[match_wide] ✅ 20260914_validation_v11_holdout_batch3/group2/match_wide  用时 235s  -> /home/robot/ego_vio_humble/reports/lighthouse_umi_workflow/20260914_validation_v11_holdout_batch3/group2/frontend_matching_sweep_20260922/match_wide/trajectory_frames.csv
[match_wide]    dataset_full sha256: c9a2f4091981d100
[match_iter] ✅ 20260914_validation_v11_holdout_batch3/group2/match_iter  用时 226s  -> /home/robot/ego_vio_humble/reports/lighthouse_umi_workflow/20260914_validation_v11_holdout_batch3/group2/frontend_matching_sweep_20260922/match_iter/trajectory_frames.csv
[match_iter]    dataset_full sha256: 210de63033e08f78
[match_radius] ✅ 20260914_validation_v11_holdout_batch3/group2/match_radius  用时 280s  -> /home/robot/ego_vio_humble/reports/lighthouse_umi_workflow/20260914_validation_v11_holdout_batch3/group2/frontend_matching_sweep_20260922/match_radius/trajectory_frames.csv
[match_radius]    dataset_full sha256: 2adb8e7a617d6abb
[match_tight3d] ❌ 前端 rc=1
[match_tight3d] Database retrieval 505 :  {501, 503}
[match_tight3d] Database retrieval 506 :  {504, 503}
[match_tight3d] Database retrieval 507 :  {504, 505}
[match_tight3d] Database retrieval 508 :  {505, 506}
[match_tight3d] Database retrieval 509 :  {506, 507}
[match_tight3d] Database retrieval 510 :  {507, 508}
[match_tight3d] Database retrieval 511 :  {507, 509}
[match_tight3d] [W922 03:34:48.773698348 CudaIPCTypes.cpp:16] Producer process has been terminated before all shared CUDA tensors released. See Note [Sharing CUDA tensors]
[CHECK] 20260914_validation_v11_holdout_batch3/group2 控制臂 ✅ 逐字节复现
[prod] ✅ 20260915_batch5_four_videos/group4/prod  用时 217s  -> /home/robot/ego_vio_humble/reports/lighthouse_umi_workflow/20260915_batch5_four_videos/group4/frontend_matching_sweep_20260922/prod/trajectory_frames.csv
[prod]    dataset_full sha256: 1af35caf3684f3ad
[match_wide] ✅ 20260915_batch5_four_videos/group4/match_wide  用时 204s  -> /home/robot/ego_vio_humble/reports/lighthouse_umi_workflow/20260915_batch5_four_videos/group4/frontend_matching_sweep_20260922/match_wide/trajectory_frames.csv
[match_wide]    dataset_full sha256: 48f39b1a5e9377e8
[match_iter] ✅ 20260915_batch5_four_videos/group4/match_iter  用时 206s  -> /home/robot/ego_vio_humble/reports/lighthouse_umi_workflow/20260915_batch5_four_videos/group4/frontend_matching_sweep_20260922/match_iter/trajectory_frames.csv
[match_iter]    dataset_full sha256: 18ccaee5c1ed8007
[match_radius] ✅ 20260915_batch5_four_videos/group4/match_radius  用时 214s  -> /home/robot/ego_vio_humble/reports/lighthouse_umi_workflow/20260915_batch5_four_videos/group4/frontend_matching_sweep_20260922/match_radius/trajectory_frames.csv
[match_radius]    dataset_full sha256: 9fb3522ad3c237c5
[match_tight3d] ❌ 前端 rc=1
[match_tight3d] Database retrieval 505 :  {502, 503}
[match_tight3d] Database retrieval 506 :  {504, 503}
[match_tight3d] Database retrieval 507 :  {504, 505}
[match_tight3d] Database retrieval 508 :  {505, 506}
[match_tight3d] Database retrieval 509 :  {506, 507}
[match_tight3d] Database retrieval 510 :  {507, 508}
[match_tight3d] Database retrieval 511 :  {507, 509}
[match_tight3d] [W922 04:02:36.103359019 CudaIPCTypes.cpp:16] Producer process has been terminated before all shared CUDA tensors released. See Note [Sharing CUDA tensors]
[CHECK] 20260915_batch5_four_videos/group4 控制臂 ✅ 逐字节复现
[prod] ✅ 20260915_collective_batch4/group1/prod  用时 237s  -> /home/robot/ego_vio_humble/reports/lighthouse_umi_workflow/20260915_collective_batch4/group1/frontend_matching_sweep_20260922/prod/trajectory_frames.csv
[prod]    dataset_full sha256: c3c5ff5c8152f487
[match_wide] ✅ 20260915_collective_batch4/group1/match_wide  用时 231s  -> /home/robot/ego_vio_humble/reports/lighthouse_umi_workflow/20260915_collective_batch4/group1/frontend_matching_sweep_20260922/match_wide/trajectory_frames.csv
[match_wide]    dataset_full sha256: ad8d04eb20ce1e9e
[match_iter] ✅ 20260915_collective_batch4/group1/match_iter  用时 230s  -> /home/robot/ego_vio_humble/reports/lighthouse_umi_workflow/20260915_collective_batch4/group1/frontend_matching_sweep_20260922/match_iter/trajectory_frames.csv
[match_iter]    dataset_full sha256: a14ae76b40059cfa
[match_radius] ✅ 20260915_collective_batch4/group1/match_radius  用时 231s  -> /home/robot/ego_vio_humble/reports/lighthouse_umi_workflow/20260915_collective_batch4/group1/frontend_matching_sweep_20260922/match_radius/trajectory_frames.csv
[match_radius]    dataset_full sha256: 66fdb695a4bead18
[match_tight3d] ❌ 前端 rc=143
[match_tight3d] Database retrieval 202 :  {196, 197, 198}
[match_tight3d] Database retrieval 203 :  {195, 196}
[match_tight3d] Database retrieval 204 :  {194, 195}
[match_tight3d] Database retrieval 205 :  {193, 203}
[match_tight3d] Database retrieval 206 :  {192, 193}
[match_tight3d] Database retrieval 207 :  {192, 191}
[match_tight3d] Database retrieval 208 :  {191, 190}
[match_tight3d] Database retrieval 209 :  已终止
[CHECK] 20260915_collective_batch4/group1 控制臂 ✅ 逐字节复现
[DONE] C1 全部完成
