===== [20260915_batch5_four_videos/group4] arm=match_wide -> /home/robot/ego_vio_humble/reports/mast3r_frontend_matching_sweep_20260922/c2_match_wide_20260915_batch5_four_videos_group4.log
----- [20260915_batch5_four_videos/group4] rc=0
cell=20260915_batch5_four_videos/group4 arm=match_wide  session=/home/robot/umi_ego_vio_data_device2_c48df736/recordings/d405_720p_rgb_stereo_ir_20260915_124730  vins=docker2_slam
[fusion] rc=0 用时 1237s
  对照       max= 12.222 p95= 6.762 rmse= 4.512 w10= 98.2 rot=1.799  FAIL  est=trajectory_fused.csv
  本臂       max= 12.391 p95= 7.015 rmse= 4.432 w10= 98.3 rot=1.709  FAIL  est=trajectory_fused.csv
    Δate_translation_max_m          +0.168 mm  (变差)
    Δate_translation_p95_m          +0.253 mm  (变差)
    Δate_translation_rmse_m         -0.080 mm  (改善)
    Δate_rotation_rmse_deg         -89.274 mm  (改善)
✅ 20260915_batch5_four_videos/group4/match_wide 完成
===== [20260915_collective_batch4/group1] arm=match_wide -> /home/robot/ego_vio_humble/reports/mast3r_frontend_matching_sweep_20260922/c2_match_wide_20260915_collective_batch4_group1.log
----- [20260915_collective_batch4/group1] rc=0
cell=20260915_collective_batch4/group1 arm=match_wide  session=/home/robot/umi_ego_vio_data_device2_c48df736/recordings/d405_720p_rgb_stereo_ir_20260915_001045  vins=docker2_slam
[fusion] rc=0 用时 1259s
  对照       max= 18.427 p95=11.050 rmse= 5.700 w10= 91.7 rot=1.917  FAIL  est=trajectory_fused.csv
  本臂       max= 18.788 p95=11.185 rmse= 5.748 w10= 91.7 rot=1.926  FAIL  est=trajectory_fused.csv
    Δate_translation_max_m          +0.361 mm  (变差)
    Δate_translation_p95_m          +0.136 mm  (变差)
    Δate_translation_rmse_m         +0.048 mm  (变差)
    Δate_rotation_rmse_deg          +8.796 mm  (变差)
✅ 20260915_collective_batch4/group1/match_wide 完成
[DONE] C2 arm=match_wide 完成
