{
  "schema": "umi_mast3r_stereo_imu_fusion_v2",
  "result": "PASS",
  "failures": [],
  "slam_supervision": false,
  "external_ground_truth_used": false,
  "algorithm": "MASt3R learned visual trajectory + D405 stereo scale check + 400Hz IMU metric scale/attitude",
  "inputs": {
    "trajectory": "/home/robot/ego_vio_humble/reports/joint_scale_independent_four_20260927/take4/fusion/baseline/mast3r/trajectory_imu_metric.csv",
    "stereo_report": "/home/robot/ego_vio_humble/reports/stereo_spatial_repeatability_20260927/sift_lm_gyro_candidate_ten_v1_measurements/fresh4/stereo/stereo_scale_bidirectional_report.json",
    "additional_stereo_reports": [
      "/home/robot/ego_vio_humble/reports/stereo_spatial_repeatability_20260927/sift_lm_gyro_candidate_ten_v1_measurements/fresh4/stereo/stereo_scale_long_hops_report.json",
      "/home/robot/ego_vio_humble/reports/stereo_spatial_repeatability_20260927/sift_lm_gyro_candidate_ten_v1_measurements/fresh4/stereo/stereo_scale_dense10hz_report.json",
      "/home/robot/ego_vio_humble/reports/stereo_spatial_repeatability_20260927/sift_lm_gyro_candidate_ten_v1_measurements/fresh4/stereo/stereo_scale_multisecond_report.json"
    ],
    "imu_scale_report": "/home/robot/ego_vio_humble/reports/joint_scale_independent_four_20260927/take4/fusion/baseline/mast3r/imu_scale_report.json",
    "session": "/home/robot/umi_ego_vio_data_device2_c48df736/recordings/d405_720p_rgb_stereo_ir_20260927_182007",
    "imu_calibration": "/home/robot/ego_vio_humble/config/imu_runtime_accel_calibrated_raw_gyro_20260816.yaml",
    "vins_spatiotemporal_calibration": "/home/robot/umi_docker2_product_1.0.0-20260829/docker2_release/formal_runtime_calibration/vins_config.yaml",
    "keyframe_dir": "/home/robot/ego_vio_humble/reports/joint_scale_independent_four_20260927/take4/fusion/baseline/mast3r/mast3r_logs/keyframes/dataset",
    "relative_motion_trajectory": "/home/robot/ego_vio_humble/reports/joint_scale_independent_four_20260927/take4/vins_input_retry1/vio_corrected_stream.csv",
    "relative_motion_report": "/home/robot/ego_vio_humble/reports/joint_scale_independent_four_20260927/take4/vins_input_retry1/run_acceptance.json",
    "external_ground_truth_used": false
  },
  "time_alignment": {
    "estimate_td": 0,
    "td_s": -0.009109323,
    "policy": "Docker2 formal fixed td applied exactly once; replay shift is zero"
  },
  "camera_extrinsics": {
    "vins_body_T_left_ir": [
      [
        0.999978007689,
        -0.006162851996,
        0.002450182166,
        -0.013558924583
      ],
      [
        0.002275800784,
        -0.028145157096,
        -0.999601255932,
        -0.023797818217
      ],
      [
        0.006229355357,
        0.999584848518,
        -0.028130512695,
        -0.00960802493
      ],
      [
        0.0,
        0.0,
        0.0,
        1.0
      ]
    ],
    "effective_body_T_trajectory_camera": [
      [
        0.999978007689,
        -0.006162851996,
        0.002450182166,
        -0.013558924583
      ],
      [
        0.002275800784,
        -0.028145157096,
        -0.999601255932,
        -0.023797818217
      ],
      [
        0.006229355357,
        0.999584848518,
        -0.028130512695,
        -0.00960802493
      ],
      [
        0.0,
        0.0,
        0.0,
        1.0
      ]
    ],
    "trajectory_observation_frame": "infrared_left_camera_i",
    "policy": "trajectory camera is the calibrated left IR camera"
  },
  "imu": {
    "calibration_id": "imu_runtime_accel_calibrated_raw_gyro_20260816",
    "runtime_axis_rotation": [
      [
        0.99980212,
        -0.01423891,
        -0.01389161
      ],
      [
        -0.01423891,
        -0.02458715,
        -0.99959628
      ],
      [
        0.01389161,
        0.99959628,
        -0.02478503
      ]
    ],
    "samples": 16001,
    "median_rate_hz": 400.1815129082116
  },
  "stereo_scale_m_per_mast3r_unit": 0.47142067171402613,
  "minimum_stereo_sample_hop": 1,
  "learned_stereo_policy": {
    "minimum_confidence": 0.0,
    "translation_only": false
  },
  "metric_scale_consistency": {
    "imu_scale_m_per_mast3r_unit": 0.4893269927473365,
    "stereo_scale_m_per_mast3r_unit": 0.47142067171402613,
    "joint_scale_m_per_mast3r_unit": 0.48029039091861264,
    "relative_difference": 0.037275804450379646,
    "maximum_relative_difference": 0.15,
    "consistent": true,
    "selected_scale_m_per_mast3r_unit": 0.48029039091861264,
    "selection_policy": "equal_weight_log_mean"
  },
  "orientation_node_stride": 10,
  "position_node_stride": 5,
  "keyframe_only_correction_nodes": false,
  "position_fusion_selection": {
    "requested_mode": "keyframe-graph",
    "selected_mode": "keyframe-graph",
    "policy": "explicit_cli_selection",
    "projected_max_scale_disagreement_ratio": null,
    "visual_position_sigma": {
      "enabled": true,
      "requested_sigma_m": 0.02,
      "selected_sigma_m": 0.02,
      "weak_visual_sigma_m": 0.04,
      "position_disagreement_p95_m": 0.02479925279733398,
      "trigger_disagreement_m": 0.05,
      "relaxed": false,
      "reason": "independent_onboard_trajectories_consistent",
      "external_ground_truth_used": false
    }
  },
  "keyframe_graph": {
    "source": "/home/robot/ego_vio_humble/reports/joint_scale_independent_four_20260927/take4/fusion/baseline/mast3r/mast3r_logs/keyframes/dataset",
    "saved_keyframes": 112,
    "matched_keyframes": 112,
    "skipped_missing_pose_keyframes": 0,
    "max_skipped_timestamp_match_error_s": 0.0,
    "max_missing_pose_gap_s": 0.0,
    "correction_nodes": 321,
    "max_timestamp_match_error_s": 0.007797718048095703,
    "keyframe_nodes": 113,
    "regular_nodes": 241,
    "maximum_gap_frames": 5
  },
  "relative_motion_alignment": {
    "alignment": "robust_SE3_relative_motion_to_visual_body_no_scale",
    "rotation": [
      [
        0.9997043398634824,
        -0.022804257317735888,
        0.008437932584785784
      ],
      [
        -0.0013166573498374912,
        -0.3972820383383128,
        -0.9176956186160955
      ],
      [
        0.0242796060829249,
        0.9174131827382586,
        -0.3971946032696265
      ]
    ],
    "translation_m": [
      0.007710157795444244,
      0.008863893126380494,
      -0.01909093256397132
    ],
    "position_disagreement_median_m": 0.009839017148402124,
    "position_disagreement_p95_m": 0.02479925279733398,
    "inlier_position_disagreement_median_m": 0.008755566392376462,
    "inlier_position_disagreement_p95_m": 0.017780834336304202,
    "alignment_inliers": 1019,
    "alignment_outliers": 123,
    "overlap_samples": 1142,
    "overlap_ratio": 0.9524603836530442,
    "source_validation": {
      "source_result": "PASS",
      "source_failures": [],
      "policy": "accepted_passed_relative_odometry"
    }
  },
  "rotation_fusion": {
    "windows": 120,
    "before_median_deg": 0.22175939214748702,
    "before_p95_deg": 1.0593611465056305,
    "after_median_deg": 0.06992216187412217,
    "after_p95_deg": 0.28691473813707724,
    "orientation_correction_requested_max_deg": 4.270347200938995,
    "orientation_correction_scale": 0.9366919858695449,
    "orientation_correction_median_deg": 0.312998713546793,
    "orientation_correction_max_deg": 4.0,
    "orientation_correction_limit_deg": 4.0,
    "orientation_correction_limit_policy": "stereo_strongly_supports_imu",
    "stereo_rotation_edges": 1650,
    "visual_downweighted_nodes": 86,
    "stereo_visual_before_median_deg": 0.35525343135964227,
    "stereo_visual_before_p95_deg": 1.4223206407296738,
    "stereo_imu_before_median_deg": 0.1890569255626195,
    "stereo_imu_before_p95_deg": 0.6821546833083524,
    "stereo_rotation_after_median_deg": 0.1990926559135856,
    "stereo_rotation_after_p95_deg": 0.8067464689501899,
    "optimizer_success": true,
    "optimizer_status": 2,
    "optimizer_message": "`ftol` termination condition is satisfied.",
    "optimizer_nfev": 13,
    "optimizer_cost": 268.2209589510201,
    "optimizer_optimality": 0.5173599000345463
  },
  "trajectory_frame_alignment": {
    "method": "robust_stereo_translation_direction_wahba",
    "accepted": true,
    "rejection_reason": null,
    "edges": 1681,
    "inliers": 1509,
    "before_median_deg": 1.2064483188947224,
    "before_p95_deg": 3.172972731148687,
    "after_median_deg": 1.1820820644222172,
    "after_p95_deg": 3.182001750819847,
    "correction_rotvec_deg": [
      0.03948395481841385,
      -0.32143144601818097,
      -0.11293231969345431
    ],
    "correction_requested_deg": 0.34297356459177125,
    "correction_applied_deg": 0.34297356459177125,
    "correction_limit_deg": 2.0,
    "correction_limit_scale": 1.0,
    "correction_applied_scale": 1.0,
    "correction_limited": false,
    "requested_after_median_deg": 1.1820820644222172,
    "median_improvement_ratio": 0.02019668318227516,
    "minimum_median_improvement_ratio": 0.005,
    "external_ground_truth_used": false
  },
  "stereo_translation_fusion": {
    "mode": "keyframe_graph_visual_stereo_imu_preintegration",
    "node_policy": "mast3r_keyframes",
    "anchor_policy": "first_node_only",
    "joint_metric_scale": {
      "enabled": true,
      "sufficient_translation": true,
      "estimated_ratio": 0.9966083773503355,
      "scale_domain": "camera_translation_about_first_camera_position",
      "rigid_camera_lever_scaled": false,
      "external_ground_truth_used": false,
      "ratio_is_pre_correction_cap": true
    },
    "stationary_motion_guard": {
      "external_ground_truth_used": false,
      "policy": "visual_vins_imu_consensus_preserve_relative_motion",
      "protected_frames": 308,
      "relative_correction_sigma_m": 0.0005,
      "minimum_duration_s": 1.0,
      "maximum_motion_range_m": 0.001,
      "segments": [
        {
          "first_index": 57,
          "last_index": 209,
          "start_s": 628808.177536011,
          "end_s": 628813.240197182
        },
        {
          "first_index": 210,
          "last_index": 304,
          "start_s": 628813.273534536,
          "end_s": 628816.406924963
        },
        {
          "first_index": 305,
          "last_index": 364,
          "start_s": 628816.440258503,
          "end_s": 628818.407070875
        }
      ]
    },
    "visual_position_sigma_m": 0.02,
    "nodes": 321,
    "node_stride": 10,
    "stereo_edges": 1705,
    "stereo_edge_rmse_before_m": 0.006307996879088989,
    "stereo_edge_rmse_after_m": 0.0022160132647467325,
    "position_correction_requested_max_m": 0.023955177218933643,
    "position_correction_median_m": 0.005472755819424376,
    "position_correction_p95_m": 0.017866781892754306,
    "position_correction_max_m": 0.023955177218933643,
    "position_correction_limit_m": 0.025,
    "correction_scale": 1.0,
    "correction_cap_mode": "per-node",
    "correction_interpolation_mode": "linear",
    "correction_clipped_frames": 0,
    "gravity_prior_mps2": [
      -0.01742583442033218,
      9.166890635785773,
      3.4839914802332457
    ],
    "gravity_solution_mps2": [
      0.011987835648097397,
      9.179568372394913,
      3.462573545715526
    ],
    "accel_bias_solution_mps2": [
      0.03773919343543149,
      0.006224533923683686,
      0.04405725769112068
    ],
    "static_gravity_samples": 2542,
    "robust_edge_inliers": 1704,
    "stereo_prior_weight_median": 0.5797683400152696,
    "stereo_prior_weight_p10": 0.24608935716918856,
    "local_stereo_scale_state": {
      "observations": 1650,
      "global_scale_m_per_mast3r_unit": 0.47142067171402613,
      "radius_frames": 45.0,
      "downweighted_queries": 61,
      "visual_prior_weight_min": 0.1651575502137278,
      "visual_prior_weight_median": 1.0,
      "local_scale_log_deviation_p95": 0.24841084968815758,
      "local_scale_relative_span_p95": 0.36673219038832866,
      "edge_reference_scale_log_deviation_p95": 0.13568866996311785
    },
    "robust_imu_position_inliers": 320,
    "robust_imu_velocity_inliers": 320,
    "relative_motion_edges": 308,
    "relative_motion_sigma_m": 0.008,
    "relative_motion_initial_disagreement_p95_m": 0.004871485113208834,
    "initial_robust_relative_motion_inliers": 308,
    "relative_motion_rmse_before_m": 0.002359872434011289,
    "relative_motion_rmse_after_m": 0.0012577336033799851,
    "robust_relative_motion_inliers": 308,
    "linear_system_rows": 10110,
    "linear_system_unknowns": 1933
  },
  "full_rate_imu_position_refinement": {
    "mode": "full_rate_imu_acceleration_robust_position_refinement",
    "stationary_motion_guard": {
      "external_ground_truth_used": false,
      "policy": "visual_vins_imu_consensus_preserve_relative_motion",
      "protected_frames": 308,
      "relative_correction_sigma_m": 0.0005,
      "minimum_duration_s": 1.0,
      "maximum_motion_range_m": 0.001,
      "segments": [
        {
          "first_index": 57,
          "last_index": 209,
          "start_s": 628808.177536011,
          "end_s": 628813.240197182
        },
        {
          "first_index": 210,
          "last_index": 304,
          "start_s": 628813.273534536,
          "end_s": 628816.406924963
        },
        {
          "first_index": 305,
          "last_index": 364,
          "start_s": 628816.440258503,
          "end_s": 628818.407070875
        }
      ]
    },
    "frames": 1199,
    "imu_rate_hz": 400.1815129082116,
    "visual_downweighted_frames": 149,
    "acceleration_residual_before_p95_mps2": 3.3323615953373293,
    "acceleration_residual_after_p95_mps2": 0.17358000808578128,
    "acceleration_residual_before_max_mps2": 12.000831028977071,
    "acceleration_residual_after_max_mps2": 0.417725383415385,
    "correction_requested_max_m": 0.006984428903527044,
    "correction_median_m": 0.0002344629207012372,
    "correction_p95_m": 0.001790097371551638,
    "correction_max_m": 0.006984428903527044,
    "correction_limit_m": 0.02,
    "correction_scale": 1.0,
    "robust_dynamic_inliers": 1197,
    "visual_sigma_base_m": 0.0015,
    "visual_activation_gain": 5.0,
    "dynamic_sigma_mps2": 0.75
  },
  "accelerometer_consistency_before": {
    "windows": 120,
    "gravity_mps2": [
      -0.001853167088332941,
      9.138572587260724,
      3.479344455342172
    ],
    "gravity_norm_mps2": 9.778514723912918,
    "equation_rmse": 0.007065540540549936,
    "rank": 366,
    "unknowns": 366,
    "condition_number": 12.169274983547437
  },
  "accelerometer_consistency_after_position": {
    "windows": 120,
    "gravity_mps2": [
      -0.001814774646625772,
      9.138510298799735,
      3.4792768744664384
    ],
    "gravity_norm_mps2": 9.77843245841954,
    "equation_rmse": 0.0068860811619281355,
    "rank": 366,
    "unknowns": 366,
    "condition_number": 12.169274983547437
  },
  "inertial_position_rmse_regression_ratio": -0.025399242647022202,
  "maximum_inertial_position_rmse_regression_ratio": 0.01,
  "accelerometer_consistency": {
    "windows": 120,
    "gravity_mps2": [
      -0.0033385490492984227,
      9.13611384188638,
      3.485564994406224
    ],
    "gravity_norm_mps2": 9.778432932124028,
    "equation_rmse": 0.006888108857317302,
    "rank": 366,
    "unknowns": 366,
    "condition_number": 12.169274983547437
  },
  "failed_output_written_for_diagnostics": false,
  "output": "/home/robot/ego_vio_humble/reports/metric_window_bundle_20260928/seam_graph_full_ten_v1/independent/fresh4/trajectory_graph.csv",
  "scale_disagreement_policy": "diagnose",
  "blocking_failures": [],
  "tolerated_failures": [],
  "full_seam_pair_window_integration": {
    "schema": "mast3r_full_seam_pair_factor_manifest_v1",
    "metric_source": "stereo_window_full_seam_pair_v1",
    "mode": "independent",
    "case": "fresh4",
    "factor_count": 55,
    "pair_level_group_count": 29,
    "accepted_pair_groups": 27,
    "factors_sha256": "67bf09531e5423152018d0fd017910e5c772ad59174e37342cbfb46e74851ba6",
    "manifest": "/home/robot/ego_vio_humble/reports/metric_window_bundle_20260928/seam_graph_full_ten_v1/independent/fresh4/graph_fusion_report_full_seam_pair_factors.json",
    "fixed_penalty_m": 0.004,
    "fixed_penalty_role": "regularization_not_stochastic_sigma",
    "calibrated_covariance": false,
    "statistical_independence_claimed": false,
    "external_ground_truth_used": false,
    "experiment_status": "research_fixedcost_not_promoted"
  }
}
