{
  "schema": "umi_docker2_mast3r_complementary_v1",
  "result": "PASS",
  "slam_supervision": false,
  "external_ground_truth_used": false,
  "algorithm": "MASt3R long-term pose + Docker2 high-pass local metric motion",
  "inputs": {
    "mast3r_camera_trajectory": "/home/robot/ego_vio_humble/reports/metric_window_bundle_20260928/seam_graph_full_ten_v1/joint/fresh3/trajectory_graph.csv",
    "docker2_body_trajectory": "/home/robot/ego_vio_humble/reports/joint_scale_independent_four_20260927/take3/vins_input/vio_corrected_stream.csv",
    "body_camera_calibration": "/home/robot/umi_docker2_product_1.0.0-20260829/docker2_release/formal_runtime_calibration/vins_config.yaml"
  },
  "samples": 1143,
  "timestamp_overlap_s": 38.06471848487854,
  "scale": {
    "horizon_s": 1.0,
    "hop_samples": 30,
    "candidate_windows": 580,
    "robust_inliers": 528,
    "ratio_median": 1.0199960787008855,
    "ratio_p10": 0.9960073338344813,
    "ratio_p90": 1.0443986455444894,
    "ratio_mad": 0.01212498591180633,
    "docker2_to_mast3r_ratio": 1.0199960787008855,
    "stereo_reference_ratio": 1.0,
    "selected_joint_ratio": 1.0049619656992002,
    "relative_disagreement": 0.019798136156527105,
    "selection_policy": "weighted_log_mean_of_stereo_and_docker2",
    "docker2_scale_weight": 0.25,
    "automatic_selection": null
  },
  "fusion": {
    "smoothing_s": 8.0,
    "local_weight": 0.0,
    "adaptive_local_weight": false,
    "roughness_threshold_mm": 9.0,
    "adaptive_weight_strength": 0.45,
    "injection_limit_mm": null,
    "injection_clipped_frames": 0,
    "effective_local_weight_min": 0.0,
    "effective_local_weight_median": 0.0,
    "effective_local_weight_max": 0.0,
    "input_disagreement_p95_mm": 19.713688220098575,
    "injected_correction_median_mm": 0.0,
    "injected_correction_p95_mm": 0.0,
    "injected_correction_max_mm": 0.0,
    "alignment_rotation": [
      [
        0.9997425885025466,
        0.011671893673960376,
        0.019455683804287353
      ],
      [
        0.022458678495480888,
        -0.3874302475417084,
        -0.9216254179708846
      ],
      [
        -0.0032193934933870128,
        0.9218251299394229,
        -0.3875926538489867
      ]
    ],
    "alignment_translation_m": [
      0.013751002289337733,
      0.011412577911354228,
      -0.0252261199414522
    ]
  },
  "docker2_position_policy": {
    "source_report": "/home/robot/ego_vio_humble/reports/joint_scale_independent_four_20260927/take3/vins_input/run_acceptance.json",
    "source_result": "PASS",
    "source_failures": [],
    "local_translation_allowed": true,
    "policy": "accepted_run_local_translation_enabled"
  },
  "orientation_prior": null,
  "output_frame": "body_imu_origin",
  "output": "/home/robot/ego_vio_humble/reports/metric_window_bundle_20260928/seam_graph_full_ten_v1/joint/fresh3/trajectory_fused_unsmoothed.csv"
}
