/home/robot/ego_vio_humble/reports/joint_scale_independent_four_20260927/take4/fusion/baseline/mast3r/dataset
{'use_calib': False, 'single_thread': True, 'dataset': {'subsample': 1, 'img_downsample': 1, 'center_principle_point': True}, 'matching': {'max_iter': 10, 'lambda_init': 1e-08, 'convergence_thresh': 1e-06, 'dist_thresh': 0.1, 'radius': 3, 'dilation_max': 5}, 'tracking': {'min_match_frac': 0.05, 'max_iters': 50, 'C_conf': 0.0, 'Q_conf': 1.5, 'rel_error': 0.001, 'delta_norm': 0.001, 'huber': 1.345, 'match_frac_thresh': 0.333, 'sigma_ray': 0.003, 'sigma_dist': 10.0, 'sigma_pixel': 1.0, 'sigma_depth': 10.0, 'sigma_point': 0.05, 'pixel_border': -10, 'depth_eps': 1e-06, 'filtering_mode': 'weighted_pointmap', 'filtering_score': 'median', 'imu_rotation_prior': True, 'imu_rotation_constraint_weight': 0.6, 'imu_rotation_constraint_gate_deg': 0.5, 'stereo_pointmap_scale_prior': False, 'stereo_fix_pose_scale': False, 'stereo_pointmap_depth_anchor': False, 'stereo_preserve_keyframe_pointmap': False, 'stereo_keyframe_pnp': False, 'stereo_keyframe_pnp_min_points': 100, 'stereo_keyframe_pnp_min_inlier_ratio': 0.4, 'stereo_keyframe_pnp_reprojection_error_px': 2.0, 'stereo_keyframe_pnp_max_points': 5000, 'stereo_keyframe_pnp_lookback': 1, 'stereo_keyframe_pnp_max_visual_disagreement_m': 0.05, 'stereo_keyframe_pnp_max_visual_disagreement_deg': 5.0, 'stereo_keyframe_3d_translation_refine': False, 'stereo_keyframe_3d_min_points': 100, 'stereo_keyframe_3d_min_inlier_ratio': 0.3, 'stereo_keyframe_3d_max_residual_m': 0.02, 'stereo_scale_min_points': 500, 'stereo_scale_min_depth_m': 0.15, 'stereo_scale_max_depth_m': 0.65, 'stereo_scale_min_confidence': 1.5, 'stereo_scale_max_relative_jump': 0.25, 'stereo_depth_anchor_max_relative_residual': 0.5}, 'local_opt': {'pin': 1, 'window_size': 1000000.0, 'C_conf': 0.0, 'Q_conf': 1.5, 'min_match_frac': 0.1, 'pixel_border': -10, 'depth_eps': 1e-06, 'max_iters': 10, 'sigma_ray': 0.003, 'sigma_dist': 10.0, 'sigma_pixel': 1.0, 'sigma_depth': 10.0, 'sigma_point': 0.05, 'delta_norm': 1e-08, 'use_cuda': True}, 'retrieval': {'k': 3, 'min_thresh': 0.005, 'confirmation_frames': 2, 'confirmation_immediate_frame_gap': 150, 'confirmation_frame_id_radius': 60, 'density_window': 10, 'dense_min_keyframes': 10, 'dense_max_mean_frame_gap': 24}, 'reloc': {'min_match_frac': 0.3, 'strict': True}, 'inherit': 'config/base.yaml'}
Using calibrated IMU rotation priors for frame initialization
... loading model from /home/robot/ego_pipeline/work/toolchains/MASt3R-SLAM/checkpoints/MASt3R_ViTLarge_BaseDecoder_512_catmlpdpt_metric.pth
instantiating : AsymmetricMASt3R(enc_depth=24, dec_depth=12, enc_embed_dim=1024, dec_embed_dim=768, enc_num_heads=16, dec_num_heads=12, pos_embed='RoPE100',img_size=(512, 512), head_type='catmlp+dpt', output_mode='pts3d+desc24', depth_mode=('exp', -inf, inf), conf_mode=('exp', 1, inf), patch_embed_cls='PatchEmbedDust3R', two_confs=True, desc_conf_mode=('exp', 0, inf), landscape_only=False)
<All keys matched successfully>
Loading retrieval model from checkpoints/MASt3R_ViTLarge_BaseDecoder_512_catmlpdpt_metric_retrieval_trainingfree.pth
Loop confirmation mode 0 : sparse_exact mean_source_frame_gap= inf
Retrieval pending multi-frame confirmation 1 :  [0]
Retrieval pending multi-frame confirmation 2 :  [1]
Database retrieval 2 :  {0}
Retrieval pending multi-frame confirmation 3 :  [2]
Database retrieval 3 :  {0, 1}
Retrieval pending multi-frame confirmation 4 :  [3]
Database retrieval 4 :  {0}
Retrieval pending multi-frame confirmation 5 :  [4]
Database retrieval 5 :  {3}
Retrieval pending multi-frame confirmation 6 :  [5]
Database retrieval 6 :  {3, 4}
Retrieval pending multi-frame confirmation 7 :  [6]
Database retrieval 7 :  {4, 5}
Retrieval pending multi-frame confirmation 8 :  [7]
Database retrieval 8 :  {5, 6}
Retrieval pending multi-frame confirmation 9 :  [8]
Database retrieval 9 :  {5, 7}
Retrieval pending multi-frame confirmation 10 :  [9]
Database retrieval 10 :  {8, 5}
Retrieval pending multi-frame confirmation 11 :  [10]
Database retrieval 11 :  {8, 9}
Loop confirmation mode 12 : dense_scene_cluster mean_source_frame_gap= 15.9
Database retrieval 12 :  {9, 10}
Database retrieval 13 :  {9, 11, 4}
Database retrieval 14 :  {12, 4}
Database retrieval 15 :  {4, 13}
Database retrieval 16 :  {13, 14}
Database retrieval 17 :  {14, 15}
Database retrieval 18 :  {16, 15}
Database retrieval 19 :  {13, 14, 15}
Database retrieval 20 :  {13, 14}
Database retrieval 21 :  {19, 13}
Database retrieval 22 :  {19, 20}
Database retrieval 23 :  {20, 21}
Database retrieval 24 :  {21, 22}
Database retrieval 25 :  {22, 23}
Database retrieval 26 :  {24, 23}
Database retrieval 27 :  {24, 25}
Database retrieval 28 :  {25, 26}
Database retrieval 29 :  {26, 27}
Database retrieval 30 :  {27, 28}
Database retrieval 31 :  {28, 29}
Database retrieval 32 :  {23, 30}
Database retrieval 33 :  {30, 31}
Database retrieval 34 :  {32, 31}
Database retrieval 35 :  {32, 33}
Database retrieval 36 :  {33, 34}
Database retrieval 37 :  {34, 35}
Database retrieval 38 :  {35, 36}
Database retrieval 39 :  {36, 37}
Database retrieval 40 :  {30, 38}
Database retrieval 41 :  {38, 39}
Database retrieval 42 :  {40, 39}
Database retrieval 43 :  {34, 35, 36}
Database retrieval 44 :  {32, 33}
Database retrieval 45 :  {32, 30}
Database retrieval 46 :  {26, 29}
Database retrieval 47 :  {28, 30}
Database retrieval 48 :  {45, 46}
Database retrieval 49 :  {22, 47}
Database retrieval 50 :  {48, 47}
Database retrieval 51 :  {48, 49}
Database retrieval 52 :  {49, 50}
Database retrieval 53 :  {48, 50}
Database retrieval 54 :  {51, 52}
Database retrieval 55 :  {52, 53}
Database retrieval 56 :  {53, 54}
Database retrieval 57 :  {54, 55}
Database retrieval 58 :  {56, 55}
Database retrieval 59 :  {56, 55}
Database retrieval 60 :  {57, 58}
Database retrieval 61 :  {58, 59}
Database retrieval 62 :  {59, 60}
Database retrieval 63 :  {59, 60}
Database retrieval 64 :  {60, 61}
Database retrieval 65 :  {61, 62}
Database retrieval 66 :  {62, 63}
Database retrieval 67 :  {65, 63}
Database retrieval 68 :  {65, 66}
Database retrieval 69 :  {66, 67}
Database retrieval 70 :  {67, 68}
Database retrieval 71 :  {68, 69}
Database retrieval 72 :  {68, 70}
Database retrieval 73 :  {69, 71}
Database retrieval 74 :  {72, 71}
Database retrieval 75 :  {72, 73}
Database retrieval 76 :  {73, 74}
Database retrieval 77 :  {73, 74, 75}
Database retrieval 78 :  {74, 75}
Database retrieval 79 :  {74, 77}
Database retrieval 80 :  {77, 78}
Database retrieval 81 :  {78, 79}
Database retrieval 82 :  {80, 79}
Database retrieval 83 :  {80, 81}
Database retrieval 84 :  {81, 82}
Database retrieval 85 :  {82, 83}
Database retrieval 86 :  {83, 84}
Database retrieval 87 :  {84, 85}
Database retrieval 88 :  {85, 86}
Database retrieval 89 :  {86, 87}
Database retrieval 90 :  {88, 87}
Database retrieval 91 :  {88, 89}
Database retrieval 92 :  {89, 90}
Database retrieval 93 :  {90, 91}
Database retrieval 94 :  {91, 92}
Database retrieval 95 :  {92, 93}
Database retrieval 96 :  {93, 94}
Database retrieval 97 :  {94, 95}
Database retrieval 98 :  {96, 95}
Database retrieval 99 :  {96, 97}
Database retrieval 100 :  {97, 98}
Database retrieval 101 :  {98, 99}
Database retrieval 102 :  {96, 97}
Database retrieval 103 :  {92, 93}
Database retrieval 104 :  {91, 92}
Database retrieval 105 :  {81, 83, 84}
Retrieval pending multi-frame confirmation 106 :  [73, 74]
Database retrieval 106 :  {79}
STEREO_EDGE_DROP 1057 1074
Database retrieval 107 :  {72, 73}
Database retrieval 108 :  {72, 106}
STEREO_EDGE_DROP 1074 1095
STEREO_EDGE_DROP 1085 1095
Retrieval pending multi-frame confirmation 109 :  [18]
Database retrieval 109 :  {107}
STEREO_EDGE_DROP 1085 1110
Database retrieval 110 :  {18, 108}
Database retrieval 111 :  {18, 109}
FPS: 7.415128653647072
FPS: 7.8968267939456025
FPS: 8.0178062003952
FPS: 8.120410597626194
FPS: 8.104416791835256
FPS: 7.963082797992333
FPS: 8.051053033018542
FPS: 8.036562944669502
FPS: 8.013928241994797
FPS: 7.9150424115067946
FPS: 8.017403017724497
FPS: 8.000162678953604
FPS: 8.008640318916287
FPS: 7.981497360435727
FPS: 7.982615408831294
FPS: 7.92333223567894
FPS: 7.868518722589831
FPS: 7.865635964594854
FPS: 7.915056711191794
FPS: 7.863740196605629
FPS: 7.895367144908479
FPS: 7.885999463855627
FPS: 7.854283783375705
FPS: 7.814408295664446
FPS: 7.713383243973688
FPS: 7.642031883229045
FPS: 7.646010523463813
FPS: 7.624724784116345
FPS: 7.061306914555085
FPS: 6.6151841834878224
FPS: 6.5826438145171675
FPS: 6.604712064994984
FPS: 6.5910082367584035
FPS: 6.453659652796137
FPS: 6.111022101122755
FPS: 6.103821607514675
FPS: 6.083915020495034
FPS: 6.105155376246522
FPS: 6.147764420427585
done
[W928 23:04:58.711799949 CudaIPCTypes.cpp:16] Producer process has been terminated before all shared CUDA tensors released. See Note [Sharing CUDA tensors]
