{
  "schema": "umi_docker2_mast3r_complementary_v1",
  "result": "PASS",
  "slam_supervision": false,
  "external_ground_truth_used": false,
  "algorithm": "MASt3R long-term pose + Docker2 high-pass local metric motion",
  "inputs": {
    "mast3r_camera_trajectory": "/home/robot/ego_vio_humble/reports/metric_window_bundle_20260928/seam_graph_full_ten_v1/baseline/fresh3/trajectory_graph.csv",
    "docker2_body_trajectory": "/home/robot/ego_vio_humble/reports/joint_scale_independent_four_20260927/take3/vins_input/vio_corrected_stream.csv",
    "body_camera_calibration": "/home/robot/umi_docker2_product_1.0.0-20260829/docker2_release/formal_runtime_calibration/vins_config.yaml"
  },
  "samples": 1143,
  "timestamp_overlap_s": 38.06471848487854,
  "scale": {
    "horizon_s": 1.0,
    "hop_samples": 30,
    "candidate_windows": 580,
    "robust_inliers": 529,
    "ratio_median": 1.0204745435607165,
    "ratio_p10": 0.9964566350636784,
    "ratio_p90": 1.0487780020605615,
    "ratio_mad": 0.012117923190737012,
    "docker2_to_mast3r_ratio": 1.0204745435607165,
    "stereo_reference_ratio": 1.0,
    "selected_joint_ratio": 1.0050797981194286,
    "relative_disagreement": 0.020267064117159235,
    "selection_policy": "weighted_log_mean_of_stereo_and_docker2",
    "docker2_scale_weight": 0.25,
    "automatic_selection": null
  },
  "fusion": {
    "smoothing_s": 8.0,
    "local_weight": 0.0,
    "adaptive_local_weight": false,
    "roughness_threshold_mm": 9.0,
    "adaptive_weight_strength": 0.45,
    "injection_limit_mm": null,
    "injection_clipped_frames": 0,
    "effective_local_weight_min": 0.0,
    "effective_local_weight_median": 0.0,
    "effective_local_weight_max": 0.0,
    "input_disagreement_p95_mm": 19.641541671283818,
    "injected_correction_median_mm": 0.0,
    "injected_correction_p95_mm": 0.0,
    "injected_correction_max_mm": 0.0,
    "alignment_rotation": [
      [
        0.9997465216383064,
        0.011730385502914636,
        0.01921693336775046
      ],
      [
        0.022258139427612136,
        -0.3865793470334975,
        -0.9219875181781885
      ],
      [
        -0.0033863994638144157,
        0.9221815474748493,
        -0.38674245409001035
      ]
    ],
    "alignment_translation_m": [
      0.013753338042500382,
      0.011435133551027078,
      -0.02524734023900945
    ]
  },
  "docker2_position_policy": {
    "source_report": "/home/robot/ego_vio_humble/reports/joint_scale_independent_four_20260927/take3/vins_input/run_acceptance.json",
    "source_result": "PASS",
    "source_failures": [],
    "local_translation_allowed": true,
    "policy": "accepted_run_local_translation_enabled"
  },
  "orientation_prior": null,
  "output_frame": "body_imu_origin",
  "output": "/home/robot/ego_vio_humble/reports/metric_window_bundle_20260928/seam_graph_full_ten_v1/baseline/fresh3/trajectory_fused_unsmoothed.csv"
}
