{
  "schema": "umi_mast3r_fusion_input_quality_v1",
  "result": "PASS",
  "slam_supervision": false,
  "external_ground_truth_used": false,
  "reason": null,
  "stereo_edge_rmse_after_m": 0.0027525005672522063,
  "maximum_stereo_edge_rmse_m": 0.004,
  "input_disagreement_p95_m": 0.01964154167128382,
  "maximum_input_disagreement_p95_m": 0.025,
  "maximum_severe_input_disagreement_p95_m": 0.05,
  "metric_scale_relative_difference": 0.08795558441062608,
  "maximum_metric_scale_relative_difference": 0.12,
  "full_rate_imu_requested_correction_m": 0.008993378844087616,
  "maximum_full_rate_imu_requested_correction_m": 0.01,
  "position_branch_used": false,
  "position_branch_weight_max": 0.0,
  "primary_shape_independently_supported": true,
  "policy": "reject when a position branch used by the output is unobservable, when an isolated primary branch also has marginal stereo geometry, when D405/stereo and visual-inertial geometry both fail, or when stereo/IMU metric scale and full-rate inertial shape correction independently exceed their consistency limits",
  "inputs": {
    "graph_report": "/home/robot/ego_vio_humble/reports/metric_window_bundle_20260928/seam_graph_full_ten_v1/baseline/fresh3/graph_fusion_report.json",
    "fusion_report": "/home/robot/ego_vio_humble/reports/metric_window_bundle_20260928/seam_graph_full_ten_v1/baseline/fresh3/fusion_report.json"
  }
}
