/home/robot/ego_vio_humble/scripts/align_mast3r_scale_with_stereo.py:525: RuntimeWarning: invalid value encountered in cast
  right_x = np.rint(points[:, 0] - disparity).astype(int)
dev1 1 True ok 7.54
dev1 2 True ok 8.44
dev1 3 True ok 9.33
dev1 4 True ok 8.8
dev1 5 True ok 8.21
dev1 6 True ok 7.47
dev1 7 True ok 7.71
dev1 8 True ok 7.74
dev1 9 True ok 8.46
dev1 10 True ok 8.21
dev1 11 True ok 7.9
dev1 12 True ok 8.98
dev1 13 False solve_failed 9.26
dev1 14 True ok 7.01
dev1 15 True ok 7.12
dev1 16 True ok 7.43
dev1 17 True ok 11.72
dev1 18 False solve_failed 12.74
dev1 19 True ok 8.49
dev1 20 True ok 9.52
dev1 21 True ok 8.98
dev1 22 True ok 11.05
dev1 23 True ok 8.63
dev1 24 True ok 10.02
dev1 25 True ok 10.39
dev1 26 True ok 10.3
dev1 27 True ok 8.43
dev1 28 True ok 7.44
dev1 29 False solve_failed 10.5
dev2 1 True ok 8.91
dev2 2 True ok 8.73
dev2 3 True ok 7.64
dev2 4 True ok 7.75
dev2 5 True ok 8.58
dev2 6 True ok 8.15
dev2 7 True ok 7.82
dev2 8 True ok 7.66
dev2 9 True ok 7.41
dev2 10 True ok 9.3
dev2 11 False ValueError 3.15
dev2 12 True ok 9.75
dev2 13 True ok 7.6
dev2 14 True ok 9.09
dev2 15 True ok 9.79
dev2 16 True ok 8.82
dev2 17 True ok 8.01
dev2 18 False solve_failed 10.19
dev2 19 False ValueError 3.07
dev2 20 False solve_failed 11.87
dev2 21 True ok 8.36
dev2 22 True ok 8.72
dev2 23 True ok 10.54
dev2 24 True ok 8.3
dev2 25 True ok 9.18
dev2 26 True ok 12.42
dev2 27 True ok 8.08
dev2 28 True ok 9.46
dev2 29 False ValueError 3.12
heldout1 1 True ok 10.54
heldout1 2 True ok 7.86
heldout1 3 True ok 11.14
heldout1 4 True ok 8.07
heldout1 5 True ok 9.16
heldout1 6 True ok 9.18
heldout1 7 True ok 8.16
heldout1 8 True ok 8.47
heldout1 9 True ok 10.3
heldout1 10 True ok 7.52
heldout1 11 True ok 10.41
heldout1 12 True ok 7.86
heldout1 13 True ok 8.21
heldout1 14 True ok 7.82
heldout1 15 True ok 8.59
heldout1 16 True ok 12.89
heldout1 17 True ok 10.43
heldout1 18 False ValueError 3.13
heldout1 19 True ok 6.64
heldout1 20 True ok 10.32
heldout1 21 True ok 6.73
heldout1 22 True ok 6.71
heldout1 23 True ok 7.93
heldout1 24 True ok 8.65
heldout1 25 False solve_failed 11.74
heldout1 26 True ok 10.13
heldout1 27 False solve_failed 10.33
heldout1 28 True ok 8.73
heldout1 29 True ok 9.23
heldout2 1 True ok 8.2
heldout2 2 True ok 8.46
heldout2 3 True ok 7.54
heldout2 4 True ok 10.97
heldout2 5 True ok 9.71
heldout2 6 True ok 7.99
heldout2 7 True ok 8.4
heldout2 8 True ok 9.23
heldout2 9 True ok 8.09
heldout2 10 True ok 9.37
heldout2 11 True ok 8.27
heldout2 12 True ok 8.24
heldout2 13 True ok 7.76
heldout2 14 False insufficient_shared_training_geometry 6.37
heldout2 15 True ok 7.73
heldout2 16 True ok 8.59
heldout2 17 True ok 8.4
heldout2 18 True ok 8.41
heldout2 19 True ok 10.44
heldout2 20 True ok 9.33
heldout2 21 True ok 8.15
heldout2 22 True ok 8.02
heldout2 23 False solve_failed 9.97
heldout2 24 True ok 7.69
heldout2 25 True ok 7.44
heldout2 26 False insufficient_shared_training_geometry 6.18
heldout2 27 False solve_failed 10.07
heldout2 28 True ok 7.54
heldout2 29 True ok 8.1
heldout3 1 True ok 8.11
heldout3 2 True ok 7.54
heldout3 3 True ok 7.73
heldout3 4 True ok 8.16
heldout3 5 True ok 9.7
heldout3 6 True ok 11.72
heldout3 7 True ok 9.67
heldout3 8 True ok 7.79
heldout3 9 True ok 8.18
heldout3 10 True ok 9.79
heldout3 11 True ok 8.43
heldout3 12 False ValueError 3.12
heldout3 13 True ok 7.8
heldout3 14 True ok 11.22
heldout3 15 True ok 8.36
heldout3 16 True ok 8.47
heldout3 17 True ok 8.05
heldout3 18 False solve_failed 13.13
heldout3 19 True ok 8.44
heldout3 20 True ok 8.12
heldout3 21 True ok 8.25
heldout3 22 True ok 7.64
heldout3 23 True ok 7.52
heldout3 24 True ok 7.51
heldout3 25 True ok 7.24
heldout3 26 True ok 7.3
heldout3 27 True ok 7.41
heldout3 28 False solve_failed 13.48
heldout3 29 True ok 6.86
heldout4 1 True ok 7.8
heldout4 2 True ok 7.57
heldout4 3 True ok 7.52
heldout4 4 True ok 7.51
heldout4 5 True ok 7.55
heldout4 6 True ok 7.42
heldout4 7 True ok 7.63
heldout4 8 True ok 7.24
heldout4 9 True ok 7.49
heldout4 10 True ok 7.43
heldout4 11 True ok 9.77
heldout4 12 True ok 6.88
heldout4 13 True ok 7.11
heldout4 14 True ok 6.64
heldout4 15 False ValueError 3.05
heldout4 16 False ValueError 3.06
heldout4 17 True ok 7.51
heldout4 18 True ok 7.78
heldout4 19 True ok 7.3
heldout4 20 True ok 8.07
heldout4 21 False seam_observations_refused 6.42
heldout4 22 True ok 6.79
heldout4 23 True ok 9.81
heldout4 24 True ok 9.92
heldout4 25 True ok 9.62
heldout4 26 False solve_failed 10.44
heldout4 27 False solve_failed 10.58
heldout4 28 True ok 7.86
heldout4 29 True ok 7.22
fresh1 1 True ok 7.18
fresh1 2 True ok 7.28
fresh1 3 True ok 7.38
fresh1 4 True ok 7.84
fresh1 5 True ok 7.99
fresh1 6 True ok 8.17
fresh1 7 True ok 7.47
fresh1 8 True ok 7.39
fresh1 9 True ok 8.0
fresh1 10 True ok 7.91
fresh1 11 True ok 7.59
fresh1 12 True ok 7.51
fresh1 13 True ok 7.4
fresh1 14 True ok 7.9
fresh1 15 False ValueError 3.06
fresh1 16 True ok 7.36
fresh1 17 True ok 7.18
fresh1 18 True ok 6.94
fresh1 19 True ok 7.1
fresh1 20 True ok 8.09
fresh1 21 True ok 7.18
fresh1 22 False solve_failed 12.8
fresh1 23 True ok 11.58
fresh1 24 True ok 8.71
fresh1 25 False ValueError 3.05
fresh1 26 True ok 8.02
fresh1 27 True ok 7.81
fresh1 28 True ok 6.45
fresh1 29 True ok 6.71
fresh2 1 True ok 7.73
fresh2 2 True ok 8.68
fresh2 3 True ok 7.85
fresh2 4 True ok 10.01
fresh2 5 True ok 8.7
fresh2 6 True ok 8.31
fresh2 7 True ok 7.83
fresh2 8 True ok 7.22
fresh2 9 True ok 7.33
fresh2 10 True ok 7.88
fresh2 11 True ok 7.9
fresh2 12 True ok 7.23
fresh2 13 True ok 7.12
fresh2 14 False solve_failed 10.05
fresh2 15 True ok 9.34
fresh2 16 True ok 14.9
fresh2 17 False ValueError 3.1
fresh2 18 True ok 7.5
fresh2 19 True ok 7.52
fresh2 20 True ok 9.29
fresh2 21 True ok 7.91
fresh2 22 True ok 7.62
fresh2 23 True ok 8.0
fresh2 24 True ok 7.99
fresh2 25 True ok 7.48
fresh2 26 False ValueError 3.08
fresh2 27 True ok 8.11
fresh2 28 True ok 7.29
fresh2 29 True ok 7.35
fresh3 1 True ok 9.0
fresh3 2 True ok 7.64
fresh3 3 True ok 7.17
fresh3 4 True ok 7.58
fresh3 5 True ok 7.08
fresh3 6 True ok 7.24
fresh3 7 True ok 7.19
fresh3 8 True ok 7.16
fresh3 9 True ok 7.04
fresh3 10 True ok 6.98
fresh3 11 True ok 8.26
fresh3 12 True ok 7.22
fresh3 13 True ok 7.09
fresh3 14 True ok 7.42
fresh3 15 True ok 7.84
fresh3 16 True ok 7.13
fresh3 17 True ok 7.7
fresh3 18 True ok 8.11
fresh3 19 True ok 7.78
fresh3 20 True ok 7.53
fresh3 21 False ValueError 3.08
fresh3 22 True ok 6.92
fresh3 23 False solve_failed 10.11
fresh3 24 True ok 7.56
fresh3 25 True ok 7.39
fresh3 26 False ValueError 3.08
fresh3 27 False ValueError 3.09
fresh3 28 False ValueError 3.01
fresh3 29 False ValueError 3.01
fresh4 1 True ok 7.35
fresh4 2 True ok 7.14
fresh4 3 True ok 7.18
fresh4 4 True ok 7.3
fresh4 5 True ok 8.1
fresh4 6 True ok 7.45
fresh4 7 True ok 7.24
fresh4 8 True ok 7.19
fresh4 9 True ok 7.32
fresh4 10 True ok 7.4
fresh4 11 True ok 7.19
fresh4 12 True ok 9.79
fresh4 13 True ok 9.37
fresh4 14 True ok 8.28
fresh4 15 True ok 8.62
fresh4 16 True ok 7.5
fresh4 17 False solve_failed 13.45
fresh4 18 False ValueError 2.99
fresh4 19 True ok 6.46
fresh4 20 True ok 8.45
fresh4 21 True ok 6.51
fresh4 22 True ok 6.99
fresh4 23 True ok 6.6
fresh4 24 True ok 7.27
fresh4 25 True ok 7.43
fresh4 26 True ok 8.88
fresh4 27 True ok 7.85
fresh4 28 True ok 7.23
fresh4 29 True ok 8.2
