{
  "schema": "umi_docker2_mast3r_complementary_v1",
  "result": "PASS",
  "slam_supervision": false,
  "external_ground_truth_used": false,
  "algorithm": "MASt3R long-term pose + Docker2 high-pass local metric motion",
  "inputs": {
    "mast3r_camera_trajectory": "/home/robot/ego_vio_humble/reports/metric_window_bundle_20260928/seam_graph_full_ten_v1/baseline/fresh4/trajectory_graph.csv",
    "docker2_body_trajectory": "/home/robot/ego_vio_humble/reports/joint_scale_independent_four_20260927/take4/vins_input_retry1/vio_corrected_stream.csv",
    "body_camera_calibration": "/home/robot/umi_docker2_product_1.0.0-20260829/docker2_release/formal_runtime_calibration/vins_config.yaml"
  },
  "samples": 1142,
  "timestamp_overlap_s": 38.031853437423706,
  "scale": {
    "horizon_s": 1.0,
    "hop_samples": 30,
    "candidate_windows": 742,
    "robust_inliers": 713,
    "ratio_median": 1.013456351234421,
    "ratio_p10": 0.9838116055939599,
    "ratio_p90": 1.0468380833872706,
    "ratio_mad": 0.01874523267459749,
    "docker2_to_mast3r_ratio": 1.013456351234421,
    "stereo_reference_ratio": 1.0,
    "selected_joint_ratio": 1.0033472442088613,
    "relative_disagreement": 0.013366419615872102,
    "selection_policy": "weighted_log_mean_of_stereo_and_docker2",
    "docker2_scale_weight": 0.25,
    "automatic_selection": null
  },
  "fusion": {
    "smoothing_s": 8.0,
    "local_weight": 0.0,
    "adaptive_local_weight": false,
    "roughness_threshold_mm": 9.0,
    "adaptive_weight_strength": 0.45,
    "injection_limit_mm": null,
    "injection_clipped_frames": 0,
    "effective_local_weight_min": 0.0,
    "effective_local_weight_median": 0.0,
    "effective_local_weight_max": 0.0,
    "input_disagreement_p95_mm": 13.352185881736043,
    "injected_correction_median_mm": 0.0,
    "injected_correction_p95_mm": 0.0,
    "injected_correction_max_mm": 0.0,
    "alignment_rotation": [
      [
        0.9996434513343476,
        -0.021385464500231433,
        0.015988499381218768
      ],
      [
        0.006609876891172872,
        -0.3819579627721226,
        -0.924156060523575
      ],
      [
        0.02587044127643423,
        0.9239322359259252,
        -0.38168042088255427
      ]
    ],
    "alignment_translation_m": [
      0.006679868114152554,
      0.008601119344317173,
      -0.017370046954713267
    ]
  },
  "docker2_position_policy": {
    "source_report": "/home/robot/ego_vio_humble/reports/joint_scale_independent_four_20260927/take4/vins_input_retry1/run_acceptance.json",
    "source_result": "PASS",
    "source_failures": [],
    "local_translation_allowed": true,
    "policy": "accepted_run_local_translation_enabled"
  },
  "orientation_prior": null,
  "output_frame": "body_imu_origin",
  "output": "/home/robot/ego_vio_humble/reports/metric_window_bundle_20260928/seam_graph_full_ten_v1/baseline/fresh4/trajectory_fused_unsmoothed.csv"
}
